
  ___  ____  ____  ____  ____ ®
 /__    /   ____/   /   ____/      StataNow 19.5
___/   /   /___/   /   /___/       MP—Parallel Edition

 Statistics and Data Science       Copyright 1985-2025 StataCorp LLC
                                   StataCorp
                                   4905 Lakeway Drive
                                   College Station, Texas 77845 USA
                                   800-782-8272        https://www.stata.com
                                   979-696-4600        service@stata.com

Stata license: Unlimited-user 2-core network, expiring  8 Jun 2027
Serial number: 501909302568
  Licensed to: wiktorze
               Sciences Po

Notes:
      1. Stata is running in batch mode.
      2. Unicode is supported; see help unicode_advice.
      3. More than 2 billion observations are allowed; see help obs_advice.
      4. Maximum number of variables is set to 5,000 but can be increased;
          see help set_maxvar.

. do analysis/Binscatter_Figures.do 

. * ---------------------------------------------------------------------------
. * Binscatter_Figures.do
. *
. * §4.2 "Under the Hood of the Quasi-Difference" binscatters:
. *   fig:binscatter_du  -> DiffWks.pdf  (paper: figures/Binscatter/DiffWks.pdf
> )
. *   fig:binscatter_qdu -> QDWks.pdf    (paper: figures/Binscatter/QDWks.pdf)
. *
. * DiffWks shows raw differenced unemployment -- contemporaneous
. * (diff_logunemp_rate_laus) and one-quarter-ahead (f1_logunemp_rate_laus) --
. * against the benefit difference, illustrating that current benefits predict
. * both current and future unemployment. QDWks shows the quasi-differenced
. * unemployment (qdk1_logunemp_rate_laus) against the same benefit difference,
. * which collapses the forward-looking relationship into a single clean slope.
. *
. * They are drawn with an explicit twoway rather than the `binscatter` command
. * because binscatter only exposes lcolor() on its fit lines (no line width or
. * pattern). The binning replicates binscatter exactly -- 20
. * `xtile` quantile bins of the x-variable over the common non-missing sample,
. * plotting per-bin means, with an OLS fit line -- then style:
. *   - fit lines twice as thick (lwidth(thick));
. *   - QDWks markers AND fit line the same navy (so it reads in one colour);
. *   - DiffWks "Lagged Benefits" fit line dashed so it survives B&W printing.
. * All series are already border-pair differences, so no FE absorption is
. * needed. Sample: 2005-2012, matching Check_UFU.do and the estimation window.
. *
. * Outputs are written with bare basenames directly into output/figures/ per t
> he
. * flat-folder submission convention; the paper \includegraphics path should
. * become \includegraphics{DiffWks.pdf} / {QDWks.pdf} (drop figures/Binscatter
> /).
. * ---------------------------------------------------------------------------
. 
. do "config.do"

. * ===========================================================================
. * config.do  --  single path configuration for the replication archive.
. *
. * HOW TO RUN: from a Stata session whose working directory is `code/`, first
. *     do "config.do"
. * then run any pipeline script (also from `code/`), e.g. `do build/UIMacro_Bu
> ildData.do`.
. * Each pipeline script re-runs this file itself, so you can also run them dir
> ectly
. * from `code/`. EDIT THE ONE LINE below to this archive's location on your ma
> chine.
. * ===========================================================================
. 
. global root "/Users/mac/JPE-replications/JPE-Mitman-2016256/replication-packa
> ge/replication-package"          //  <-- EDIT: path to this archive

. 
. * --- derived locations (do not edit) ---
. global code          "${root}/code"

. global rawdata       "${root}/data/raw"

. global processed     "${root}/data/processed"

. global output        "${root}/output"

. global tables        "${output}/tables"

. global figures       "${output}/figures"

. global factor_csv    "${output}/factor_results"      // analysis/Matlab resul
> t CSVs (make_tables reads)

. global factor_inputs "${output}/factor_inputs"       // per-pair QBLS handoff
>  (regenerated by exporters)

. global synthetic     "${root}/synthetic-data"

. 
. * --- analysis convenience: cd "${maindirectory}"; use "${CurrentData}" / "${
> DataControls}.dta" ---
. global maindirectory "${processed}/"

. global CurrentData   "UIMacro_RevisionData.dta"

. global DataControls  "UIMacro_DataControls"

. global Wages         "ProcessedWages.dta"

. global outdirectory  "${factor_inputs}/"             // exporters write QBLS 
> here

. global latexdir      "${factor_csv}/"                // analysis/Matlab resul
> t CSVs (make_tables reads)

. 
. * --- vacancy data switch ---------------------------------------------------
. * vacfile/statefile are the two PROVIDED synthetic stand-ins for the propriet
> ary HWOL
. * inputs (synthetic-data/; the confidential HWOL data are NOT in this archive
> ). To reproduce the PUBLISHED (HWOL)
. * vacancy numbers, the Data Editor replaces these two files with the licensed
>  Conference
. * Board HWOL data and re-runs. See code/build/SYNTHETIC_VACANCY_PATH.md.
. global vacfile      "${synthetic}/new_vac_synthetic.dta"

. global statefile    "${synthetic}/StateMonthlyBorderData_synthetic.dta"

. * ImputedDataBorder is a BUILT intermediate, NOT shipped: the replicator gene
> rates it by
. * running the imputation (analysis/Impute_Input.do -> matlab/Run_Impute_Borde
> r.m ->
. * analysis/Impute_to_Stata.do) on ${vacfile}; it lands in data/processed/ (sy
> nthetic by
. * default, the real version if the Data Editor swaps in HWOL).
. global ImputedFile  "${processed}/ImputedDataBorder.dta"

. 
. * --- figure styling: the published figures were drawn under the classic
. * s2color scheme; Stata 18+ defaults to stcolor, which changes gridlines,
. * markers, and legend styling. Pin the scheme so regenerated figures match.
. cap set scheme s2color

. 
. * ensure the built-output folders exist (the archive ships them empty / absen
> t)
. cap mkdir "${processed}"

. cap mkdir "${output}"

. cap mkdir "${tables}"

. cap mkdir "${figures}"

. cap mkdir "${factor_csv}"

. cap mkdir "${factor_inputs}"

. 
. local ssc_packages "reghdfe binscatter regife outreg2 ftools coefplot tuples 
> hdfe mat2txt ivreg2 ranktest"

. if !missing("`ssc_packages'") { 
.         foreach pkg in `ssc_packages' {
  2.                 capture which `pkg' 
  3.                 if _rc == 111 {
  4.                         dis "Installing `pkg'"
  5.                         ssc install `pkg', replace
  6.                         }
  7.                 which `pkg' 
  8.                 }
/Users/mac/Library/Application Support/Stata/ado/plus/r/reghdfe.ado
*! version 6.13.1 10Jan2026
/Users/mac/Library/Application Support/Stata/ado/plus/b/binscatter.ado
*! version 7.02  24nov2013  Michael Stepner, stepner@mit.edu
/Users/mac/Library/Application Support/Stata/ado/plus/r/regife.ado
/Users/mac/Library/Application Support/Stata/ado/plus/o/outreg2.ado
*! outreg2 2.3.2  17aug2014 by roywada@hotmail.com
*! based on outreg 3.0.6/4.0.0 by john_gallup@alum.swarthmore.edu
/Users/mac/Library/Application Support/Stata/ado/plus/f/ftools.ado
*! version 2.50.0 09jan2026
/Users/mac/Library/Application Support/Stata/ado/plus/c/coefplot.ado
*! version 1.8.6  22feb2023  Ben Jann
/Users/mac/Library/Application Support/Stata/ado/plus/t/tuples.ado
*! version 4.3.0  25sep2025
/Users/mac/Library/Application Support/Stata/ado/plus/h/hdfe.ado
*! reghdfe 3.2.9 21feb2016
*! Sergio Correia (sergio.correia@duke.edu)
/Users/mac/Library/Application Support/Stata/ado/plus/m/mat2txt.ado
*! 1.1.2 Ben Jann 24 Nov 2004
*! 1.1.1 M Blasnik 18 Feb 2004
/Users/mac/Library/Application Support/Stata/ado/plus/i/ivreg2.ado
*! ivreg2 4.1.12  14aug2024
*! authors cfb & mes
*! see end of file for version comments
/Users/mac/Library/Application Support/Stata/ado/plus/r/ranktest.ado
*! ranktest 2.0.04  21sept2020
*! authors mes & fw; KP stat based on code by fk
*! see end of file for version comments
. }

. 
end of do-file

. global CodeDirec ="${code}/analysis/"

. global DataControls "UIMacro_DataControls"

. global maindirectory "${processed}/"

. global latexdir "${factor_csv}/"

. 
. set more off, perm
(set more preference recorded)

. cap log close

. 
. 
. * ========================== Panel (a): DiffWks ==========================
. cd "${maindirectory}"
/Users/mac/JPE-replications/JPE-Mitman-2016256/replication-package/replication-
> package/data/processed

. use ${DataControls}, clear

. 
. * Common binscatter sample: all three variables non-missing, 2005-2012.
. gen byte touse = inrange(year,2005,2012) ///
>     & !missing(diff_logmeanwks, diff_logunemp_rate_laus, f1_logunemp_rate_lau
> s)

. 
. * 20 quantile bins of the x-variable (matches binscatter's default).
. xtile xbin = diff_logmeanwks if touse, nq(20)

. bysort xbin: egen xbar  = mean(diff_logmeanwks)         if !missing(xbin)
(79,704 missing values generated)

. bysort xbin: egen y1bar = mean(diff_logunemp_rate_laus) if !missing(xbin)
(79,704 missing values generated)

. bysort xbin: egen y2bar = mean(f1_logunemp_rate_laus)   if !missing(xbin)
(79,704 missing values generated)

. bysort xbin: gen byte binpt = (_n==1) if !missing(xbin)
(79,704 missing values generated)

. 
. * Clip the fit lines to the span of the binned points (binscatter convention)
> .
. summarize xbar if binpt

    Variable |        Obs        Mean    Std. dev.       Min        Max
-------------+---------------------------------------------------------
        xbar |          9     .054879    .2090077  -.2740432   .4144864

. local lo = r(min)

. local hi = r(max)

. 
. twoway (scatter y1bar xbar if binpt, mcolor(navy)   msymbol(O)) ///
>        (scatter y2bar xbar if binpt, mcolor(maroon) msymbol(O)) ///
>        (lfit diff_logunemp_rate_laus diff_logmeanwks if touse, ///
>             range(`lo' `hi') lcolor(navy)   lwidth(thick)) ///
>        (lfit f1_logunemp_rate_laus   diff_logmeanwks if touse, ///
>             range(`lo' `hi') lcolor(maroon) lwidth(thick) lpattern(dash)), //
> /
>        graphregion(fcolor(white)) xtitle(Difference in Weeks) ///
>        ytitle(Difference in Unemployment) ///
>        legend(order(1 "Contemporaneous Benefits" 2 "Lagged Benefits") ///
>               bplace(nwest) ring(0))

. graph export "${figures}/DiffWks.pdf", replace
file
    /Users/mac/JPE-replications/JPE-Mitman-2016256/replication-package/replic
    > ation-package/output/figures/DiffWks.pdf saved as PDF format

. 
. 
. * ========================== Panel (b): QDWks ===========================
. use ${DataControls}, clear

. 
. gen byte touse = inrange(year,2005,2012) ///
>     & !missing(diff_logmeanwks, qdk1_logunemp_rate_laus)

. 
. xtile xbin = diff_logmeanwks if touse, nq(20)

. bysort xbin: egen xbar = mean(diff_logmeanwks)          if !missing(xbin)
(79,704 missing values generated)

. bysort xbin: egen ybar = mean(qdk1_logunemp_rate_laus)  if !missing(xbin)
(79,704 missing values generated)

. bysort xbin: gen byte binpt = (_n==1) if !missing(xbin)
(79,704 missing values generated)

. 
. summarize xbar if binpt

    Variable |        Obs        Mean    Std. dev.       Min        Max
-------------+---------------------------------------------------------
        xbar |          9     .054879    .2090077  -.2740432   .4144864

. local lo = r(min)

. local hi = r(max)

. 
. * Markers and fit line both navy (one colour, per request).
. twoway (scatter ybar xbar if binpt, mcolor(navy) msymbol(O)) ///
>        (lfit qdk1_logunemp_rate_laus diff_logmeanwks if touse, ///
>             range(`lo' `hi') lcolor(navy) lwidth(thick)), ///
>        graphregion(fcolor(white)) xtitle(Difference in Weeks) ///
>        ytitle(Difference in Quasi-Differenced Unemployment) ///
>        legend(off)

. graph export "${figures}/QDWks.pdf", replace
file
    /Users/mac/JPE-replications/JPE-Mitman-2016256/replication-package/replic
    > ation-package/output/figures/QDWks.pdf saved as PDF format

. 
. cd "${CodeDirec}"
/Users/mac/JPE-replications/JPE-Mitman-2016256/replication-package/replication-
> package/code/analysis

. 
end of do-file
