
  ___  ____  ____  ____  ____ ®
 /__    /   ____/   /   ____/      StataNow 19.5
___/   /   /___/   /   /___/       MP—Parallel Edition

 Statistics and Data Science       Copyright 1985-2025 StataCorp LLC
                                   StataCorp
                                   4905 Lakeway Drive
                                   College Station, Texas 77845 USA
                                   800-782-8272        https://www.stata.com
                                   979-696-4600        service@stata.com

Stata license: Unlimited-user 2-core network, expiring  8 Jun 2027
Serial number: 501909302568
  Licensed to: wiktorze
               Sciences Po

Notes:
      1. Stata is running in batch mode.
      2. Unicode is supported; see help unicode_advice.
      3. More than 2 billion observations are allowed; see help obs_advice.
      4. Maximum number of variables is set to 5,000 but can be increased;
          see help set_maxvar.

. do analysis/Check_UFU.do 

. // Reproduces the §4.2 "Under the Hood of the Quasi-Difference" inline
. // coefficients (paper text mentions 0.418 and 0.406). The methodology:
. //   1. Run regife on qdk1_logunemp ~ diff_logmeanwks with 2 factors
. //      (i.e., Bench Col 1) and save the time factors (fq1, fq2) and
. //      pair loadings (fid1, fid2) as variables on the panel.
. //   2. With those factors held fixed, run two follow-up OLS regressions
. //      where the pair-specific loadings are re-estimated as absorbed
. //      pair-x-factor interactions:
. //          reghdfe LHS diff_logmeanwks, abs(c.fq1#i.id c.fq2#i.id) cluster(b
> ordersegment)
. //      for LHS = diff_logunemp_rate_laus (current period u_t) and
. //      LHS = f1_logunemp_rate_laus (lead u_{t+1}).
. //
. 
. do "config.do"

. * ===========================================================================
. * config.do  --  single path configuration for the replication archive.
. *
. * HOW TO RUN: from a Stata session whose working directory is `code/`, first
. *     do "config.do"
. * then run any pipeline script (also from `code/`), e.g. `do build/UIMacro_Bu
> ildData.do`.
. * Each pipeline script re-runs this file itself, so you can also run them dir
> ectly
. * from `code/`. EDIT THE ONE LINE below to this archive's location on your ma
> chine.
. * ===========================================================================
. 
. global root "/Users/mac/JPE-replications/JPE-Mitman-2016256/replication-packa
> ge/replication-package"          //  <-- EDIT: path to this archive

. 
. * --- derived locations (do not edit) ---
. global code          "${root}/code"

. global rawdata       "${root}/data/raw"

. global processed     "${root}/data/processed"

. global output        "${root}/output"

. global tables        "${output}/tables"

. global figures       "${output}/figures"

. global factor_csv    "${output}/factor_results"      // analysis/Matlab resul
> t CSVs (make_tables reads)

. global factor_inputs "${output}/factor_inputs"       // per-pair QBLS handoff
>  (regenerated by exporters)

. global synthetic     "${root}/synthetic-data"

. 
. * --- analysis convenience: cd "${maindirectory}"; use "${CurrentData}" / "${
> DataControls}.dta" ---
. global maindirectory "${processed}/"

. global CurrentData   "UIMacro_RevisionData.dta"

. global DataControls  "UIMacro_DataControls"

. global Wages         "ProcessedWages.dta"

. global outdirectory  "${factor_inputs}/"             // exporters write QBLS 
> here

. global latexdir      "${factor_csv}/"                // analysis/Matlab resul
> t CSVs (make_tables reads)

. 
. * --- vacancy data switch ---------------------------------------------------
. * vacfile/statefile are the two PROVIDED synthetic stand-ins for the propriet
> ary HWOL
. * inputs (synthetic-data/; the confidential HWOL data are NOT in this archive
> ). To reproduce the PUBLISHED (HWOL)
. * vacancy numbers, the Data Editor replaces these two files with the licensed
>  Conference
. * Board HWOL data and re-runs. See code/build/SYNTHETIC_VACANCY_PATH.md.
. global vacfile      "${synthetic}/new_vac_synthetic.dta"

. global statefile    "${synthetic}/StateMonthlyBorderData_synthetic.dta"

. * ImputedDataBorder is a BUILT intermediate, NOT shipped: the replicator gene
> rates it by
. * running the imputation (analysis/Impute_Input.do -> matlab/Run_Impute_Borde
> r.m ->
. * analysis/Impute_to_Stata.do) on ${vacfile}; it lands in data/processed/ (sy
> nthetic by
. * default, the real version if the Data Editor swaps in HWOL).
. global ImputedFile  "${processed}/ImputedDataBorder.dta"

. 
. * --- figure styling: the published figures were drawn under the classic
. * s2color scheme; Stata 18+ defaults to stcolor, which changes gridlines,
. * markers, and legend styling. Pin the scheme so regenerated figures match.
. cap set scheme s2color

. 
. * ensure the built-output folders exist (the archive ships them empty / absen
> t)
. cap mkdir "${processed}"

. cap mkdir "${output}"

. cap mkdir "${tables}"

. cap mkdir "${figures}"

. cap mkdir "${factor_csv}"

. cap mkdir "${factor_inputs}"

. 
. local ssc_packages "reghdfe binscatter regife outreg2 ftools coefplot tuples 
> hdfe mat2txt ivreg2 ranktest"

. if !missing("`ssc_packages'") { 
.         foreach pkg in `ssc_packages' {
  2.                 capture which `pkg' 
  3.                 if _rc == 111 {
  4.                         dis "Installing `pkg'"
  5.                         ssc install `pkg', replace
  6.                         }
  7.                 which `pkg' 
  8.                 }
/Users/mac/Library/Application Support/Stata/ado/plus/r/reghdfe.ado
*! version 6.13.1 10Jan2026
/Users/mac/Library/Application Support/Stata/ado/plus/b/binscatter.ado
*! version 7.02  24nov2013  Michael Stepner, stepner@mit.edu
/Users/mac/Library/Application Support/Stata/ado/plus/r/regife.ado
/Users/mac/Library/Application Support/Stata/ado/plus/o/outreg2.ado
*! outreg2 2.3.2  17aug2014 by roywada@hotmail.com
*! based on outreg 3.0.6/4.0.0 by john_gallup@alum.swarthmore.edu
/Users/mac/Library/Application Support/Stata/ado/plus/f/ftools.ado
*! version 2.50.0 09jan2026
/Users/mac/Library/Application Support/Stata/ado/plus/c/coefplot.ado
*! version 1.8.6  22feb2023  Ben Jann
/Users/mac/Library/Application Support/Stata/ado/plus/t/tuples.ado
*! version 4.3.0  25sep2025
/Users/mac/Library/Application Support/Stata/ado/plus/h/hdfe.ado
*! reghdfe 3.2.9 21feb2016
*! Sergio Correia (sergio.correia@duke.edu)
/Users/mac/Library/Application Support/Stata/ado/plus/m/mat2txt.ado
*! 1.1.2 Ben Jann 24 Nov 2004
*! 1.1.1 M Blasnik 18 Feb 2004
/Users/mac/Library/Application Support/Stata/ado/plus/i/ivreg2.ado
*! ivreg2 4.1.12  14aug2024
*! authors cfb & mes
*! see end of file for version comments
/Users/mac/Library/Application Support/Stata/ado/plus/r/ranktest.ado
*! ranktest 2.0.04  21sept2020
*! authors mes & fw; KP stat based on code by fk
*! see end of file for version comments
. }

. 
end of do-file

. global CodeDirec ="${code}/analysis/"

. global DataControls "UIMacro_DataControls"

. global maindirectory "${processed}/"

. global latexdir "${factor_csv}/"

. 
. cd ${maindirectory}
/Users/mac/JPE-replications/JPE-Mitman-2016256/replication-package/replication-
> package/data/processed

. use ${DataControls}, clear

. 
. xtset id quarter_index

Panel variable: id (strongly balanced)
 Time variable: quarter_index, -59 to 40
         Delta: 1 unit

. 
. capture drop fid* fq* fac1 fac2

. 
. // Step 1: Bench Col 1 IFE; save factors fq1/fq2 and loadings fid1/fid2.
. regife qdk1_logunemp_rate_laus diff_logmeanwks if inrange(year,2005,2012), //
> /
>     f(fid=id fq=quarter_index,2) noconst
The option factors() was renamed to ife(). In the future, please use the syntax
>  ife(fid=id fq=quarter_index,2) to specify the factor model.

REGIFE                                            Number of obs   =      37496
Panel structure: id, quarter_index                F(   1,  35087) =     185.25
Factor dimension: 2                               Prob > F        =     0.0000
Converged: true                                   Root MSE        =     0.1009
                                                  Iterations      =          6
------------------------------------------------------------------------------
qdk1_~e_laus | Coefficient  Std. err.      t    P>|t|     [95% conf. interval]
-------------+----------------------------------------------------------------
diff_logme~s |   .0531786   .0039071    13.61   0.000     .0455205    .0608367
------------------------------------------------------------------------------

. 
. // Optional: an additive-controls variant, kept as a cross-check (not the
. // spec used for the published numbers).
. gen fac1=fid1*fq1
(79,704 missing values generated)

. gen fac2=fid2*fq2
(79,704 missing values generated)

. reg diff_logunemp_rate_laus diff_logmeanwks fac1 fac2 if inrange(year,2005,20
> 12), noconst

      Source |       SS           df       MS      Number of obs   =    37,496
-------------+----------------------------------   F(3, 37493)     =    792.51
       Model |  226.836359         3  75.6121195   Prob > F        =    0.0000
    Residual |  3577.13197    37,493  .095407995   R-squared       =    0.0596
-------------+----------------------------------   Adj R-squared   =    0.0596
       Total |  3803.96833    37,496  .101449977   Root MSE        =    .30888

------------------------------------------------------------------------------
diff_~e_laus | Coefficient  Std. err.      t    P>|t|     [95% conf. interval]
-------------+----------------------------------------------------------------
diff_logme~s |   .4173187   .0117327    35.57   0.000     .3943222    .4403152
        fac1 |   .6083112    .021518    28.27   0.000     .5661353    .6504871
        fac2 |   .5563666   .0318701    17.46   0.000     .4939004    .6188328
------------------------------------------------------------------------------

. reg f1_logunemp_rate_laus   diff_logmeanwks fac1 fac2 if inrange(year,2005,20
> 12), noconst

      Source |       SS           df       MS      Number of obs   =    37,496
-------------+----------------------------------   F(3, 37493)     =    609.49
       Model |  176.774778         3  58.9249261   Prob > F        =    0.0000
    Residual |  3624.81713    37,493  .096679837   R-squared       =    0.0465
-------------+----------------------------------   Adj R-squared   =    0.0464
       Total |  3801.59191    37,496  .101386599   Root MSE        =    .31093

------------------------------------------------------------------------------
f1_lo~e_laus | Coefficient  Std. err.      t    P>|t|     [95% conf. interval]
-------------+----------------------------------------------------------------
diff_logme~s |   .4053437   .0118107    34.32   0.000     .3821944    .4284929
        fac1 |  -.4410731    .021661   -20.36   0.000    -.4835291    -.398617
        fac2 |  -.4995464   .0320818   -15.57   0.000    -.5624277   -.4366652
------------------------------------------------------------------------------

. 
. // Step 2: factors-fixed, loadings-re-estimated decomposition with
. // clustered SE.  These are the regressions that produce the published
. // 0.418 and 0.406 numbers in §4.2.
. matrix check_ufu = J(2, 4, .)

. 
. reghdfe diff_logunemp_rate_laus diff_logmeanwks if inrange(year,2005,2012), /
> //
>     abs(c.fq1#i.id c.fq2#i.id) cluster(bordersegment)
(MWFE estimator converged in 3 iterations)

HDFE Linear regression                            Number of obs   =     37,496
Absorbing 2 HDFE groups                           F(   1,    106) =      37.60
Statistics robust to heteroskedasticity           Prob > F        =     0.0000
                                                  R-squared       =     0.0684
                                                  Adj R-squared   =     0.0062
                                                  Within R-sq.    =     0.0328
Number of clusters (bordersegment) =        107   Root MSE        =     0.3175

                        (Std. err. adjusted for 107 clusters in bordersegment)
------------------------------------------------------------------------------
             |               Robust
diff_~e_laus | Coefficient  std. err.      t    P>|t|     [95% conf. interval]
-------------+----------------------------------------------------------------
diff_logme~s |   .4181757   .0681963     6.13   0.000     .2829699    .5533815
------------------------------------------------------------------------------

Absorbed degrees of freedom:
-----------------------------------------------------+
 Absorbed FE | Categories  - Redundant  = Num. Coefs |
-------------+---------------------------------------|
    id#c.fq1 |      1172           0        1172    ?|
    id#c.fq2 |      1172           0        1172    ?|
-----------------------------------------------------+
? = number of redundant parameters may be higher

. scalar p_diff = ttail(e(df_r), abs(_b[diff_logmeanwks]/_se[diff_logmeanwks]))

. matrix check_ufu[1,1] = _b[diff_logmeanwks]

. matrix check_ufu[1,2] = _se[diff_logmeanwks]

. matrix check_ufu[1,3] = p_diff

. matrix check_ufu[1,4] = e(N)

. 
. reghdfe f1_logunemp_rate_laus diff_logmeanwks if inrange(year,2005,2012), ///
>     abs(c.fq1#i.id c.fq2#i.id) cluster(bordersegment)
(MWFE estimator converged in 3 iterations)

HDFE Linear regression                            Number of obs   =     37,496
Absorbing 2 HDFE groups                           F(   1,    106) =      32.87
Statistics robust to heteroskedasticity           Prob > F        =     0.0000
                                                  R-squared       =     0.0577
                                                  Adj R-squared   =    -0.0051
                                                  Within R-sq.    =     0.0307
Number of clusters (bordersegment) =        107   Root MSE        =     0.3192

                        (Std. err. adjusted for 107 clusters in bordersegment)
------------------------------------------------------------------------------
             |               Robust
f1_lo~e_laus | Coefficient  std. err.      t    P>|t|     [95% conf. interval]
-------------+----------------------------------------------------------------
diff_logme~s |   .4062529   .0708569     5.73   0.000     .2657722    .5467336
------------------------------------------------------------------------------

Absorbed degrees of freedom:
-----------------------------------------------------+
 Absorbed FE | Categories  - Redundant  = Num. Coefs |
-------------+---------------------------------------|
    id#c.fq1 |      1172           0        1172    ?|
    id#c.fq2 |      1172           0        1172    ?|
-----------------------------------------------------+
? = number of redundant parameters may be higher

. scalar p_lead = ttail(e(df_r), abs(_b[diff_logmeanwks]/_se[diff_logmeanwks]))

. matrix check_ufu[2,1] = _b[diff_logmeanwks]

. matrix check_ufu[2,2] = _se[diff_logmeanwks]

. matrix check_ufu[2,3] = p_lead

. matrix check_ufu[2,4] = e(N)

. 
. // Layout per row: [coef, se, one-sided p, N]; row 1 = u_t, row 2 = u_{t+1}.
. // One-sided (directional) p matches the paper's standing convention; the
. // values are ~1e-8 so the conclusion is unaffected by the choice.
. preserve

. clear

. svmat check_ufu
number of observations will be reset to 2
Press any key to continue, or Break to abort
Number of observations (_N) was 0, now 2.

. qui outsheet using "${latexdir}Check_UFU.csv", comma nonames replace

. restore

. 
end of do-file
