
  ___  ____  ____  ____  ____ ®
 /__    /   ____/   /   ____/      StataNow 19.5
___/   /   /___/   /   /___/       MP—Parallel Edition

 Statistics and Data Science       Copyright 1985-2025 StataCorp LLC
                                   StataCorp
                                   4905 Lakeway Drive
                                   College Station, Texas 77845 USA
                                   800-782-8272        https://www.stata.com
                                   979-696-4600        service@stata.com

Stata license: Unlimited-user 2-core network, expiring  8 Jun 2027
Serial number: 501909302568
  Licensed to: wiktorze
               Sciences Po

Notes:
      1. Stata is running in batch mode.
      2. Unicode is supported; see help unicode_advice.
      3. More than 2 billion observations are allowed; see help obs_advice.
      4. Maximum number of variables is set to 5,000 but can be increased;
          see help set_maxvar.

. do analysis/Endog_Bartik.do 

. * ---------------------------------------------------------------------------
. * Endog_Bartik.do  ->  output/factor_results/Endog_Bartik_real.csv
. *
. * Appendix §app:endogeneity_test_unemp (eq:endogenousFE_Bartik, ~L2161-2165),
>  REAL
. * sample. Second implementation of the Section-\ref{sec:endogeneity_test} end
> ogeneity
. * test: add the difference in the CHANGE in state unemployment -- instrumente
> d with
. * Bartik shocks -- as a second regressor (chi) alongside benefit weeks (alpha
> ) in the
. * additive-FE (pair fixed effects) specification. A near-zero, insignificant 
> chi means
. * the benchmark estimate of alpha is not contaminated by state-level conditio
> ns.
. * Paper: chi (instrumented state unemployment) = -0.073, p-value 0.78; alpha 
> (benefits)
. * size/significance unaffected.
. *
. * did_stateu = time-diff of the cross-pair difference in log state unemployme
> nt
. *              (a difference-in-differences of state unemployment, the endoge
> nous Z).
. * did_bartik = time-diff of the cross-pair difference in the Bartik state sho
> ck
. *              (the excluded instrument). Both built on the fly; diff_logxsta
> te_unemp
. *              and diff_bartik_state are already in DataControls.
. *
. * Inference: residual cluster bootstrap over border segments (200 reps), hold
> ing the
. * design fixed and resampling the FE-IV residuals by cluster (as in the origi
> nal). The
. * reported p is the NORMAL-based TWO-SIDED p (Stata estat bootstrap conventio
> n): this is
. * a two-sided "is chi != 0" test, NOT the kit's one-sided directional convent
> ion used
. * for the benefit coefficient elsewhere -- hence 0.78 (> 0.5) is expected.
. *
. * Output Endog_Bartik_real.csv: one row per coefficient
. *   [name, observed_coef, boot_se, z, p_twosided], for benefits (alpha) and d
> id_stateu (chi).
. * ---------------------------------------------------------------------------
. 
. do "config.do"

. * ===========================================================================
. * config.do  --  single path configuration for the replication archive.
. *
. * HOW TO RUN: from a Stata session whose working directory is `code/`, first
. *     do "config.do"
. * then run any pipeline script (also from `code/`), e.g. `do build/UIMacro_Bu
> ildData.do`.
. * Each pipeline script re-runs this file itself, so you can also run them dir
> ectly
. * from `code/`. EDIT THE ONE LINE below to this archive's location on your ma
> chine.
. * ===========================================================================
. 
. global root "/Users/mac/JPE-replications/JPE-Mitman-2016256/replication-packa
> ge/replication-package"          //  <-- EDIT: path to this archive

. 
. * --- derived locations (do not edit) ---
. global code          "${root}/code"

. global rawdata       "${root}/data/raw"

. global processed     "${root}/data/processed"

. global output        "${root}/output"

. global tables        "${output}/tables"

. global figures       "${output}/figures"

. global factor_csv    "${output}/factor_results"      // analysis/Matlab resul
> t CSVs (make_tables reads)

. global factor_inputs "${output}/factor_inputs"       // per-pair QBLS handoff
>  (regenerated by exporters)

. global synthetic     "${root}/synthetic-data"

. 
. * --- analysis convenience: cd "${maindirectory}"; use "${CurrentData}" / "${
> DataControls}.dta" ---
. global maindirectory "${processed}/"

. global CurrentData   "UIMacro_RevisionData.dta"

. global DataControls  "UIMacro_DataControls"

. global Wages         "ProcessedWages.dta"

. global outdirectory  "${factor_inputs}/"             // exporters write QBLS 
> here

. global latexdir      "${factor_csv}/"                // analysis/Matlab resul
> t CSVs (make_tables reads)

. 
. * --- vacancy data switch ---------------------------------------------------
. * vacfile/statefile are the two PROVIDED synthetic stand-ins for the propriet
> ary HWOL
. * inputs (synthetic-data/; the confidential HWOL data are NOT in this archive
> ). To reproduce the PUBLISHED (HWOL)
. * vacancy numbers, the Data Editor replaces these two files with the licensed
>  Conference
. * Board HWOL data and re-runs. See code/build/SYNTHETIC_VACANCY_PATH.md.
. global vacfile      "${synthetic}/new_vac_synthetic.dta"

. global statefile    "${synthetic}/StateMonthlyBorderData_synthetic.dta"

. * ImputedDataBorder is a BUILT intermediate, NOT shipped: the replicator gene
> rates it by
. * running the imputation (analysis/Impute_Input.do -> matlab/Run_Impute_Borde
> r.m ->
. * analysis/Impute_to_Stata.do) on ${vacfile}; it lands in data/processed/ (sy
> nthetic by
. * default, the real version if the Data Editor swaps in HWOL).
. global ImputedFile  "${processed}/ImputedDataBorder.dta"

. 
. * --- figure styling: the published figures were drawn under the classic
. * s2color scheme; Stata 18+ defaults to stcolor, which changes gridlines,
. * markers, and legend styling. Pin the scheme so regenerated figures match.
. cap set scheme s2color

. 
. * ensure the built-output folders exist (the archive ships them empty / absen
> t)
. cap mkdir "${processed}"

. cap mkdir "${output}"

. cap mkdir "${tables}"

. cap mkdir "${figures}"

. cap mkdir "${factor_csv}"

. cap mkdir "${factor_inputs}"

. 
. local ssc_packages "reghdfe binscatter regife outreg2 ftools coefplot tuples 
> hdfe mat2txt ivreg2 ranktest"

. if !missing("`ssc_packages'") { 
.         foreach pkg in `ssc_packages' {
  2.                 capture which `pkg' 
  3.                 if _rc == 111 {
  4.                         dis "Installing `pkg'"
  5.                         ssc install `pkg', replace
  6.                         }
  7.                 which `pkg' 
  8.                 }
/Users/mac/Library/Application Support/Stata/ado/plus/r/reghdfe.ado
*! version 6.13.1 10Jan2026
/Users/mac/Library/Application Support/Stata/ado/plus/b/binscatter.ado
*! version 7.02  24nov2013  Michael Stepner, stepner@mit.edu
/Users/mac/Library/Application Support/Stata/ado/plus/r/regife.ado
/Users/mac/Library/Application Support/Stata/ado/plus/o/outreg2.ado
*! outreg2 2.3.2  17aug2014 by roywada@hotmail.com
*! based on outreg 3.0.6/4.0.0 by john_gallup@alum.swarthmore.edu
/Users/mac/Library/Application Support/Stata/ado/plus/f/ftools.ado
*! version 2.50.0 09jan2026
/Users/mac/Library/Application Support/Stata/ado/plus/c/coefplot.ado
*! version 1.8.6  22feb2023  Ben Jann
/Users/mac/Library/Application Support/Stata/ado/plus/t/tuples.ado
*! version 4.3.0  25sep2025
/Users/mac/Library/Application Support/Stata/ado/plus/h/hdfe.ado
*! reghdfe 3.2.9 21feb2016
*! Sergio Correia (sergio.correia@duke.edu)
/Users/mac/Library/Application Support/Stata/ado/plus/m/mat2txt.ado
*! 1.1.2 Ben Jann 24 Nov 2004
*! 1.1.1 M Blasnik 18 Feb 2004
/Users/mac/Library/Application Support/Stata/ado/plus/i/ivreg2.ado
*! ivreg2 4.1.12  14aug2024
*! authors cfb & mes
*! see end of file for version comments
/Users/mac/Library/Application Support/Stata/ado/plus/r/ranktest.ado
*! ranktest 2.0.04  21sept2020
*! authors mes & fw; KP stat based on code by fk
*! see end of file for version comments
. }

. 
end of do-file

. global maindirectory "${processed}/"

. global DataControls "UIMacro_DataControls"

. global latexdir "${factor_csv}/"

. 
. set more off, perm
(set more preference recorded)

. set seed 20180802

. 
. cd "$maindirectory"
/Users/mac/JPE-replications/JPE-Mitman-2016256/replication-package/replication-
> package/data/processed

. use ${DataControls}.dta, clear

. 
. sort pair_id_numeric quarter_index

. by pair_id_numeric: gen did_stateu = diff_logxstate_unemp[_n] - diff_logxstat
> e_unemp[_n-1]
(1,576 missing values generated)

. by pair_id_numeric: gen did_bartik = diff_bartik_state[_n]   - diff_bartik_st
> ate[_n-1]
(4,688 missing values generated)

. keep if year>2004 & year<2013
(79,696 observations deleted)

. 
. xtset pair_id_numeric quarter_index

Panel variable: pair_id_numeric (strongly balanced)
 Time variable: quarter_index, 1 to 32
         Delta: 1 unit

. 
. * ---- observed coefficients (FE-IV: instrument did_stateu with did_bartik) -
> ---
. xtivreg qdk1_logunemp_rate_laus diff_logmeanwks (did_stateu = did_bartik), fe

Fixed-effects (within) IV regression            Number of obs     =     37,366
Group variable: pair_id_nu~c                    Number of groups  =      1,168

R-squared:                                      Obs per group:
     Within  = 0.0024                                         min =         27
     Between = 0.0552                                         avg =       32.0
     Overall = 0.0048                                         max =         32

                                                Wald chi2(2)      =      65.02
corr(u_i, Xb) = 0.0658                          Prob > chi2       =     0.0000

------------------------------------------------------------------------------
qdk1_~e_laus | Coefficient  Std. err.      z    P>|z|     [95% conf. interval]
-------------+----------------------------------------------------------------
  did_stateu |   .0433408   .1514801     0.29   0.775    -.2535547    .3402363
diff_logme~s |   .0436522   .0116501     3.75   0.000     .0208184     .066486
       _cons |  -.0041097   .0008638    -4.76   0.000    -.0058027   -.0024166
-------------+----------------------------------------------------------------
     sigma_u |  .03001532
     sigma_e |  .13099863
         rho |  .04988049   (fraction of variance due to u_i)
------------------------------------------------------------------------------
 F test that all u_i=0: F(1167,36196) =     1.67          Prob > F    = 0.0000
------------------------------------------------------------------------------
Endogenous: did_stateu
Exogenous:  diff_logmeanwks did_bartik

. scalar obs_wks   = _b[diff_logmeanwks]

. scalar obs_state = _b[did_stateu]

. di as txt "OBSERVED: benefits(alpha)=" as res obs_wks as txt "  did_stateu(ch
> i)=" as res obs_state
OBSERVED: benefits(alpha)=.04365221  did_stateu(chi)=.04334076

. 
. * residual + linear index for the residual bootstrap (design held fixed)
. predict ehat,    ue

. predict predvar, xb
(136 missing values generated)

. keep bordersegment qdk1_logunemp_rate_laus diff_logmeanwks did_stateu did_bar
> tik ///
>      pair_id_numeric quarter_index ehat predvar

. sort pair_id_numeric quarter_index

. gen unique_id = _n

. tempfile design

. save "`design'"
file /var/folders/yv/gy9l8r0n7q96t36797h3fbd00000gn/T//St79946.000001 saved
    as .dta format

. 
. * ---- residual cluster bootstrap over border segments (200 reps) ----
. * pass the design tempfile path into the program via a global (tempfiles don'
> t
. * survive into a program's local scope)
. global DESIGN "`design'"

. capture program drop myboot

. program define myboot, rclass
  1.     preserve
  2.     use "${DESIGN}", clear
  3.     quietly {
  4.         bsample, cluster(bordersegment) idcluster(newborder)
  5.         sort newborder pair_id_numeric quarter_index
  6.         replace unique_id = _n
  7.         keep unique_id ehat newborder pair_id_numeric quarter_index
  8.         rename ehat ehatresamp
  9.         merge 1:1 unique_id using "${DESIGN}", keepusing(predvar diff_logm
> eanwks did_stateu did_bartik bordersegment)
 10.         keep if _merge==3
 11.         gen newid = newborder*100000 + pair_id_numeric
 12.         gen LHSvar = predvar + ehatresamp
 13.         xtset newid quarter_index
 14.         capture xtivreg LHSvar diff_logmeanwks (did_stateu = did_bartik), 
> fe
 15.     }
 16.     return scalar wkscoef   = _b[diff_logmeanwks]
 17.     return scalar statecoef = _b[did_stateu]
 18.     restore
 19. end

. 
. simulate wkscoef=r(wkscoef) statecoef=r(statecoef), reps(200) seed(20180802):
>  myboot

      Command: myboot
      wkscoef: r(wkscoef)
    statecoef: r(statecoef)

Simulations (200): .........10.........20.........30.........40.........50.....
> ....60.........70.........80.........90.........100.........110.........120..
> .......130.........140.........150.........160.........170.........180.......
> ..190.........200 done

. 
. * ---- bootstrap SEs and two-sided normal p-values (estat-bootstrap conventio
> n) ----
. quietly sum wkscoef

. scalar se_wks = r(sd)

. quietly sum statecoef

. scalar se_state = r(sd)

. 
. scalar z_wks   = obs_wks   / se_wks

. scalar z_state = obs_state / se_state

. scalar p_wks   = 2*(1-normal(abs(z_wks)))

. scalar p_state = 2*(1-normal(abs(z_state)))

. 
. di as txt "=============================================================="
==============================================================

. di as txt "benefits (alpha):     coef=" as res %7.4f obs_wks   as txt "  se="
>  as res %7.4f se_wks   as txt "  p2=" as res %6.3f p_wks
benefits (alpha):     coef= 0.0437  se= 0.0234  p2= 0.062

. di as txt "did_stateu (chi):     coef=" as res %7.4f obs_state as txt "  se="
>  as res %7.4f se_state as txt "  p2=" as res %6.3f p_state
did_stateu (chi):     coef= 0.0433  se= 0.3354  p2= 0.897

. di as txt "  (target: chi = -0.073, p = 0.78)"
  (target: chi = -0.073, p = 0.78)

. di as txt "=============================================================="
==============================================================

. 
. * ---- write CSV ----
. file open f using "${latexdir}Endog_Bartik_real.csv", write replace
(file
    /Users/mac/JPE-replications/JPE-Mitman-2016256/replication-package/replic
    > ation-package/output/factor_results/Endog_Bartik_real.csv not found)

. file write f "name,coef,boot_se,z,p_twosided" _n

. file write f "benefits,"   (obs_wks)   "," (se_wks)   "," (z_wks)   "," (p_wk
> s)   _n

. file write f "did_stateu," (obs_state) "," (se_state) "," (z_state) "," (p_st
> ate) _n

. file close f

. 
end of do-file
