
  ___  ____  ____  ____  ____ ®
 /__    /   ____/   /   ____/      StataNow 19.5
___/   /   /___/   /   /___/       MP—Parallel Edition

 Statistics and Data Science       Copyright 1985-2025 StataCorp LLC
                                   StataCorp
                                   4905 Lakeway Drive
                                   College Station, Texas 77845 USA
                                   800-782-8272        https://www.stata.com
                                   979-696-4600        service@stata.com

Stata license: Unlimited-user 2-core network, expiring  8 Jun 2027
Serial number: 501909302568
  Licensed to: wiktorze
               Sciences Po

Notes:
      1. Stata is running in batch mode.
      2. Unicode is supported; see help unicode_advice.
      3. More than 2 billion observations are allowed; see help obs_advice.
      4. Maximum number of variables is set to 5,000 but can be increased;
          see help set_maxvar.

. do analysis/Endog_Vars.do 

. * ---------------------------------------------------------------------------
. * Endog_Vars.do  ->  paper tab:Endog_Vars
. * "Unemployment Benefit Extensions and Unemployment, Controlling for
. *  County-Level House Prices, Income, and Debt"
. *
. * Robustness check that adds (endogenous) county-level house prices, income a
> nd
. * debt to the specification. Three columns, ALL estimated in Stata (clean, no
>  Matlab):
. *   Col 1  Factor Model : interactive fixed-effects (regife, 2 factors). regi
> fe
. *                         reports no R^2, so it is computed here as 1 - SSR/S
> SY
. *                         from the residuals (no constant), matching the fact
> or-
. *                         model R^2 definition used in the paper table.
. *   Col 2  OLS          : reghdfe with county-pair fixed effects.
. *   Col 3  IV-GLS       : ivreg2 instrumenting the house-price term with the
. *                         Saiz land-supply elasticity (diff_elas) and the
. *                         Wharton land-use regulation index (diff_wharton).
. *                         The instruments are time-invariant MSA-level, so no
. *                         fixed effects and a much smaller (MSA) sample.
. *
. * Controls (the "house prices, income, and debt" set):
. *   diff_fhfa_lev  house prices (log FHFA HPI, pair difference)
. *   diff_agi       income (IRS adjusted gross income)
. *   diff_dti_high  debt (debt-to-income)
. * All constructed in code/build/MakeDataControls.do. See discoveries_lite.tex
>  for
. * the control-set choice: the published 0.059/0.045/0.054 come from a
. * hand-assembled set of runs whose exact spec was not preserved in one script
> .
. *
. * Dependencies (Stata user packages): regife, reghdfe, ivreg2.
. * ---------------------------------------------------------------------------
. 
. do "config.do"

. * ===========================================================================
. * config.do  --  single path configuration for the replication archive.
. *
. * HOW TO RUN: from a Stata session whose working directory is `code/`, first
. *     do "config.do"
. * then run any pipeline script (also from `code/`), e.g. `do build/UIMacro_Bu
> ildData.do`.
. * Each pipeline script re-runs this file itself, so you can also run them dir
> ectly
. * from `code/`. EDIT THE ONE LINE below to this archive's location on your ma
> chine.
. * ===========================================================================
. 
. global root "/Users/mac/JPE-replications/JPE-Mitman-2016256/replication-packa
> ge/replication-package"          //  <-- EDIT: path to this archive

. 
. * --- derived locations (do not edit) ---
. global code          "${root}/code"

. global rawdata       "${root}/data/raw"

. global processed     "${root}/data/processed"

. global output        "${root}/output"

. global tables        "${output}/tables"

. global figures       "${output}/figures"

. global factor_csv    "${output}/factor_results"      // analysis/Matlab resul
> t CSVs (make_tables reads)

. global factor_inputs "${output}/factor_inputs"       // per-pair QBLS handoff
>  (regenerated by exporters)

. global synthetic     "${root}/synthetic-data"

. 
. * --- analysis convenience: cd "${maindirectory}"; use "${CurrentData}" / "${
> DataControls}.dta" ---
. global maindirectory "${processed}/"

. global CurrentData   "UIMacro_RevisionData.dta"

. global DataControls  "UIMacro_DataControls"

. global Wages         "ProcessedWages.dta"

. global outdirectory  "${factor_inputs}/"             // exporters write QBLS 
> here

. global latexdir      "${factor_csv}/"                // analysis/Matlab resul
> t CSVs (make_tables reads)

. 
. * --- vacancy data switch ---------------------------------------------------
. * vacfile/statefile are the two PROVIDED synthetic stand-ins for the propriet
> ary HWOL
. * inputs (synthetic-data/; the confidential HWOL data are NOT in this archive
> ). To reproduce the PUBLISHED (HWOL)
. * vacancy numbers, the Data Editor replaces these two files with the licensed
>  Conference
. * Board HWOL data and re-runs. See code/build/SYNTHETIC_VACANCY_PATH.md.
. global vacfile      "${synthetic}/new_vac_synthetic.dta"

. global statefile    "${synthetic}/StateMonthlyBorderData_synthetic.dta"

. * ImputedDataBorder is a BUILT intermediate, NOT shipped: the replicator gene
> rates it by
. * running the imputation (analysis/Impute_Input.do -> matlab/Run_Impute_Borde
> r.m ->
. * analysis/Impute_to_Stata.do) on ${vacfile}; it lands in data/processed/ (sy
> nthetic by
. * default, the real version if the Data Editor swaps in HWOL).
. global ImputedFile  "${processed}/ImputedDataBorder.dta"

. 
. * --- figure styling: the published figures were drawn under the classic
. * s2color scheme; Stata 18+ defaults to stcolor, which changes gridlines,
. * markers, and legend styling. Pin the scheme so regenerated figures match.
. cap set scheme s2color

. 
. * ensure the built-output folders exist (the archive ships them empty / absen
> t)
. cap mkdir "${processed}"

. cap mkdir "${output}"

. cap mkdir "${tables}"

. cap mkdir "${figures}"

. cap mkdir "${factor_csv}"

. cap mkdir "${factor_inputs}"

. 
. local ssc_packages "reghdfe binscatter regife outreg2 ftools coefplot tuples 
> hdfe mat2txt ivreg2 ranktest"

. if !missing("`ssc_packages'") { 
.         foreach pkg in `ssc_packages' {
  2.                 capture which `pkg' 
  3.                 if _rc == 111 {
  4.                         dis "Installing `pkg'"
  5.                         ssc install `pkg', replace
  6.                         }
  7.                 which `pkg' 
  8.                 }
/Users/mac/Library/Application Support/Stata/ado/plus/r/reghdfe.ado
*! version 6.13.1 10Jan2026
/Users/mac/Library/Application Support/Stata/ado/plus/b/binscatter.ado
*! version 7.02  24nov2013  Michael Stepner, stepner@mit.edu
/Users/mac/Library/Application Support/Stata/ado/plus/r/regife.ado
/Users/mac/Library/Application Support/Stata/ado/plus/o/outreg2.ado
*! outreg2 2.3.2  17aug2014 by roywada@hotmail.com
*! based on outreg 3.0.6/4.0.0 by john_gallup@alum.swarthmore.edu
/Users/mac/Library/Application Support/Stata/ado/plus/f/ftools.ado
*! version 2.50.0 09jan2026
/Users/mac/Library/Application Support/Stata/ado/plus/c/coefplot.ado
*! version 1.8.6  22feb2023  Ben Jann
/Users/mac/Library/Application Support/Stata/ado/plus/t/tuples.ado
*! version 4.3.0  25sep2025
/Users/mac/Library/Application Support/Stata/ado/plus/h/hdfe.ado
*! reghdfe 3.2.9 21feb2016
*! Sergio Correia (sergio.correia@duke.edu)
/Users/mac/Library/Application Support/Stata/ado/plus/m/mat2txt.ado
*! 1.1.2 Ben Jann 24 Nov 2004
*! 1.1.1 M Blasnik 18 Feb 2004
/Users/mac/Library/Application Support/Stata/ado/plus/i/ivreg2.ado
*! ivreg2 4.1.12  14aug2024
*! authors cfb & mes
*! see end of file for version comments
/Users/mac/Library/Application Support/Stata/ado/plus/r/ranktest.ado
*! ranktest 2.0.04  21sept2020
*! authors mes & fw; KP stat based on code by fk
*! see end of file for version comments
. }

. 
end of do-file

. global CodeDirec ="${code}/analysis/"

. global DataControls "UIMacro_DataControls"

. global maindirectory "${processed}/"

. global latexdir "${factor_csv}/"

. 
. set more off, perm
(set more preference recorded)

. cap log close

. 
. cd "${maindirectory}"
/Users/mac/JPE-replications/JPE-Mitman-2016256/replication-package/replication-
> package/data/processed

. use ${DataControls}, clear

. xtset id quarter_index

Panel variable: id (strongly balanced)
 Time variable: quarter_index, -59 to 40
         Delta: 1 unit

. 
. matrix EV = J(3,5,.)   // rows = cols 1-3; [coef, se, N, R2, n_factors]

. 
. * --- Col 1: Factor Model (interactive FE, 2 factors) ---
. regife qdk1_logunemp_rate_laus diff_logmeanwks diff_fhfa_lev diff_agi diff_dt
> i_high, ///
>     f(id quarter_index, 2) noconst residuals(_res_rg)
The option factors() was renamed to ife(). In the future, please use the syntax
>  ife(id quarter_index, 2) to specify the factor model.

REGIFE                                            Number of obs   =      23332
Panel structure: id, quarter_index                F(   4,  21556) =      61.93
Factor dimension: 2                               Prob > F        =     0.0000
Converged: true                                   Root MSE        =     0.0928
                                                  Iterations      =       4303
------------------------------------------------------------------------------
qdk1_~e_laus | Coefficient  Std. err.      t    P>|t|     [95% conf. interval]
-------------+----------------------------------------------------------------
diff_logme~s |   .0585412   .0046703    12.53   0.000     .0493871    .0676954
diff_fhfa_~v |  -.0113173   .0021489    -5.27   0.000    -.0155294   -.0071053
    diff_agi |  -.0008574   .0007087    -1.21   0.226    -.0022464    .0005317
diff_dti_h~h |  -.0021985   .0011791    -1.86   0.062    -.0045096    .0001126
------------------------------------------------------------------------------

. * regife returns no R^2; compute 1 - SSR/SSY over the estimation sample (no c
> onstant)
. qui gen double _y2  = qdk1_logunemp_rate_laus^2 if e(sample)

. qui gen double _rr2 = _res_rg^2             if e(sample)

. qui sum _rr2

. scalar _ssr = r(sum)

. qui sum _y2

. scalar _ssy = r(sum)

. matrix EV[1,1]=_b[diff_logmeanwks]

. matrix EV[1,2]=_se[diff_logmeanwks]

. matrix EV[1,3]=e(N)

. matrix EV[1,4]= 1 - _ssr/_ssy

. matrix EV[1,5]=2

. qui drop _res_rg _y2 _rr2

. 
. * --- Col 2: OLS with county-pair fixed effects ---
. reghdfe qdk1_logunemp_rate_laus diff_logmeanwks diff_fhfa_lev diff_agi diff_d
> ti_high, ///
>     abs(id) cluster(bordersegment)
(dropped 14 singleton observations)
(MWFE estimator converged in 1 iterations)

HDFE Linear regression                            Number of obs   =     23,318
Absorbing 1 HDFE group                            F(   4,    102) =      17.46
Statistics robust to heteroskedasticity           Prob > F        =     0.0000
                                                  R-squared       =     0.0732
                                                  Adj R-squared   =     0.0385
                                                  Within R-sq.    =     0.0082
Number of clusters (bordersegment) =        103   Root MSE        =     0.1212

                        (Std. err. adjusted for 103 clusters in bordersegment)
------------------------------------------------------------------------------
             |               Robust
qdk1_~e_laus | Coefficient  std. err.      t    P>|t|     [95% conf. interval]
-------------+----------------------------------------------------------------
diff_logme~s |   .0437109   .0126021     3.47   0.001     .0187147    .0687071
diff_fhfa_~v |    -.06688   .0142858    -4.68   0.000    -.0952159   -.0385442
    diff_agi |  -.0310945   .0129436    -2.40   0.018     -.056768   -.0054209
diff_dti_h~h |   .0454673   .0074224     6.13   0.000     .0307449    .0601896
       _cons |  -.0069342   .0008683    -7.99   0.000    -.0086564    -.005212
------------------------------------------------------------------------------

Absorbed degrees of freedom:
-----------------------------------------------------+
 Absorbed FE | Categories  - Redundant  = Num. Coefs |
-------------+---------------------------------------|
          id |       840         840           0    *|
-----------------------------------------------------+
* = FE nested within cluster; treated as redundant for DoF computation

. matrix EV[2,1]=_b[diff_logmeanwks]

. matrix EV[2,2]=_se[diff_logmeanwks]

. matrix EV[2,3]=e(N)

. matrix EV[2,4]=e(r2)

. 
. * --- Col 3: IV-GLS (house price instrumented by Saiz elasticity + Wharton in
> dex;
. *     instruments are time-invariant MSA-level, so no fixed effects) ---
. ivreg2 qdk1_logunemp_rate_laus diff_logmeanwks diff_agi diff_dti_high ///
>     (diff_fhfa_lev = diff_elas diff_wharton)

IV (2SLS) estimation
--------------------

Estimates efficient for homoskedasticity only
Statistics consistent for homoskedasticity only

                                                      Number of obs =     4216
                                                      F(  4,  4211) =    13.33
                                                      Prob > F      =   0.0000
Total (centered) SS     =  37.55800624                Centered R2   =  -0.0171
Total (uncentered) SS   =  37.58778243                Uncentered R2 =  -0.0163
Residual SS             =  38.20026881                Root MSE      =   .09519

------------------------------------------------------------------------------
qdk1_~e_laus | Coefficient  Std. err.      z    P>|z|     [95% conf. interval]
-------------+----------------------------------------------------------------
diff_fhfa_~v |    .043794   .0138298     3.17   0.002     .0166882    .0708998
diff_logme~s |   .0460942   .0140719     3.28   0.001     .0185137    .0736746
    diff_agi |  -.0121017    .002808    -4.31   0.000    -.0176052   -.0065982
diff_dti_h~h |    -.01132   .0026299    -4.30   0.000    -.0164746   -.0061655
       _cons |   .0014453   .0015268     0.95   0.344    -.0015472    .0044378
------------------------------------------------------------------------------
Underidentification test (Anderson canon. corr. LM statistic):         409.374
                                                   Chi-sq(2) P-val =    0.0000
------------------------------------------------------------------------------
Weak identification test (Cragg-Donald Wald F statistic):              226.377
Stock-Yogo weak ID test critical values: 10% maximal IV size             19.93
                                         15% maximal IV size             11.59
                                         20% maximal IV size              8.75
                                         25% maximal IV size              7.25
Source: Stock-Yogo (2005).  Reproduced by permission.
------------------------------------------------------------------------------
Sargan statistic (overidentification test of all instruments):           1.922
                                                   Chi-sq(1) P-val =    0.1657
------------------------------------------------------------------------------
Instrumented:         diff_fhfa_lev
Included instruments: diff_logmeanwks diff_agi diff_dti_high
Excluded instruments: diff_elas diff_wharton
------------------------------------------------------------------------------

. matrix EV[3,1]=_b[diff_logmeanwks]

. matrix EV[3,2]=_se[diff_logmeanwks]

. matrix EV[3,3]=e(N)

. matrix EV[3,4]=e(r2)

. 
. * Write CSV: row = column (1 Factor / 2 OLS / 3 IV); cols = [coef, se, N, R2,
>  n_factors].
. preserve

. clear

. quietly set obs 3

. svmat EV
number of observations will be reset to 3
Press any key to continue, or Break to abort
Number of observations (_N) was 0, now 3.

. outsheet using "${latexdir}Endog_Vars.csv", comma nonames replace
(file
    /Users/mac/JPE-replications/JPE-Mitman-2016256/replication-package/replic
    > ation-package/output/factor_results/Endog_Vars.csv not found)

. restore

. 
. cd "${CodeDirec}"
/Users/mac/JPE-replications/JPE-Mitman-2016256/replication-package/replication-
> package/code/analysis

. 
end of do-file
