
  ___  ____  ____  ____  ____ ®
 /__    /   ____/   /   ____/      StataNow 19.5
___/   /   /___/   /   /___/       MP—Parallel Edition

 Statistics and Data Science       Copyright 1985-2025 StataCorp LLC
                                   StataCorp
                                   4905 Lakeway Drive
                                   College Station, Texas 77845 USA
                                   800-782-8272        https://www.stata.com
                                   979-696-4600        service@stata.com

Stata license: Unlimited-user 2-core network, expiring  8 Jun 2027
Serial number: 501909302568
  Licensed to: wiktorze
               Sciences Po

Notes:
      1. Stata is running in batch mode.
      2. Unicode is supported; see help unicode_advice.
      3. More than 2 billion observations are allowed; see help obs_advice.
      4. Maximum number of variables is set to 5,000 but can be increased;
          see help set_maxvar.

. do analysis/Endog_Bartik_Scrambles.do 

. * ---------------------------------------------------------------------------
. * Endog_Bartik_Scrambles.do  ->  output/factor_results/Scrambles_IV_bartik.cs
> v
. *
. * §sec:endogeneity_test, the "power of the test" paragraph (~L935). The endog
> eneity
. * test (add Bartik-instrumented state unemployment as a 2nd regressor) is run
>  on the
. * 200 SCRAMBLED "border" samples, where random pairing mechanically introduce
> s the
. * very endogeneity the test is meant to detect. Paper:
. *   "...reveals a highly significant coefficient of -2.234 (p 0) on this vari
> able and
. *    leads to a substantial change of the coefficient on benefits from 0.107 
> (p 0) to
. *    -0.069 (p 0.31). ... reveals the power of the test."
. *
. * So on scrambled samples: the benefits coef (without control) is the upward-
> biased
. * 0.107 (already reproduced as ~0.106 = mean of Scrambles_OLS_baseline.csv); 
> adding the
. * IV control drives it to -0.069 and the chi on instrumented state unemployme
> nt is
. * -2.234. p-values are the kit's one-sided (directional) convention applied t
> o the
. * 200-scramble distribution.
. *
. * STANDALONE: it replays the
. * SAME 200 scrambles as OutputDataSetsUIMacro_Scrambles.do (identical seed 85
> 237940 and
. * generation method, so the pairings match Table 1 Cols 3-4) but runs ONLY th
> e IV
. * regressions -- it does NOT regenerate the 200x~1100 scramble QBLS files. Pe
> r scramble:
. *   reghdfe qdk1_logunemp_rate_laus diff_logmeanwks                  (no cont
> rol -> 0.107)
. *   xtivreg qdk1_logunemp_rate_laus diff_logmeanwks (did_stateu = did_bartik)
> , fe
. *                                                    (-> benefits -0.069, did
> _stateu -2.234)
. * did_stateu / did_bartik built as in Endog_Bartik.do (time-diff of the cross
> -pair diff
. * in log state unemployment / Bartik state shock).
. *
. * Output Scrambles_IV_bartik.csv: 200 rows x 4 cols =
. *   [benefits_noctrl, benefits_iv, did_stateu_iv, N].
. * ---------------------------------------------------------------------------
. 
. do "config.do"

. * ===========================================================================
. * config.do  --  single path configuration for the replication archive.
. *
. * HOW TO RUN: from a Stata session whose working directory is `code/`, first
. *     do "config.do"
. * then run any pipeline script (also from `code/`), e.g. `do build/UIMacro_Bu
> ildData.do`.
. * Each pipeline script re-runs this file itself, so you can also run them dir
> ectly
. * from `code/`. EDIT THE ONE LINE below to this archive's location on your ma
> chine.
. * ===========================================================================
. 
. global root "/Users/mac/JPE-replications/JPE-Mitman-2016256/replication-packa
> ge/replication-package"          //  <-- EDIT: path to this archive

. 
. * --- derived locations (do not edit) ---
. global code          "${root}/code"

. global rawdata       "${root}/data/raw"

. global processed     "${root}/data/processed"

. global output        "${root}/output"

. global tables        "${output}/tables"

. global figures       "${output}/figures"

. global factor_csv    "${output}/factor_results"      // analysis/Matlab resul
> t CSVs (make_tables reads)

. global factor_inputs "${output}/factor_inputs"       // per-pair QBLS handoff
>  (regenerated by exporters)

. global synthetic     "${root}/synthetic-data"

. 
. * --- analysis convenience: cd "${maindirectory}"; use "${CurrentData}" / "${
> DataControls}.dta" ---
. global maindirectory "${processed}/"

. global CurrentData   "UIMacro_RevisionData.dta"

. global DataControls  "UIMacro_DataControls"

. global Wages         "ProcessedWages.dta"

. global outdirectory  "${factor_inputs}/"             // exporters write QBLS 
> here

. global latexdir      "${factor_csv}/"                // analysis/Matlab resul
> t CSVs (make_tables reads)

. 
. * --- vacancy data switch ---------------------------------------------------
. * vacfile/statefile are the two PROVIDED synthetic stand-ins for the propriet
> ary HWOL
. * inputs (synthetic-data/; the confidential HWOL data are NOT in this archive
> ). To reproduce the PUBLISHED (HWOL)
. * vacancy numbers, the Data Editor replaces these two files with the licensed
>  Conference
. * Board HWOL data and re-runs. See code/build/SYNTHETIC_VACANCY_PATH.md.
. global vacfile      "${synthetic}/new_vac_synthetic.dta"

. global statefile    "${synthetic}/StateMonthlyBorderData_synthetic.dta"

. * ImputedDataBorder is a BUILT intermediate, NOT shipped: the replicator gene
> rates it by
. * running the imputation (analysis/Impute_Input.do -> matlab/Run_Impute_Borde
> r.m ->
. * analysis/Impute_to_Stata.do) on ${vacfile}; it lands in data/processed/ (sy
> nthetic by
. * default, the real version if the Data Editor swaps in HWOL).
. global ImputedFile  "${processed}/ImputedDataBorder.dta"

. 
. * --- figure styling: the published figures were drawn under the classic
. * s2color scheme; Stata 18+ defaults to stcolor, which changes gridlines,
. * markers, and legend styling. Pin the scheme so regenerated figures match.
. cap set scheme s2color

. 
. * ensure the built-output folders exist (the archive ships them empty / absen
> t)
. cap mkdir "${processed}"

. cap mkdir "${output}"

. cap mkdir "${tables}"

. cap mkdir "${figures}"

. cap mkdir "${factor_csv}"

. cap mkdir "${factor_inputs}"

. 
. local ssc_packages "reghdfe binscatter regife outreg2 ftools coefplot tuples 
> hdfe mat2txt ivreg2 ranktest"

. if !missing("`ssc_packages'") { 
.         foreach pkg in `ssc_packages' {
  2.                 capture which `pkg' 
  3.                 if _rc == 111 {
  4.                         dis "Installing `pkg'"
  5.                         ssc install `pkg', replace
  6.                         }
  7.                 which `pkg' 
  8.                 }
/Users/mac/Library/Application Support/Stata/ado/plus/r/reghdfe.ado
*! version 6.13.1 10Jan2026
/Users/mac/Library/Application Support/Stata/ado/plus/b/binscatter.ado
*! version 7.02  24nov2013  Michael Stepner, stepner@mit.edu
/Users/mac/Library/Application Support/Stata/ado/plus/r/regife.ado
/Users/mac/Library/Application Support/Stata/ado/plus/o/outreg2.ado
*! outreg2 2.3.2  17aug2014 by roywada@hotmail.com
*! based on outreg 3.0.6/4.0.0 by john_gallup@alum.swarthmore.edu
/Users/mac/Library/Application Support/Stata/ado/plus/f/ftools.ado
*! version 2.50.0 09jan2026
/Users/mac/Library/Application Support/Stata/ado/plus/c/coefplot.ado
*! version 1.8.6  22feb2023  Ben Jann
/Users/mac/Library/Application Support/Stata/ado/plus/t/tuples.ado
*! version 4.3.0  25sep2025
/Users/mac/Library/Application Support/Stata/ado/plus/h/hdfe.ado
*! reghdfe 3.2.9 21feb2016
*! Sergio Correia (sergio.correia@duke.edu)
/Users/mac/Library/Application Support/Stata/ado/plus/m/mat2txt.ado
*! 1.1.2 Ben Jann 24 Nov 2004
*! 1.1.1 M Blasnik 18 Feb 2004
/Users/mac/Library/Application Support/Stata/ado/plus/i/ivreg2.ado
*! ivreg2 4.1.12  14aug2024
*! authors cfb & mes
*! see end of file for version comments
/Users/mac/Library/Application Support/Stata/ado/plus/r/ranktest.ado
*! ranktest 2.0.04  21sept2020
*! authors mes & fw; KP stat based on code by fk
*! see end of file for version comments
. }

. 
end of do-file

. global CodeDirec     = "${code}/exporters/"

. global CurrentData "UIMacro_RevisionData.dta"

. global maindirectory "${processed}/"

. global latexdir "${factor_csv}/"

. 
. set more off, perm
(set more preference recorded)

. 
. cd "$maindirectory"
/Users/mac/JPE-replications/JPE-Mitman-2016256/replication-package/replication-
> package/data/processed

. use ${CurrentData}, clear

. keep fipsnumeric quarter_index county_index logmeanwks* logunemp* logxstate* 
> bartik_state seprate year quarter fipsstate pair_id_numeric

. 
. * ---- generate the 200 scrambles (identical seed/method to the kit Scrambles
>  exporter) ----
. preserve

. keep pair_id_numeric fipsnumeric

. sort pair_id_numeric fipsnumeric

. duplicates drop pair_id_numeric fipsnumeric, force

Duplicates in terms of pair_id_numeric fipsnumeric

(232,056 observations deleted)

. set seed 85237940

. forvalues x=1/200{
  2.         sort pair_id_numeric fipsnumeric
  3.         gen rand=runiform()
  4.         sort rand
  5.         gen new_pair_id`x'=floor((_n+1)/2)
  6.         drop rand
  7.         sort new_pair_id`x' fipsnumeric
  8.         by new_pair_id`x': gen new_county_index`x'=_n
  9. }

. sort pair_id_numeric fipsnumeric

. tempfile scrambles

. save `scrambles', replace
(file /var/folders/yv/gy9l8r0n7q96t36797h3fbd00000gn/T//St79982.000002 not
    found)
file /var/folders/yv/gy9l8r0n7q96t36797h3fbd00000gn/T//St79982.000002 saved
    as .dta format

. restore

. merge m:1 pair_id_numeric fipsnumeric using `scrambles', keep(match) nogen

    Result                      Number of obs
    -----------------------------------------
    Not matched                             0
    Matched                           234,400  
    -----------------------------------------

. 
. * ---- loop: per scramble, build the IV regressors and run the endogeneity te
> st ----
. matrix scramble_iv = J(200, 4, .)   // [benefits_noctrl, benefits_iv, did_sta
> teu_iv, N]

. preserve

. forvalues x=1/200{
  2. 
.         qui replace pair_id_numeric = new_pair_id`x'
  3.         qui replace county_index    = new_county_index`x'
  4. 
.         * cross-pair differences (across the two counties of a scrambled pair
> )
.         sort pair_id_numeric quarter_index county_index
  5.         foreach var of varlist logmeanwks logunemp_rate_laus logxstate_une
> mp bartik_state {
  6.                 capture drop diff_`var'
  7.                 qui by pair_id_numeric quarter_index: gen diff_`var' = `va
> r'[1] - `var'[2]
  8.         }
  9. 
.         * 1-period quasi-difference of unemployment (LHS)
.         sort pair_id_numeric county_index quarter_index
 10.         capture drop f1_logunemp_rate_laus
 11.         capture drop qdk1_logunemp_rate_laus
 12.         qui by pair_id_numeric county_index: gen f1_logunemp_rate_laus = d
> iff_logunemp_rate_laus[_n+1]
 13.         qui by pair_id_numeric county_index: gen qdk1_logunemp_rate_laus =
>  ///
>                 diff_logunemp_rate_laus - ((0.99*(1-seprate))^1)*f1_logunemp_
> rate_laus
 14. 
.         keep if county_index==1
 15.         qui duplicates drop pair_id_numeric quarter_index, force
 16. 
.         * time-differences: the (instrumented) change in cross-pair state une
> mployment
.         sort pair_id_numeric quarter_index
 17.         capture drop did_stateu
 18.         capture drop did_bartik
 19.         qui by pair_id_numeric: gen did_stateu = diff_logxstate_unemp[_n] 
> - diff_logxstate_unemp[_n-1]
 20.         qui by pair_id_numeric: gen did_bartik = diff_bartik_state[_n]   -
>  diff_bartik_state[_n-1]
 21. 
.         xtset pair_id_numeric quarter_index
 22. 
.         * benefits without the control (the upward-biased scrambled estimate 
> ~0.107)
.         qui reghdfe qdk1_logunemp_rate_laus diff_logmeanwks if inrange(year,2
> 005,2012), ///
>                 absorb(pair_id_numeric)
 23.         matrix scramble_iv[`x',1] = _b[diff_logmeanwks]
 24. 
.         * add Bartik-instrumented change in state unemployment (chi) -> benef
> its, did_stateu
.         capture xtivreg qdk1_logunemp_rate_laus diff_logmeanwks (did_stateu =
>  did_bartik) ///
>                 if inrange(year,2005,2012), fe
 25.         if _rc==0 {
 26.                 matrix scramble_iv[`x',2] = _b[diff_logmeanwks]
 27.                 matrix scramble_iv[`x',3] = _b[did_stateu]
 28.                 matrix scramble_iv[`x',4] = e(N)
 29.         }
 30. 
.         display "Scramble `x' of 200 done"
 31.         restore, preserve
 32. }
(117,200 observations deleted)

Panel variable: pair_id_numeric (strongly balanced)
 Time variable: quarter_index, -59 to 40
         Delta: 1 unit
Scramble 1 of 200 done
(117,200 observations deleted)

Panel variable: pair_id_numeric (strongly balanced)
 Time variable: quarter_index, -59 to 40
         Delta: 1 unit
Scramble 2 of 200 done
(117,200 observations deleted)

Panel variable: pair_id_numeric (strongly balanced)
 Time variable: quarter_index, -59 to 40
         Delta: 1 unit
Scramble 3 of 200 done
(117,200 observations deleted)

Panel variable: pair_id_numeric (strongly balanced)
 Time variable: quarter_index, -59 to 40
         Delta: 1 unit
Scramble 4 of 200 done
(117,200 observations deleted)

Panel variable: pair_id_numeric (strongly balanced)
 Time variable: quarter_index, -59 to 40
         Delta: 1 unit
Scramble 5 of 200 done
(117,200 observations deleted)

Panel variable: pair_id_numeric (strongly balanced)
 Time variable: quarter_index, -59 to 40
         Delta: 1 unit
Scramble 6 of 200 done
(117,200 observations deleted)

Panel variable: pair_id_numeric (strongly balanced)
 Time variable: quarter_index, -59 to 40
         Delta: 1 unit
Scramble 7 of 200 done
(117,200 observations deleted)

Panel variable: pair_id_numeric (strongly balanced)
 Time variable: quarter_index, -59 to 40
         Delta: 1 unit
Scramble 8 of 200 done
(117,200 observations deleted)

Panel variable: pair_id_numeric (strongly balanced)
 Time variable: quarter_index, -59 to 40
         Delta: 1 unit
Scramble 9 of 200 done
(117,200 observations deleted)

Panel variable: pair_id_numeric (strongly balanced)
 Time variable: quarter_index, -59 to 40
         Delta: 1 unit
Scramble 10 of 200 done
(117,200 observations deleted)

Panel variable: pair_id_numeric (strongly balanced)
 Time variable: quarter_index, -59 to 40
         Delta: 1 unit
Scramble 11 of 200 done
(117,200 observations deleted)

Panel variable: pair_id_numeric (strongly balanced)
 Time variable: quarter_index, -59 to 40
         Delta: 1 unit
Scramble 12 of 200 done
(117,200 observations deleted)

Panel variable: pair_id_numeric (strongly balanced)
 Time variable: quarter_index, -59 to 40
         Delta: 1 unit
Scramble 13 of 200 done
(117,200 observations deleted)

Panel variable: pair_id_numeric (strongly balanced)
 Time variable: quarter_index, -59 to 40
         Delta: 1 unit
Scramble 14 of 200 done
(117,200 observations deleted)

Panel variable: pair_id_numeric (strongly balanced)
 Time variable: quarter_index, -59 to 40
         Delta: 1 unit
Scramble 15 of 200 done
(117,200 observations deleted)

Panel variable: pair_id_numeric (strongly balanced)
 Time variable: quarter_index, -59 to 40
         Delta: 1 unit
Scramble 16 of 200 done
(117,200 observations deleted)

Panel variable: pair_id_numeric (strongly balanced)
 Time variable: quarter_index, -59 to 40
         Delta: 1 unit
Scramble 17 of 200 done
(117,200 observations deleted)

Panel variable: pair_id_numeric (strongly balanced)
 Time variable: quarter_index, -59 to 40
         Delta: 1 unit
Scramble 18 of 200 done
(117,200 observations deleted)

Panel variable: pair_id_numeric (strongly balanced)
 Time variable: quarter_index, -59 to 40
         Delta: 1 unit
Scramble 19 of 200 done
(117,200 observations deleted)

Panel variable: pair_id_numeric (strongly balanced)
 Time variable: quarter_index, -59 to 40
         Delta: 1 unit
Scramble 20 of 200 done
(117,200 observations deleted)

Panel variable: pair_id_numeric (strongly balanced)
 Time variable: quarter_index, -59 to 40
         Delta: 1 unit
Scramble 21 of 200 done
(117,200 observations deleted)

Panel variable: pair_id_numeric (strongly balanced)
 Time variable: quarter_index, -59 to 40
         Delta: 1 unit
Scramble 22 of 200 done
(117,200 observations deleted)

Panel variable: pair_id_numeric (strongly balanced)
 Time variable: quarter_index, -59 to 40
         Delta: 1 unit
Scramble 23 of 200 done
(117,200 observations deleted)

Panel variable: pair_id_numeric (strongly balanced)
 Time variable: quarter_index, -59 to 40
         Delta: 1 unit
Scramble 24 of 200 done
(117,200 observations deleted)

Panel variable: pair_id_numeric (strongly balanced)
 Time variable: quarter_index, -59 to 40
         Delta: 1 unit
Scramble 25 of 200 done
(117,200 observations deleted)

Panel variable: pair_id_numeric (strongly balanced)
 Time variable: quarter_index, -59 to 40
         Delta: 1 unit
Scramble 26 of 200 done
(117,200 observations deleted)

Panel variable: pair_id_numeric (strongly balanced)
 Time variable: quarter_index, -59 to 40
         Delta: 1 unit
Scramble 27 of 200 done
(117,200 observations deleted)

Panel variable: pair_id_numeric (strongly balanced)
 Time variable: quarter_index, -59 to 40
         Delta: 1 unit
Scramble 28 of 200 done
(117,200 observations deleted)

Panel variable: pair_id_numeric (strongly balanced)
 Time variable: quarter_index, -59 to 40
         Delta: 1 unit
Scramble 29 of 200 done
(117,200 observations deleted)

Panel variable: pair_id_numeric (strongly balanced)
 Time variable: quarter_index, -59 to 40
         Delta: 1 unit
Scramble 30 of 200 done
(117,200 observations deleted)

Panel variable: pair_id_numeric (strongly balanced)
 Time variable: quarter_index, -59 to 40
         Delta: 1 unit
Scramble 31 of 200 done
(117,200 observations deleted)

Panel variable: pair_id_numeric (strongly balanced)
 Time variable: quarter_index, -59 to 40
         Delta: 1 unit
Scramble 32 of 200 done
(117,200 observations deleted)

Panel variable: pair_id_numeric (strongly balanced)
 Time variable: quarter_index, -59 to 40
         Delta: 1 unit
Scramble 33 of 200 done
(117,200 observations deleted)

Panel variable: pair_id_numeric (strongly balanced)
 Time variable: quarter_index, -59 to 40
         Delta: 1 unit
Scramble 34 of 200 done
(117,200 observations deleted)

Panel variable: pair_id_numeric (strongly balanced)
 Time variable: quarter_index, -59 to 40
         Delta: 1 unit
Scramble 35 of 200 done
(117,200 observations deleted)

Panel variable: pair_id_numeric (strongly balanced)
 Time variable: quarter_index, -59 to 40
         Delta: 1 unit
Scramble 36 of 200 done
(117,200 observations deleted)

Panel variable: pair_id_numeric (strongly balanced)
 Time variable: quarter_index, -59 to 40
         Delta: 1 unit
Scramble 37 of 200 done
(117,200 observations deleted)

Panel variable: pair_id_numeric (strongly balanced)
 Time variable: quarter_index, -59 to 40
         Delta: 1 unit
Scramble 38 of 200 done
(117,200 observations deleted)

Panel variable: pair_id_numeric (strongly balanced)
 Time variable: quarter_index, -59 to 40
         Delta: 1 unit
Scramble 39 of 200 done
(117,200 observations deleted)

Panel variable: pair_id_numeric (strongly balanced)
 Time variable: quarter_index, -59 to 40
         Delta: 1 unit
Scramble 40 of 200 done
(117,200 observations deleted)

Panel variable: pair_id_numeric (strongly balanced)
 Time variable: quarter_index, -59 to 40
         Delta: 1 unit
Scramble 41 of 200 done
(117,200 observations deleted)

Panel variable: pair_id_numeric (strongly balanced)
 Time variable: quarter_index, -59 to 40
         Delta: 1 unit
Scramble 42 of 200 done
(117,200 observations deleted)

Panel variable: pair_id_numeric (strongly balanced)
 Time variable: quarter_index, -59 to 40
         Delta: 1 unit
Scramble 43 of 200 done
(117,200 observations deleted)

Panel variable: pair_id_numeric (strongly balanced)
 Time variable: quarter_index, -59 to 40
         Delta: 1 unit
Scramble 44 of 200 done
(117,200 observations deleted)

Panel variable: pair_id_numeric (strongly balanced)
 Time variable: quarter_index, -59 to 40
         Delta: 1 unit
Scramble 45 of 200 done
(117,200 observations deleted)

Panel variable: pair_id_numeric (strongly balanced)
 Time variable: quarter_index, -59 to 40
         Delta: 1 unit
Scramble 46 of 200 done
(117,200 observations deleted)

Panel variable: pair_id_numeric (strongly balanced)
 Time variable: quarter_index, -59 to 40
         Delta: 1 unit
Scramble 47 of 200 done
(117,200 observations deleted)

Panel variable: pair_id_numeric (strongly balanced)
 Time variable: quarter_index, -59 to 40
         Delta: 1 unit
Scramble 48 of 200 done
(117,200 observations deleted)

Panel variable: pair_id_numeric (strongly balanced)
 Time variable: quarter_index, -59 to 40
         Delta: 1 unit
Scramble 49 of 200 done
(117,200 observations deleted)

Panel variable: pair_id_numeric (strongly balanced)
 Time variable: quarter_index, -59 to 40
         Delta: 1 unit
Scramble 50 of 200 done
(117,200 observations deleted)

Panel variable: pair_id_numeric (strongly balanced)
 Time variable: quarter_index, -59 to 40
         Delta: 1 unit
Scramble 51 of 200 done
(117,200 observations deleted)

Panel variable: pair_id_numeric (strongly balanced)
 Time variable: quarter_index, -59 to 40
         Delta: 1 unit
Scramble 52 of 200 done
(117,200 observations deleted)

Panel variable: pair_id_numeric (strongly balanced)
 Time variable: quarter_index, -59 to 40
         Delta: 1 unit
Scramble 53 of 200 done
(117,200 observations deleted)

Panel variable: pair_id_numeric (strongly balanced)
 Time variable: quarter_index, -59 to 40
         Delta: 1 unit
Scramble 54 of 200 done
(117,200 observations deleted)

Panel variable: pair_id_numeric (strongly balanced)
 Time variable: quarter_index, -59 to 40
         Delta: 1 unit
Scramble 55 of 200 done
(117,200 observations deleted)

Panel variable: pair_id_numeric (strongly balanced)
 Time variable: quarter_index, -59 to 40
         Delta: 1 unit
Scramble 56 of 200 done
(117,200 observations deleted)

Panel variable: pair_id_numeric (strongly balanced)
 Time variable: quarter_index, -59 to 40
         Delta: 1 unit
Scramble 57 of 200 done
(117,200 observations deleted)

Panel variable: pair_id_numeric (strongly balanced)
 Time variable: quarter_index, -59 to 40
         Delta: 1 unit
Scramble 58 of 200 done
(117,200 observations deleted)

Panel variable: pair_id_numeric (strongly balanced)
 Time variable: quarter_index, -59 to 40
         Delta: 1 unit
Scramble 59 of 200 done
(117,200 observations deleted)

Panel variable: pair_id_numeric (strongly balanced)
 Time variable: quarter_index, -59 to 40
         Delta: 1 unit
Scramble 60 of 200 done
(117,200 observations deleted)

Panel variable: pair_id_numeric (strongly balanced)
 Time variable: quarter_index, -59 to 40
         Delta: 1 unit
Scramble 61 of 200 done
(117,200 observations deleted)

Panel variable: pair_id_numeric (strongly balanced)
 Time variable: quarter_index, -59 to 40
         Delta: 1 unit
Scramble 62 of 200 done
(117,200 observations deleted)

Panel variable: pair_id_numeric (strongly balanced)
 Time variable: quarter_index, -59 to 40
         Delta: 1 unit
Scramble 63 of 200 done
(117,200 observations deleted)

Panel variable: pair_id_numeric (strongly balanced)
 Time variable: quarter_index, -59 to 40
         Delta: 1 unit
Scramble 64 of 200 done
(117,200 observations deleted)

Panel variable: pair_id_numeric (strongly balanced)
 Time variable: quarter_index, -59 to 40
         Delta: 1 unit
Scramble 65 of 200 done
(117,200 observations deleted)

Panel variable: pair_id_numeric (strongly balanced)
 Time variable: quarter_index, -59 to 40
         Delta: 1 unit
Scramble 66 of 200 done
(117,200 observations deleted)

Panel variable: pair_id_numeric (strongly balanced)
 Time variable: quarter_index, -59 to 40
         Delta: 1 unit
Scramble 67 of 200 done
(117,200 observations deleted)

Panel variable: pair_id_numeric (strongly balanced)
 Time variable: quarter_index, -59 to 40
         Delta: 1 unit
Scramble 68 of 200 done
(117,200 observations deleted)

Panel variable: pair_id_numeric (strongly balanced)
 Time variable: quarter_index, -59 to 40
         Delta: 1 unit
Scramble 69 of 200 done
(117,200 observations deleted)

Panel variable: pair_id_numeric (strongly balanced)
 Time variable: quarter_index, -59 to 40
         Delta: 1 unit
Scramble 70 of 200 done
(117,200 observations deleted)

Panel variable: pair_id_numeric (strongly balanced)
 Time variable: quarter_index, -59 to 40
         Delta: 1 unit
Scramble 71 of 200 done
(117,200 observations deleted)

Panel variable: pair_id_numeric (strongly balanced)
 Time variable: quarter_index, -59 to 40
         Delta: 1 unit
Scramble 72 of 200 done
(117,200 observations deleted)

Panel variable: pair_id_numeric (strongly balanced)
 Time variable: quarter_index, -59 to 40
         Delta: 1 unit
Scramble 73 of 200 done
(117,200 observations deleted)

Panel variable: pair_id_numeric (strongly balanced)
 Time variable: quarter_index, -59 to 40
         Delta: 1 unit
Scramble 74 of 200 done
(117,200 observations deleted)

Panel variable: pair_id_numeric (strongly balanced)
 Time variable: quarter_index, -59 to 40
         Delta: 1 unit
Scramble 75 of 200 done
(117,200 observations deleted)

Panel variable: pair_id_numeric (strongly balanced)
 Time variable: quarter_index, -59 to 40
         Delta: 1 unit
Scramble 76 of 200 done
(117,200 observations deleted)

Panel variable: pair_id_numeric (strongly balanced)
 Time variable: quarter_index, -59 to 40
         Delta: 1 unit
Scramble 77 of 200 done
(117,200 observations deleted)

Panel variable: pair_id_numeric (strongly balanced)
 Time variable: quarter_index, -59 to 40
         Delta: 1 unit
Scramble 78 of 200 done
(117,200 observations deleted)

Panel variable: pair_id_numeric (strongly balanced)
 Time variable: quarter_index, -59 to 40
         Delta: 1 unit
Scramble 79 of 200 done
(117,200 observations deleted)

Panel variable: pair_id_numeric (strongly balanced)
 Time variable: quarter_index, -59 to 40
         Delta: 1 unit
Scramble 80 of 200 done
(117,200 observations deleted)

Panel variable: pair_id_numeric (strongly balanced)
 Time variable: quarter_index, -59 to 40
         Delta: 1 unit
Scramble 81 of 200 done
(117,200 observations deleted)

Panel variable: pair_id_numeric (strongly balanced)
 Time variable: quarter_index, -59 to 40
         Delta: 1 unit
Scramble 82 of 200 done
(117,200 observations deleted)

Panel variable: pair_id_numeric (strongly balanced)
 Time variable: quarter_index, -59 to 40
         Delta: 1 unit
Scramble 83 of 200 done
(117,200 observations deleted)

Panel variable: pair_id_numeric (strongly balanced)
 Time variable: quarter_index, -59 to 40
         Delta: 1 unit
Scramble 84 of 200 done
(117,200 observations deleted)

Panel variable: pair_id_numeric (strongly balanced)
 Time variable: quarter_index, -59 to 40
         Delta: 1 unit
Scramble 85 of 200 done
(117,200 observations deleted)

Panel variable: pair_id_numeric (strongly balanced)
 Time variable: quarter_index, -59 to 40
         Delta: 1 unit
Scramble 86 of 200 done
(117,200 observations deleted)

Panel variable: pair_id_numeric (strongly balanced)
 Time variable: quarter_index, -59 to 40
         Delta: 1 unit
Scramble 87 of 200 done
(117,200 observations deleted)

Panel variable: pair_id_numeric (strongly balanced)
 Time variable: quarter_index, -59 to 40
         Delta: 1 unit
Scramble 88 of 200 done
(117,200 observations deleted)

Panel variable: pair_id_numeric (strongly balanced)
 Time variable: quarter_index, -59 to 40
         Delta: 1 unit
Scramble 89 of 200 done
(117,200 observations deleted)

Panel variable: pair_id_numeric (strongly balanced)
 Time variable: quarter_index, -59 to 40
         Delta: 1 unit
Scramble 90 of 200 done
(117,200 observations deleted)

Panel variable: pair_id_numeric (strongly balanced)
 Time variable: quarter_index, -59 to 40
         Delta: 1 unit
Scramble 91 of 200 done
(117,200 observations deleted)

Panel variable: pair_id_numeric (strongly balanced)
 Time variable: quarter_index, -59 to 40
         Delta: 1 unit
Scramble 92 of 200 done
(117,200 observations deleted)

Panel variable: pair_id_numeric (strongly balanced)
 Time variable: quarter_index, -59 to 40
         Delta: 1 unit
Scramble 93 of 200 done
(117,200 observations deleted)

Panel variable: pair_id_numeric (strongly balanced)
 Time variable: quarter_index, -59 to 40
         Delta: 1 unit
Scramble 94 of 200 done
(117,200 observations deleted)

Panel variable: pair_id_numeric (strongly balanced)
 Time variable: quarter_index, -59 to 40
         Delta: 1 unit
Scramble 95 of 200 done
(117,200 observations deleted)

Panel variable: pair_id_numeric (strongly balanced)
 Time variable: quarter_index, -59 to 40
         Delta: 1 unit
Scramble 96 of 200 done
(117,200 observations deleted)

Panel variable: pair_id_numeric (strongly balanced)
 Time variable: quarter_index, -59 to 40
         Delta: 1 unit
Scramble 97 of 200 done
(117,200 observations deleted)

Panel variable: pair_id_numeric (strongly balanced)
 Time variable: quarter_index, -59 to 40
         Delta: 1 unit
Scramble 98 of 200 done
(117,200 observations deleted)

Panel variable: pair_id_numeric (strongly balanced)
 Time variable: quarter_index, -59 to 40
         Delta: 1 unit
Scramble 99 of 200 done
(117,200 observations deleted)

Panel variable: pair_id_numeric (strongly balanced)
 Time variable: quarter_index, -59 to 40
         Delta: 1 unit
Scramble 100 of 200 done
(117,200 observations deleted)

Panel variable: pair_id_numeric (strongly balanced)
 Time variable: quarter_index, -59 to 40
         Delta: 1 unit
Scramble 101 of 200 done
(117,200 observations deleted)

Panel variable: pair_id_numeric (strongly balanced)
 Time variable: quarter_index, -59 to 40
         Delta: 1 unit
Scramble 102 of 200 done
(117,200 observations deleted)

Panel variable: pair_id_numeric (strongly balanced)
 Time variable: quarter_index, -59 to 40
         Delta: 1 unit
Scramble 103 of 200 done
(117,200 observations deleted)

Panel variable: pair_id_numeric (strongly balanced)
 Time variable: quarter_index, -59 to 40
         Delta: 1 unit
Scramble 104 of 200 done
(117,200 observations deleted)

Panel variable: pair_id_numeric (strongly balanced)
 Time variable: quarter_index, -59 to 40
         Delta: 1 unit
Scramble 105 of 200 done
(117,200 observations deleted)

Panel variable: pair_id_numeric (strongly balanced)
 Time variable: quarter_index, -59 to 40
         Delta: 1 unit
Scramble 106 of 200 done
(117,200 observations deleted)

Panel variable: pair_id_numeric (strongly balanced)
 Time variable: quarter_index, -59 to 40
         Delta: 1 unit
Scramble 107 of 200 done
(117,200 observations deleted)

Panel variable: pair_id_numeric (strongly balanced)
 Time variable: quarter_index, -59 to 40
         Delta: 1 unit
Scramble 108 of 200 done
(117,200 observations deleted)

Panel variable: pair_id_numeric (strongly balanced)
 Time variable: quarter_index, -59 to 40
         Delta: 1 unit
Scramble 109 of 200 done
(117,200 observations deleted)

Panel variable: pair_id_numeric (strongly balanced)
 Time variable: quarter_index, -59 to 40
         Delta: 1 unit
Scramble 110 of 200 done
(117,200 observations deleted)

Panel variable: pair_id_numeric (strongly balanced)
 Time variable: quarter_index, -59 to 40
         Delta: 1 unit
Scramble 111 of 200 done
(117,200 observations deleted)

Panel variable: pair_id_numeric (strongly balanced)
 Time variable: quarter_index, -59 to 40
         Delta: 1 unit
Scramble 112 of 200 done
(117,200 observations deleted)

Panel variable: pair_id_numeric (strongly balanced)
 Time variable: quarter_index, -59 to 40
         Delta: 1 unit
Scramble 113 of 200 done
(117,200 observations deleted)

Panel variable: pair_id_numeric (strongly balanced)
 Time variable: quarter_index, -59 to 40
         Delta: 1 unit
Scramble 114 of 200 done
(117,200 observations deleted)

Panel variable: pair_id_numeric (strongly balanced)
 Time variable: quarter_index, -59 to 40
         Delta: 1 unit
Scramble 115 of 200 done
(117,200 observations deleted)

Panel variable: pair_id_numeric (strongly balanced)
 Time variable: quarter_index, -59 to 40
         Delta: 1 unit
Scramble 116 of 200 done
(117,200 observations deleted)

Panel variable: pair_id_numeric (strongly balanced)
 Time variable: quarter_index, -59 to 40
         Delta: 1 unit
Scramble 117 of 200 done
(117,200 observations deleted)

Panel variable: pair_id_numeric (strongly balanced)
 Time variable: quarter_index, -59 to 40
         Delta: 1 unit
Scramble 118 of 200 done
(117,200 observations deleted)

Panel variable: pair_id_numeric (strongly balanced)
 Time variable: quarter_index, -59 to 40
         Delta: 1 unit
Scramble 119 of 200 done
(117,200 observations deleted)

Panel variable: pair_id_numeric (strongly balanced)
 Time variable: quarter_index, -59 to 40
         Delta: 1 unit
Scramble 120 of 200 done
(117,200 observations deleted)

Panel variable: pair_id_numeric (strongly balanced)
 Time variable: quarter_index, -59 to 40
         Delta: 1 unit
Scramble 121 of 200 done
(117,200 observations deleted)

Panel variable: pair_id_numeric (strongly balanced)
 Time variable: quarter_index, -59 to 40
         Delta: 1 unit
Scramble 122 of 200 done
(117,200 observations deleted)

Panel variable: pair_id_numeric (strongly balanced)
 Time variable: quarter_index, -59 to 40
         Delta: 1 unit
Scramble 123 of 200 done
(117,200 observations deleted)

Panel variable: pair_id_numeric (strongly balanced)
 Time variable: quarter_index, -59 to 40
         Delta: 1 unit
Scramble 124 of 200 done
(117,200 observations deleted)

Panel variable: pair_id_numeric (strongly balanced)
 Time variable: quarter_index, -59 to 40
         Delta: 1 unit
Scramble 125 of 200 done
(117,200 observations deleted)

Panel variable: pair_id_numeric (strongly balanced)
 Time variable: quarter_index, -59 to 40
         Delta: 1 unit
Scramble 126 of 200 done
(117,200 observations deleted)

Panel variable: pair_id_numeric (strongly balanced)
 Time variable: quarter_index, -59 to 40
         Delta: 1 unit
Scramble 127 of 200 done
(117,200 observations deleted)

Panel variable: pair_id_numeric (strongly balanced)
 Time variable: quarter_index, -59 to 40
         Delta: 1 unit
Scramble 128 of 200 done
(117,200 observations deleted)

Panel variable: pair_id_numeric (strongly balanced)
 Time variable: quarter_index, -59 to 40
         Delta: 1 unit
Scramble 129 of 200 done
(117,200 observations deleted)

Panel variable: pair_id_numeric (strongly balanced)
 Time variable: quarter_index, -59 to 40
         Delta: 1 unit
Scramble 130 of 200 done
(117,200 observations deleted)

Panel variable: pair_id_numeric (strongly balanced)
 Time variable: quarter_index, -59 to 40
         Delta: 1 unit
Scramble 131 of 200 done
(117,200 observations deleted)

Panel variable: pair_id_numeric (strongly balanced)
 Time variable: quarter_index, -59 to 40
         Delta: 1 unit
Scramble 132 of 200 done
(117,200 observations deleted)

Panel variable: pair_id_numeric (strongly balanced)
 Time variable: quarter_index, -59 to 40
         Delta: 1 unit
Scramble 133 of 200 done
(117,200 observations deleted)

Panel variable: pair_id_numeric (strongly balanced)
 Time variable: quarter_index, -59 to 40
         Delta: 1 unit
Scramble 134 of 200 done
(117,200 observations deleted)

Panel variable: pair_id_numeric (strongly balanced)
 Time variable: quarter_index, -59 to 40
         Delta: 1 unit
Scramble 135 of 200 done
(117,200 observations deleted)

Panel variable: pair_id_numeric (strongly balanced)
 Time variable: quarter_index, -59 to 40
         Delta: 1 unit
Scramble 136 of 200 done
(117,200 observations deleted)

Panel variable: pair_id_numeric (strongly balanced)
 Time variable: quarter_index, -59 to 40
         Delta: 1 unit
Scramble 137 of 200 done
(117,200 observations deleted)

Panel variable: pair_id_numeric (strongly balanced)
 Time variable: quarter_index, -59 to 40
         Delta: 1 unit
Scramble 138 of 200 done
(117,200 observations deleted)

Panel variable: pair_id_numeric (strongly balanced)
 Time variable: quarter_index, -59 to 40
         Delta: 1 unit
Scramble 139 of 200 done
(117,200 observations deleted)

Panel variable: pair_id_numeric (strongly balanced)
 Time variable: quarter_index, -59 to 40
         Delta: 1 unit
Scramble 140 of 200 done
(117,200 observations deleted)

Panel variable: pair_id_numeric (strongly balanced)
 Time variable: quarter_index, -59 to 40
         Delta: 1 unit
Scramble 141 of 200 done
(117,200 observations deleted)

Panel variable: pair_id_numeric (strongly balanced)
 Time variable: quarter_index, -59 to 40
         Delta: 1 unit
Scramble 142 of 200 done
(117,200 observations deleted)

Panel variable: pair_id_numeric (strongly balanced)
 Time variable: quarter_index, -59 to 40
         Delta: 1 unit
Scramble 143 of 200 done
(117,200 observations deleted)

Panel variable: pair_id_numeric (strongly balanced)
 Time variable: quarter_index, -59 to 40
         Delta: 1 unit
Scramble 144 of 200 done
(117,200 observations deleted)

Panel variable: pair_id_numeric (strongly balanced)
 Time variable: quarter_index, -59 to 40
         Delta: 1 unit
Scramble 145 of 200 done
(117,200 observations deleted)

Panel variable: pair_id_numeric (strongly balanced)
 Time variable: quarter_index, -59 to 40
         Delta: 1 unit
Scramble 146 of 200 done
(117,200 observations deleted)

Panel variable: pair_id_numeric (strongly balanced)
 Time variable: quarter_index, -59 to 40
         Delta: 1 unit
Scramble 147 of 200 done
(117,200 observations deleted)

Panel variable: pair_id_numeric (strongly balanced)
 Time variable: quarter_index, -59 to 40
         Delta: 1 unit
Scramble 148 of 200 done
(117,200 observations deleted)

Panel variable: pair_id_numeric (strongly balanced)
 Time variable: quarter_index, -59 to 40
         Delta: 1 unit
Scramble 149 of 200 done
(117,200 observations deleted)

Panel variable: pair_id_numeric (strongly balanced)
 Time variable: quarter_index, -59 to 40
         Delta: 1 unit
Scramble 150 of 200 done
(117,200 observations deleted)

Panel variable: pair_id_numeric (strongly balanced)
 Time variable: quarter_index, -59 to 40
         Delta: 1 unit
Scramble 151 of 200 done
(117,200 observations deleted)

Panel variable: pair_id_numeric (strongly balanced)
 Time variable: quarter_index, -59 to 40
         Delta: 1 unit
Scramble 152 of 200 done
(117,200 observations deleted)

Panel variable: pair_id_numeric (strongly balanced)
 Time variable: quarter_index, -59 to 40
         Delta: 1 unit
Scramble 153 of 200 done
(117,200 observations deleted)

Panel variable: pair_id_numeric (strongly balanced)
 Time variable: quarter_index, -59 to 40
         Delta: 1 unit
Scramble 154 of 200 done
(117,200 observations deleted)

Panel variable: pair_id_numeric (strongly balanced)
 Time variable: quarter_index, -59 to 40
         Delta: 1 unit
Scramble 155 of 200 done
(117,200 observations deleted)

Panel variable: pair_id_numeric (strongly balanced)
 Time variable: quarter_index, -59 to 40
         Delta: 1 unit
Scramble 156 of 200 done
(117,200 observations deleted)

Panel variable: pair_id_numeric (strongly balanced)
 Time variable: quarter_index, -59 to 40
         Delta: 1 unit
Scramble 157 of 200 done
(117,200 observations deleted)

Panel variable: pair_id_numeric (strongly balanced)
 Time variable: quarter_index, -59 to 40
         Delta: 1 unit
Scramble 158 of 200 done
(117,200 observations deleted)

Panel variable: pair_id_numeric (strongly balanced)
 Time variable: quarter_index, -59 to 40
         Delta: 1 unit
Scramble 159 of 200 done
(117,200 observations deleted)

Panel variable: pair_id_numeric (strongly balanced)
 Time variable: quarter_index, -59 to 40
         Delta: 1 unit
Scramble 160 of 200 done
(117,200 observations deleted)

Panel variable: pair_id_numeric (strongly balanced)
 Time variable: quarter_index, -59 to 40
         Delta: 1 unit
Scramble 161 of 200 done
(117,200 observations deleted)

Panel variable: pair_id_numeric (strongly balanced)
 Time variable: quarter_index, -59 to 40
         Delta: 1 unit
Scramble 162 of 200 done
(117,200 observations deleted)

Panel variable: pair_id_numeric (strongly balanced)
 Time variable: quarter_index, -59 to 40
         Delta: 1 unit
Scramble 163 of 200 done
(117,200 observations deleted)

Panel variable: pair_id_numeric (strongly balanced)
 Time variable: quarter_index, -59 to 40
         Delta: 1 unit
Scramble 164 of 200 done
(117,200 observations deleted)

Panel variable: pair_id_numeric (strongly balanced)
 Time variable: quarter_index, -59 to 40
         Delta: 1 unit
Scramble 165 of 200 done
(117,200 observations deleted)

Panel variable: pair_id_numeric (strongly balanced)
 Time variable: quarter_index, -59 to 40
         Delta: 1 unit
Scramble 166 of 200 done
(117,200 observations deleted)

Panel variable: pair_id_numeric (strongly balanced)
 Time variable: quarter_index, -59 to 40
         Delta: 1 unit
Scramble 167 of 200 done
(117,200 observations deleted)

Panel variable: pair_id_numeric (strongly balanced)
 Time variable: quarter_index, -59 to 40
         Delta: 1 unit
Scramble 168 of 200 done
(117,200 observations deleted)

Panel variable: pair_id_numeric (strongly balanced)
 Time variable: quarter_index, -59 to 40
         Delta: 1 unit
Scramble 169 of 200 done
(117,200 observations deleted)

Panel variable: pair_id_numeric (strongly balanced)
 Time variable: quarter_index, -59 to 40
         Delta: 1 unit
Scramble 170 of 200 done
(117,200 observations deleted)

Panel variable: pair_id_numeric (strongly balanced)
 Time variable: quarter_index, -59 to 40
         Delta: 1 unit
Scramble 171 of 200 done
(117,200 observations deleted)

Panel variable: pair_id_numeric (strongly balanced)
 Time variable: quarter_index, -59 to 40
         Delta: 1 unit
Scramble 172 of 200 done
(117,200 observations deleted)

Panel variable: pair_id_numeric (strongly balanced)
 Time variable: quarter_index, -59 to 40
         Delta: 1 unit
Scramble 173 of 200 done
(117,200 observations deleted)

Panel variable: pair_id_numeric (strongly balanced)
 Time variable: quarter_index, -59 to 40
         Delta: 1 unit
Scramble 174 of 200 done
(117,200 observations deleted)

Panel variable: pair_id_numeric (strongly balanced)
 Time variable: quarter_index, -59 to 40
         Delta: 1 unit
Scramble 175 of 200 done
(117,200 observations deleted)

Panel variable: pair_id_numeric (strongly balanced)
 Time variable: quarter_index, -59 to 40
         Delta: 1 unit
Scramble 176 of 200 done
(117,200 observations deleted)

Panel variable: pair_id_numeric (strongly balanced)
 Time variable: quarter_index, -59 to 40
         Delta: 1 unit
Scramble 177 of 200 done
(117,200 observations deleted)

Panel variable: pair_id_numeric (strongly balanced)
 Time variable: quarter_index, -59 to 40
         Delta: 1 unit
Scramble 178 of 200 done
(117,200 observations deleted)

Panel variable: pair_id_numeric (strongly balanced)
 Time variable: quarter_index, -59 to 40
         Delta: 1 unit
Scramble 179 of 200 done
(117,200 observations deleted)

Panel variable: pair_id_numeric (strongly balanced)
 Time variable: quarter_index, -59 to 40
         Delta: 1 unit
Scramble 180 of 200 done
(117,200 observations deleted)

Panel variable: pair_id_numeric (strongly balanced)
 Time variable: quarter_index, -59 to 40
         Delta: 1 unit
Scramble 181 of 200 done
(117,200 observations deleted)

Panel variable: pair_id_numeric (strongly balanced)
 Time variable: quarter_index, -59 to 40
         Delta: 1 unit
Scramble 182 of 200 done
(117,200 observations deleted)

Panel variable: pair_id_numeric (strongly balanced)
 Time variable: quarter_index, -59 to 40
         Delta: 1 unit
Scramble 183 of 200 done
(117,200 observations deleted)

Panel variable: pair_id_numeric (strongly balanced)
 Time variable: quarter_index, -59 to 40
         Delta: 1 unit
Scramble 184 of 200 done
(117,200 observations deleted)

Panel variable: pair_id_numeric (strongly balanced)
 Time variable: quarter_index, -59 to 40
         Delta: 1 unit
Scramble 185 of 200 done
(117,200 observations deleted)

Panel variable: pair_id_numeric (strongly balanced)
 Time variable: quarter_index, -59 to 40
         Delta: 1 unit
Scramble 186 of 200 done
(117,200 observations deleted)

Panel variable: pair_id_numeric (strongly balanced)
 Time variable: quarter_index, -59 to 40
         Delta: 1 unit
Scramble 187 of 200 done
(117,200 observations deleted)

Panel variable: pair_id_numeric (strongly balanced)
 Time variable: quarter_index, -59 to 40
         Delta: 1 unit
Scramble 188 of 200 done
(117,200 observations deleted)

Panel variable: pair_id_numeric (strongly balanced)
 Time variable: quarter_index, -59 to 40
         Delta: 1 unit
Scramble 189 of 200 done
(117,200 observations deleted)

Panel variable: pair_id_numeric (strongly balanced)
 Time variable: quarter_index, -59 to 40
         Delta: 1 unit
Scramble 190 of 200 done
(117,200 observations deleted)

Panel variable: pair_id_numeric (strongly balanced)
 Time variable: quarter_index, -59 to 40
         Delta: 1 unit
Scramble 191 of 200 done
(117,200 observations deleted)

Panel variable: pair_id_numeric (strongly balanced)
 Time variable: quarter_index, -59 to 40
         Delta: 1 unit
Scramble 192 of 200 done
(117,200 observations deleted)

Panel variable: pair_id_numeric (strongly balanced)
 Time variable: quarter_index, -59 to 40
         Delta: 1 unit
Scramble 193 of 200 done
(117,200 observations deleted)

Panel variable: pair_id_numeric (strongly balanced)
 Time variable: quarter_index, -59 to 40
         Delta: 1 unit
Scramble 194 of 200 done
(117,200 observations deleted)

Panel variable: pair_id_numeric (strongly balanced)
 Time variable: quarter_index, -59 to 40
         Delta: 1 unit
Scramble 195 of 200 done
(117,200 observations deleted)

Panel variable: pair_id_numeric (strongly balanced)
 Time variable: quarter_index, -59 to 40
         Delta: 1 unit
Scramble 196 of 200 done
(117,200 observations deleted)

Panel variable: pair_id_numeric (strongly balanced)
 Time variable: quarter_index, -59 to 40
         Delta: 1 unit
Scramble 197 of 200 done
(117,200 observations deleted)

Panel variable: pair_id_numeric (strongly balanced)
 Time variable: quarter_index, -59 to 40
         Delta: 1 unit
Scramble 198 of 200 done
(117,200 observations deleted)

Panel variable: pair_id_numeric (strongly balanced)
 Time variable: quarter_index, -59 to 40
         Delta: 1 unit
Scramble 199 of 200 done
(117,200 observations deleted)

Panel variable: pair_id_numeric (strongly balanced)
 Time variable: quarter_index, -59 to 40
         Delta: 1 unit
Scramble 200 of 200 done

. restore

. 
. * ---- save the 200-scramble distribution ----
. clear

. svmat scramble_iv
number of observations will be reset to 200
Press any key to continue, or Break to abort
Number of observations (_N) was 0, now 200.

. rename scramble_iv1 benefits_noctrl

. rename scramble_iv2 benefits_iv

. rename scramble_iv3 did_stateu_iv

. rename scramble_iv4 Nobs

. qui outsheet using "${latexdir}Scrambles_IV_bartik.csv", comma replace

. 
. * ---- report means + one-sided p (kit convention) across scrambles ----
. foreach v in benefits_noctrl benefits_iv did_stateu_iv {
  2.         qui sum `v'
  3.         scalar m_`v'   = r(mean)
  4.         qui count if `v'>0 & !missing(`v')
  5.         scalar fgt0 = r(N)
  6.         qui count if !missing(`v')
  7.         scalar ntot = r(N)
  8.         scalar p_`v' = min(fgt0/ntot, 1-fgt0/ntot)
  9.         di as txt "`v': mean=" as res %8.4f m_`v' as txt "  frac>0=" as re
> s %5.3f (fgt0/ntot) as txt "  one-sided p=" as res %5.3f p_`v'
 10. }
benefits_noctrl: mean=  0.1061  frac>0=1.000  one-sided p=0.000
benefits_iv: mean= -0.0255  frac>0=0.490  one-sided p=0.490
did_stateu_iv: mean= -1.8710  frac>0=0.005  one-sided p=0.005

. di as txt "(targets: benefits_noctrl ~0.107 p0 ; benefits_iv -0.069 p0.31 ; d
> id_stateu -2.234 p0)"
(targets: benefits_noctrl ~0.107 p0 ; benefits_iv -0.069 p0.31 ; did_stateu -2.
> 234 p0)

. 
end of do-file
