
  ___  ____  ____  ____  ____ ®
 /__    /   ____/   /   ____/      StataNow 19.5
___/   /   /___/   /   /___/       MP—Parallel Edition

 Statistics and Data Science       Copyright 1985-2025 StataCorp LLC
                                   StataCorp
                                   4905 Lakeway Drive
                                   College Station, Texas 77845 USA
                                   800-782-8272        https://www.stata.com
                                   979-696-4600        service@stata.com

Stata license: Unlimited-user 2-core network, expiring  8 Jun 2027
Serial number: 501909302568
  Licensed to: wiktorze
               Sciences Po

Notes:
      1. Stata is running in batch mode.
      2. Unicode is supported; see help unicode_advice.
      3. More than 2 billion observations are allowed; see help obs_advice.
      4. Maximum number of variables is set to 5,000 but can be increased;
          see help set_maxvar.

. do analysis/Imputed_Results.do 

. * ---------------------------------------------------------------------------
. * Imputed_Results.do  ->  paper tab:Imputed_Results
. * "Effect of UI Benefits on Imputed Labor Market Variables"
. *
. * *** VACANCY-GATED (see SYNTHETIC_VACANCY_PATH.md). ***
. * Inputs:
. *   - county panel = ${CurrentData}
. *   - imputed series (x, thet_corr, f, phi, utilde) = ${ImputedFile}, the Imp
> utedDataBorder
. *       built by Impute_Input.do -> Run_Impute_Border.m -> Impute_to_Stata.do
> .
. * The imputed series embed vacancies, so this is vacancy-gated: the published
>  numbers
. * require the real HWOL vacancies; a synthetic-vacancy run (build ImputedData
> Border with
. * vacfile=new_vac_synthetic, then set ImputedFile to it) is demonstrative.
. *
. * Three columns (each: regife with 2 factors + residual cluster bootstrap ove
> r
. * border segments, exactly like the benchmark / Mobility_LODES inference):
. *   Col 1  Out of State Search  : LHS did_logx, RHS diff_logmeanwks. The diff
> erencing is
. *          deliberately MIXED (a difference-in-differences LHS on a plain fir
> st-difference
. *          benefit RHS).
. *   Col 2  Imputed Tightness    : LHS jolts_udiff_logthet_corr, RHS diff_logm
> eanwks
. *   Col 3  Imputed Job-finding  : LHS jolts_udiff_logf, RHS diff_logmeanwks
. *
. * Stata package: regife.
. * ---------------------------------------------------------------------------
. 
. do "config.do"

. * ===========================================================================
. * config.do  --  single path configuration for the replication archive.
. *
. * HOW TO RUN: from a Stata session whose working directory is `code/`, first
. *     do "config.do"
. * then run any pipeline script (also from `code/`), e.g. `do build/UIMacro_Bu
> ildData.do`.
. * Each pipeline script re-runs this file itself, so you can also run them dir
> ectly
. * from `code/`. EDIT THE ONE LINE below to this archive's location on your ma
> chine.
. * ===========================================================================
. 
. global root "/Users/mac/JPE-replications/JPE-Mitman-2016256/replication-packa
> ge/replication-package"          //  <-- EDIT: path to this archive

. 
. * --- derived locations (do not edit) ---
. global code          "${root}/code"

. global rawdata       "${root}/data/raw"

. global processed     "${root}/data/processed"

. global output        "${root}/output"

. global tables        "${output}/tables"

. global figures       "${output}/figures"

. global factor_csv    "${output}/factor_results"      // analysis/Matlab resul
> t CSVs (make_tables reads)

. global factor_inputs "${output}/factor_inputs"       // per-pair QBLS handoff
>  (regenerated by exporters)

. global synthetic     "${root}/synthetic-data"

. 
. * --- analysis convenience: cd "${maindirectory}"; use "${CurrentData}" / "${
> DataControls}.dta" ---
. global maindirectory "${processed}/"

. global CurrentData   "UIMacro_RevisionData.dta"

. global DataControls  "UIMacro_DataControls"

. global Wages         "ProcessedWages.dta"

. global outdirectory  "${factor_inputs}/"             // exporters write QBLS 
> here

. global latexdir      "${factor_csv}/"                // analysis/Matlab resul
> t CSVs (make_tables reads)

. 
. * --- vacancy data switch ---------------------------------------------------
. * vacfile/statefile are the two PROVIDED synthetic stand-ins for the propriet
> ary HWOL
. * inputs (synthetic-data/; the confidential HWOL data are NOT in this archive
> ). To reproduce the PUBLISHED (HWOL)
. * vacancy numbers, the Data Editor replaces these two files with the licensed
>  Conference
. * Board HWOL data and re-runs. See code/build/SYNTHETIC_VACANCY_PATH.md.
. global vacfile      "${synthetic}/new_vac_synthetic.dta"

. global statefile    "${synthetic}/StateMonthlyBorderData_synthetic.dta"

. * ImputedDataBorder is a BUILT intermediate, NOT shipped: the replicator gene
> rates it by
. * running the imputation (analysis/Impute_Input.do -> matlab/Run_Impute_Borde
> r.m ->
. * analysis/Impute_to_Stata.do) on ${vacfile}; it lands in data/processed/ (sy
> nthetic by
. * default, the real version if the Data Editor swaps in HWOL).
. global ImputedFile  "${processed}/ImputedDataBorder.dta"

. 
. * --- figure styling: the published figures were drawn under the classic
. * s2color scheme; Stata 18+ defaults to stcolor, which changes gridlines,
. * markers, and legend styling. Pin the scheme so regenerated figures match.
. cap set scheme s2color

. 
. * ensure the built-output folders exist (the archive ships them empty / absen
> t)
. cap mkdir "${processed}"

. cap mkdir "${output}"

. cap mkdir "${tables}"

. cap mkdir "${figures}"

. cap mkdir "${factor_csv}"

. cap mkdir "${factor_inputs}"

. 
. local ssc_packages "reghdfe binscatter regife outreg2 ftools coefplot tuples 
> hdfe mat2txt ivreg2 ranktest"

. if !missing("`ssc_packages'") { 
.         foreach pkg in `ssc_packages' {
  2.                 capture which `pkg' 
  3.                 if _rc == 111 {
  4.                         dis "Installing `pkg'"
  5.                         ssc install `pkg', replace
  6.                         }
  7.                 which `pkg' 
  8.                 }
/Users/mac/Library/Application Support/Stata/ado/plus/r/reghdfe.ado
*! version 6.13.1 10Jan2026
/Users/mac/Library/Application Support/Stata/ado/plus/b/binscatter.ado
*! version 7.02  24nov2013  Michael Stepner, stepner@mit.edu
/Users/mac/Library/Application Support/Stata/ado/plus/r/regife.ado
/Users/mac/Library/Application Support/Stata/ado/plus/o/outreg2.ado
*! outreg2 2.3.2  17aug2014 by roywada@hotmail.com
*! based on outreg 3.0.6/4.0.0 by john_gallup@alum.swarthmore.edu
/Users/mac/Library/Application Support/Stata/ado/plus/f/ftools.ado
*! version 2.50.0 09jan2026
/Users/mac/Library/Application Support/Stata/ado/plus/c/coefplot.ado
*! version 1.8.6  22feb2023  Ben Jann
/Users/mac/Library/Application Support/Stata/ado/plus/t/tuples.ado
*! version 4.3.0  25sep2025
/Users/mac/Library/Application Support/Stata/ado/plus/h/hdfe.ado
*! reghdfe 3.2.9 21feb2016
*! Sergio Correia (sergio.correia@duke.edu)
/Users/mac/Library/Application Support/Stata/ado/plus/m/mat2txt.ado
*! 1.1.2 Ben Jann 24 Nov 2004
*! 1.1.1 M Blasnik 18 Feb 2004
/Users/mac/Library/Application Support/Stata/ado/plus/i/ivreg2.ado
*! ivreg2 4.1.12  14aug2024
*! authors cfb & mes
*! see end of file for version comments
/Users/mac/Library/Application Support/Stata/ado/plus/r/ranktest.ado
*! ranktest 2.0.04  21sept2020
*! authors mes & fw; KP stat based on code by fk
*! see end of file for version comments
. }

. 
end of do-file

. global CodeDirec     ="${code}/analysis/"

. global maindirectory "${processed}/"

. global latexdir "${factor_csv}/"

. * County panel = ${CurrentData}; imputed series = the ImputedDataBorder built
>  (into
. * data/processed/) by the Impute_Input -> Run_Impute_Border -> Impute_to_Stat
> a chain,
. * synthetic by default (config's ${vacfile}). config.do sets both globals; th
> e fallbacks
. * below only fire if this is run without config.
. if "${CurrentData}"=="" global CurrentData "UIMacro_RevisionData.dta"

. if "${ImputedFile}"=="" global ImputedFile "${processed}/ImputedDataBorder.dt
> a"

. 
. set seed 5

. set more off, perm
(set more preference recorded)

. cap log close

. 
. * ============================ data preparation ============================
. use "${maindirectory}${CurrentData}", clear

. capture drop f x phi thet_corr utilde searchers

. 
. * State-pair key (slo,shi): the bordersegment id numbering differs between th
> e
. * CurrentData build and the imputation build, so align on the actual state pa
> ir
. * + side + time, not the raw id.
. capture drop st_min st_max

. bys pair_id_numeric: egen slo = min(fipsstate)

. by  pair_id_numeric: egen shi = max(fipsstate)

. preserve

. use "${ImputedFile}", clear

. bys bordersegment: egen slo = min(fipsstate)

. by  bordersegment: egen shi = max(fipsstate)

. keep slo shi fipsstate year quarter f x phi thet_corr utilde

. tempfile imp

. save "`imp'"
file /var/folders/yv/gy9l8r0n7q96t36797h3fbd00000gn/T//St79452.000002 saved
    as .dta format

. restore

. merge m:1 slo shi fipsstate year quarter using "`imp'"

    Result                      Number of obs
    -----------------------------------------
    Not matched                       168,768
        from master                   168,768  (_merge==1)
        from using                          0  (_merge==2)

    Matched                            65,632  (_merge==3)
    -----------------------------------------

. drop if _merge==2
(0 observations deleted)

. drop _merge

. 
. * Log the imputed series (just merged). NOTE: do NOT re-log meanwks -- Curren
> tData's
. * raw meanwks is empty for the analysis years; the benefit measure here is th
> e
. * pre-built logmeanwks (= log weeks of benefits), which we keep as-is. The di
> ff_*
. * loop below recomputes diff_logmeanwks (the cross-pair benefit difference) f
> rom it.
. foreach y of varlist f x phi thet_corr utilde {
  2.         capture drop log`y'
  3.         gen log`y' = ln(`y')
  4. }
(168,768 missing values generated)
(168,768 missing values generated)
(168,768 missing values generated)
(168,768 missing values generated)
(168,768 missing values generated)

. 
. * seprate is already the JOLTS aggregate separation rate in CurrentData (the 
> build
. * renamed jolts_agg_seprate_q -> seprate).
. capture confirm variable seprate

. if _rc gen seprate=jolts_agg_seprate_q

. replace seprate=0.1 if seprate==. & year<2001
(0 real changes made)

. 
. sort pair_id_numeric time county_index

. foreach var of varlist logf logx logphi logthet_corr logutilde logmeanwks{
  2.         capture drop diff_`var'
  3.         by pair_id_numeric time: gen diff_`var' = `var'[1] - `var'[2]
  4. }
(168,768 missing values generated)
(168,768 missing values generated)
(168,768 missing values generated)
(168,768 missing values generated)
(168,768 missing values generated)
(1,968 missing values generated)

. 
. sort pair_id_numeric county_index time

. foreach var of varlist logf logx logphi logthet_corr logutilde{
  2.         capture drop f1_`var' l1_`var'
  3.         by pair_id_numeric county_index: gen f1_`var'=diff_`var'[_n+1]
  4.         by pair_id_numeric county_index: gen l1_`var'=diff_`var'[_n-1]
  5. }
(168,768 missing values generated)
(168,768 missing values generated)
(168,768 missing values generated)
(168,768 missing values generated)
(168,768 missing values generated)
(168,768 missing values generated)
(168,768 missing values generated)
(168,768 missing values generated)
(168,768 missing values generated)
(168,768 missing values generated)

. 
. foreach var of varlist logf logx logphi logthet_corr logutilde{
  2.         capture drop jolts_udiff_`var' did_`var'
  3.         gen jolts_udiff_`var'=diff_`var'-0.99*(1-seprate)*f1_`var'
  4.         gen did_`var'=diff_`var'-l1_`var'
  5. }
(171,112 missing values generated)
(171,112 missing values generated)
(171,112 missing values generated)
(171,112 missing values generated)
(171,112 missing values generated)
(171,112 missing values generated)
(171,112 missing values generated)
(171,112 missing values generated)
(171,112 missing values generated)
(171,112 missing values generated)

. 
. keep if year>2004 & county_index==1
(187,520 observations deleted)

. 
. tempfile prepped

. save "`prepped'", replace
(file /var/folders/yv/gy9l8r0n7q96t36797h3fbd00000gn/T//St79452.000003 not
    found)
file /var/folders/yv/gy9l8r0n7q96t36797h3fbd00000gn/T//St79452.000003 saved
    as .dta format

. 
. * ===================== residual cluster bootstrap =====================
. capture program drop myboot

. program define myboot, rclass
  1. preserve
  2. tempfile OrigSamp
  3. save "`OrigSamp'"
  4. bsample, cluster(bordersegment) id(newborder)
  5. gen newid = newborder*10000+pair_id_numeric
  6. sort newborder pair_id_numeric quarter_index
  7. replace unique_id=_n
  8. keep unique_id ehat newid
  9. rename ehat ehatresamp
 10. merge 1:1 unique_id using "`OrigSamp'"
 11. keep if _merge==3
 12. gen LHSvar = predvar+ehatresamp
 13. xtset newid quarter_index
 14. regife LHSvar diff_logmeanwks, noconst f(pair_id_numeric quarter_index,2)
 15. return scalar wkscoef=_b[diff_logmeanwks]
 16. restore
 17. end

. 
. matrix IMP = J(3,5,.)   // rows = cols 1-3; [coef, se, N, R2, n_factors]

. 
. * col_lhs holds the LHS variable for each column.
. local lhs1 did_logx

. local lhs2 jolts_udiff_logthet_corr

. local lhs3 jolts_udiff_logf

. 
. forvalues i=1/3{
  2.         use "`prepped'", clear
  3.         * Drop rows where this column's LHS (or the benefit RHS) is missin
> g, so the
.         * IFE factor structure sees no all-empty quarter levels. CurrentData 
> runs to
.         * 2014 but the imputation only covers 2005-2011, so the trailing quar
> ters are
.         * empty for the imputed LHS and would otherwise trip regife ("more le
> vels of FE
.         * than observations"). (County_Data_contig did not span those years.)
.         keep if !missing(`lhs`i'', diff_logmeanwks)
  4.         xtset pair_id_numeric quarter_index
  5. 
.         regife `lhs`i'' diff_logmeanwks, f(pair_id_numeric quarter_index, 2) 
> noconst
  6.         scalar coef`i' = _b[diff_logmeanwks]
  7.         scalar nobs`i' = e(N)
  8.         scalar rsq`i'  = e(r2)
  9. 
.         predict predvar
 10.         gen ehat = `lhs`i'' - predvar
 11.         sort pair_id_numeric quarter_index
 12.         gen unique_id=_n
 13.         keep bordersegment `lhs`i'' diff_logmeanwks pair_id_numeric quarte
> r_index unique_id ehat predvar
 14. 
.         simulate wkscoef=r(wkscoef), reps(200) seed(20180802): myboot
 15.         qui summarize wkscoef
 16.         scalar bse`i' = r(sd)
 17. 
.         matrix IMP[`i',1]=coef`i'
 18.         matrix IMP[`i',2]=bse`i'
 19.         matrix IMP[`i',3]=nobs`i'
 20.         matrix IMP[`i',4]=rsq`i'
 21.         matrix IMP[`i',5]=2
 22. }
(15,236 observations deleted)

Panel variable: pair_id_numeric (strongly balanced)
 Time variable: quarter_index, 2 to 28
         Delta: 1 unit
The option factors() was renamed to ife(). In the future, please use the syntax
>  ife(pair_id_numeric quarter_index, 2) to specify the factor model.

REGIFE                                            Number of obs   =      31644
Panel structure: pair_id_numeric, quarter_index   F(   1,  29245) =      16.76
Factor dimension: 2                               Prob > F        =     0.0000
Converged: true                                   Root MSE        =     0.1135
                                                  Iterations      =          6
------------------------------------------------------------------------------
    did_logx | Coefficient  Std. err.      t    P>|t|     [95% conf. interval]
-------------+----------------------------------------------------------------
diff_logme~s |  -.0216775   .0052958    -4.09   0.000    -.0320576   -.0112974
------------------------------------------------------------------------------

      Command: myboot
      wkscoef: r(wkscoef)

Simulations (200): .........10.........20.........30.........40.........50.....
> ....60.........70.........80.........90.........100.........110.........120..
> .......130.........140.........150.........160.........170.........180.......
> ..190.........200 done
(15,236 observations deleted)

Panel variable: pair_id_numeric (strongly balanced)
 Time variable: quarter_index, 1 to 27
         Delta: 1 unit
The option factors() was renamed to ife(). In the future, please use the syntax
>  ife(pair_id_numeric quarter_index, 2) to specify the factor model.

REGIFE                                            Number of obs   =      31644
Panel structure: pair_id_numeric, quarter_index   F(   1,  29245) =       3.51
Factor dimension: 2                               Prob > F        =     0.0608
Converged: true                                   Root MSE        =     0.1857
                                                  Iterations      =          6
------------------------------------------------------------------------------
jolts_udif~r | Coefficient  Std. err.      t    P>|t|     [95% conf. interval]
-------------+----------------------------------------------------------------
diff_logme~s |   -.017214   .0091823    -1.87   0.061    -.0352117    .0007837
------------------------------------------------------------------------------

      Command: myboot
      wkscoef: r(wkscoef)

Simulations (200): .........10.........20.........30.........40.........50.....
> ....60.........70.........80.........90.........100.........110.........120..
> .......130.........140.........150.........160.........170.........180.......
> ..190.........200 done
(15,236 observations deleted)

Panel variable: pair_id_numeric (strongly balanced)
 Time variable: quarter_index, 1 to 27
         Delta: 1 unit
The option factors() was renamed to ife(). In the future, please use the syntax
>  ife(pair_id_numeric quarter_index, 2) to specify the factor model.

REGIFE                                            Number of obs   =      31644
Panel structure: pair_id_numeric, quarter_index   F(   1,  29245) =       8.74
Factor dimension: 2                               Prob > F        =     0.0031
Converged: true                                   Root MSE        =     0.0941
                                                  Iterations      =          6
------------------------------------------------------------------------------
jolts_udif~f | Coefficient  Std. err.      t    P>|t|     [95% conf. interval]
-------------+----------------------------------------------------------------
diff_logme~s |  -.0137478   .0046498    -2.96   0.003    -.0228615   -.0046341
------------------------------------------------------------------------------

      Command: myboot
      wkscoef: r(wkscoef)

Simulations (200): .........10.........20.........30.........40.........50.....
> ....60.........70.........80.........90.........100.........110.........120..
> .......130.........140.........150.........160.........170.........180.......
> ..190.........200 done

. 
. * Write CSV: row = column (1 Search / 2 Tightness / 3 Job-finding);
. * cols = [coef, bootstrap SE, N, R2, n_factors].
. clear

. quietly set obs 3

. svmat IMP
number of observations will be reset to 3
Press any key to continue, or Break to abort
Number of observations (_N) was 0, now 3.

. outsheet using "${latexdir}Imputed_Results.csv", comma nonames replace
(file
    /Users/mac/JPE-replications/JPE-Mitman-2016256/replication-package/replic
    > ation-package/output/factor_results/Imputed_Results.csv not found)

. 
. cd "${CodeDirec}"
/Users/mac/JPE-replications/JPE-Mitman-2016256/replication-package/replication-
> package/code/analysis

. 
end of do-file
