
  ___  ____  ____  ____  ____ ®
 /__    /   ____/   /   ____/      StataNow 19.5
___/   /   /___/   /   /___/       MP—Parallel Edition

 Statistics and Data Science       Copyright 1985-2025 StataCorp LLC
                                   StataCorp
                                   4905 Lakeway Drive
                                   College Station, Texas 77845 USA
                                   800-782-8272        https://www.stata.com
                                   979-696-4600        service@stata.com

Stata license: Unlimited-user 2-core network, expiring  8 Jun 2027
Serial number: 501909302568
  Licensed to: wiktorze
               Sciences Po

Notes:
      1. Stata is running in batch mode.
      2. Unicode is supported; see help unicode_advice.
      3. More than 2 billion observations are allowed; see help obs_advice.
      4. Maximum number of variables is set to 5,000 but can be increased;
          see help set_maxvar.

. do analysis/MO_Tightness_Figures.do 

. * ---------------------------------------------------------------------------
. * MO_Tightness_Figures.do  ->  the Missouri tightness-dynamics figures
. *   fig:MO_All_Borders     -> motight_pooled.pdf
. *   fig:MO_Each_Border     -> motight_all.pdf
. *   fig:motight_border{11,46,52,56,59,81,82,83} -> motight_border{l}.pdf
. *   (inside fig:MO_vacPuD and fig:Tightness_MO_Borders)
. *
. * For each Missouri state border (MO = fipsstate 29 vs the neighbor), plots t
> he
. * cross-border difference in log labor-market tightness (V/U), binscattered a
> gainst
. * quarters-since-the-April-2011 benefit-duration cut (rdtime = quarter_index 
> - 26),
. * over the window 2010Q2 .. 2012Q1. Missouri is county_index2==1, so the diff
> erence
. * is log tightness_MO - log tightness_neighbor.
. *
. * *** VACANCY-GATED *** (uses the proprietary vacancy data): tightness uses
. * total_vacancies_state (state-level HWOL vacancies). The input
. * StateMonthlyBorderData_2018_07_25.dta is the proprietary state-level border
>  panel
. * (referenced in place under ${proprietary}, not copied/shipped). Reproduces 
> the
. * published figures with the real data; a synthetic state-vacancy panel would
>  be
. * needed to ship these figures (the county-level synthetic path does not cove
> r this
. * state-aggregated input).
. *
. * Figures are written bare into output/figures/ (flat-folder convention; the 
> paper's
. * \includegraphics use bare names, dropping figures/Missouri/). Needs `binsca
> tter`.
. * ---------------------------------------------------------------------------
. 
. do "config.do"

. * ===========================================================================
. * config.do  --  single path configuration for the replication archive.
. *
. * HOW TO RUN: from a Stata session whose working directory is `code/`, first
. *     do "config.do"
. * then run any pipeline script (also from `code/`), e.g. `do build/UIMacro_Bu
> ildData.do`.
. * Each pipeline script re-runs this file itself, so you can also run them dir
> ectly
. * from `code/`. EDIT THE ONE LINE below to this archive's location on your ma
> chine.
. * ===========================================================================
. 
. global root "/Users/mac/JPE-replications/JPE-Mitman-2016256/replication-packa
> ge/replication-package"          //  <-- EDIT: path to this archive

. 
. * --- derived locations (do not edit) ---
. global code          "${root}/code"

. global rawdata       "${root}/data/raw"

. global processed     "${root}/data/processed"

. global output        "${root}/output"

. global tables        "${output}/tables"

. global figures       "${output}/figures"

. global factor_csv    "${output}/factor_results"      // analysis/Matlab resul
> t CSVs (make_tables reads)

. global factor_inputs "${output}/factor_inputs"       // per-pair QBLS handoff
>  (regenerated by exporters)

. global synthetic     "${root}/synthetic-data"

. 
. * --- analysis convenience: cd "${maindirectory}"; use "${CurrentData}" / "${
> DataControls}.dta" ---
. global maindirectory "${processed}/"

. global CurrentData   "UIMacro_RevisionData.dta"

. global DataControls  "UIMacro_DataControls"

. global Wages         "ProcessedWages.dta"

. global outdirectory  "${factor_inputs}/"             // exporters write QBLS 
> here

. global latexdir      "${factor_csv}/"                // analysis/Matlab resul
> t CSVs (make_tables reads)

. 
. * --- vacancy data switch ---------------------------------------------------
. * vacfile/statefile are the two PROVIDED synthetic stand-ins for the propriet
> ary HWOL
. * inputs (synthetic-data/; the confidential HWOL data are NOT in this archive
> ). To reproduce the PUBLISHED (HWOL)
. * vacancy numbers, the Data Editor replaces these two files with the licensed
>  Conference
. * Board HWOL data and re-runs. See code/build/SYNTHETIC_VACANCY_PATH.md.
. global vacfile      "${synthetic}/new_vac_synthetic.dta"

. global statefile    "${synthetic}/StateMonthlyBorderData_synthetic.dta"

. * ImputedDataBorder is a BUILT intermediate, NOT shipped: the replicator gene
> rates it by
. * running the imputation (analysis/Impute_Input.do -> matlab/Run_Impute_Borde
> r.m ->
. * analysis/Impute_to_Stata.do) on ${vacfile}; it lands in data/processed/ (sy
> nthetic by
. * default, the real version if the Data Editor swaps in HWOL).
. global ImputedFile  "${processed}/ImputedDataBorder.dta"

. 
. * --- figure styling: the published figures were drawn under the classic
. * s2color scheme; Stata 18+ defaults to stcolor, which changes gridlines,
. * markers, and legend styling. Pin the scheme so regenerated figures match.
. cap set scheme s2color

. 
. * ensure the built-output folders exist (the archive ships them empty / absen
> t)
. cap mkdir "${processed}"

. cap mkdir "${output}"

. cap mkdir "${tables}"

. cap mkdir "${figures}"

. cap mkdir "${factor_csv}"

. cap mkdir "${factor_inputs}"

. 
. local ssc_packages "reghdfe binscatter regife outreg2 ftools coefplot tuples 
> hdfe mat2txt ivreg2 ranktest"

. if !missing("`ssc_packages'") { 
.         foreach pkg in `ssc_packages' {
  2.                 capture which `pkg' 
  3.                 if _rc == 111 {
  4.                         dis "Installing `pkg'"
  5.                         ssc install `pkg', replace
  6.                         }
  7.                 which `pkg' 
  8.                 }
/Users/mac/Library/Application Support/Stata/ado/plus/r/reghdfe.ado
*! version 6.13.1 10Jan2026
/Users/mac/Library/Application Support/Stata/ado/plus/b/binscatter.ado
*! version 7.02  24nov2013  Michael Stepner, stepner@mit.edu
/Users/mac/Library/Application Support/Stata/ado/plus/r/regife.ado
/Users/mac/Library/Application Support/Stata/ado/plus/o/outreg2.ado
*! outreg2 2.3.2  17aug2014 by roywada@hotmail.com
*! based on outreg 3.0.6/4.0.0 by john_gallup@alum.swarthmore.edu
/Users/mac/Library/Application Support/Stata/ado/plus/f/ftools.ado
*! version 2.50.0 09jan2026
/Users/mac/Library/Application Support/Stata/ado/plus/c/coefplot.ado
*! version 1.8.6  22feb2023  Ben Jann
/Users/mac/Library/Application Support/Stata/ado/plus/t/tuples.ado
*! version 4.3.0  25sep2025
/Users/mac/Library/Application Support/Stata/ado/plus/h/hdfe.ado
*! reghdfe 3.2.9 21feb2016
*! Sergio Correia (sergio.correia@duke.edu)
/Users/mac/Library/Application Support/Stata/ado/plus/m/mat2txt.ado
*! 1.1.2 Ben Jann 24 Nov 2004
*! 1.1.1 M Blasnik 18 Feb 2004
/Users/mac/Library/Application Support/Stata/ado/plus/i/ivreg2.ado
*! ivreg2 4.1.12  14aug2024
*! authors cfb & mes
*! see end of file for version comments
/Users/mac/Library/Application Support/Stata/ado/plus/r/ranktest.ado
*! ranktest 2.0.04  21sept2020
*! authors mes & fw; KP stat based on code by fk
*! see end of file for version comments
. }

. 
end of do-file

. global CodeDirec   ="${code}/analysis/"

. global proprietary "${synthetic}/" // synthetic stand-in for the proprietary 
> state-vacancy panel

. global maindirectory "${processed}/"

. if "${latexdir}"=="" global latexdir "${factor_csv}/"

. * State-border-panel switch: default = the real (proprietary-vacancy) file. F
> or a
. * shippable synthetic run, build code/build/Make_Synthetic_StateBorderData.do
>  and set
. *   global statefile "${rawdata}/StateMonthlyBorderData_synthetic.dta"
. * (public state columns + summed synthetic county vacancies; figures are demo
> nstrative).
. if "${statefile}"=="" global statefile "${proprietary}StateMonthlyBorderData_
> 2018_07_25.dta"

. 
. set more off, perm
(set more preference recorded)

. cap log close

. 
. use "${statefile}", clear
(SYNTHETIC StateMonthlyBorderData (public state cols + summed synthetic county 
> va)

. 
. * Keep border segments where one side is Missouri (fipsstate 29).
. gen temp=0

. replace temp = 1 if fipsstate==29
(960 real changes made)

. bys bordersegment: egen mopair=max(temp)

. drop temp

. keep if mopair==1
(23,760 observations deleted)

. 
. * Missouri = county_index2 1, neighbor = 2 (so cross-border diffs are MO - ne
> ighbor).
. gen county_index2=2

. replace county_index2=1 if fipsstate==29
(960 real changes made)

. 
. collapse county_index2 total_vacancies_state state_labor_sa state_l_u_post me
> anwks ///
>          year quarter pop state_unemp_count_sa, by(bordersegment fipsstate qu
> arter_index)

. 
. gen time=quarter_index

. 
. * Labor-market tightness (V/U), vacancy rate (V/L), unemployment rate (U/L), 
> and
. * their cross-border log differences (MO - neighbor). Note ln(tight) = ln(vac
> rate) -
. * ln(urate) since labor cancels, so diff_ltight = diff_lvac_sa - diff_lunemp 
> -- the
. * decomposition reported in tab:MO_V_U.
. gen tight=total_vacancies_state/state_unemp_count_sa
(64 missing values generated)

. gen vacrate_sa=total_vacancies_state/state_labor_sa
(64 missing values generated)

. gen unemp=state_unemp_count_sa/state_labor_sa

. sort bordersegment time county_index2

. by bordersegment time: gen diff_ltight= ln(tight[1])- ln(tight[2])
(64 missing values generated)

. by bordersegment time: gen diff_lvac_sa= ln(vacrate_sa[1])- ln(vacrate_sa[2])
(64 missing values generated)

. by bordersegment time: gen diff_lunemp= ln(unemp[1])- ln(unemp[2])

. 
. * Quarters since the April-2011 cut (quarter_index 26 = the cut).
. gen rdtime=time-26

. 
. * Window: 2010Q2 .. 2012Q1.
. local window (year==2012 & quarter<2) | year==2011 | (year==2010 & quarter>1)

. 
. * Per-border figures.
. levelsof bordersegment, local(levels)
11 46 52 56 59 81 82 83

. foreach l of local levels {
  2.     binscatter diff_ltight rdtime if bordersegment == `l' & (`window'), //
> /
>         rd(-0.5) discrete graphregion(fcolor(white)) ///
>         ytitle("Tightness") xtitle("Quarters since cut") scale(2)
  3.     graph export "${figures}/motight_border`l'.pdf", replace
  4. }
file
    /Users/mac/JPE-replications/JPE-Mitman-2016256/replication-package/replic
    > ation-package/output/figures/motight_border11.pdf saved as PDF format
file
    /Users/mac/JPE-replications/JPE-Mitman-2016256/replication-package/replic
    > ation-package/output/figures/motight_border46.pdf saved as PDF format
file
    /Users/mac/JPE-replications/JPE-Mitman-2016256/replication-package/replic
    > ation-package/output/figures/motight_border52.pdf saved as PDF format
file
    /Users/mac/JPE-replications/JPE-Mitman-2016256/replication-package/replic
    > ation-package/output/figures/motight_border56.pdf saved as PDF format
file
    /Users/mac/JPE-replications/JPE-Mitman-2016256/replication-package/replic
    > ation-package/output/figures/motight_border59.pdf saved as PDF format
file
    /Users/mac/JPE-replications/JPE-Mitman-2016256/replication-package/replic
    > ation-package/output/figures/motight_border81.pdf saved as PDF format
file
    /Users/mac/JPE-replications/JPE-Mitman-2016256/replication-package/replic
    > ation-package/output/figures/motight_border82.pdf saved as PDF format
file
    /Users/mac/JPE-replications/JPE-Mitman-2016256/replication-package/replic
    > ation-package/output/figures/motight_border83.pdf saved as PDF format

. 
. * Pooled across all Missouri borders.
. binscatter diff_ltight rdtime if (`window'), ///
>     rd(-0.5) discrete graphregion(fcolor(white)) ///
>     ytitle("Tightness") xtitle("Quarters since cut") scale(2)

. graph export "${figures}/motight_pooled.pdf", replace
file
    /Users/mac/JPE-replications/JPE-Mitman-2016256/replication-package/replic
    > ation-package/output/figures/motight_pooled.pdf saved as PDF format

. 
. * All borders overlaid, demeaned to their pre-cut (rdtime==-1) level.
. gen blah=diff_ltight if rdtime==-1
(624 missing values generated)

. bys bordersegment: egen pretight=min(blah)

. gen dm_tight = diff_ltight-pretight
(64 missing values generated)

. binscatter dm_tight rdtime if (`window'), by(bordersegment) ///
>     rd(-0.5) discrete graphregion(fcolor(white)) ///
>     ytitle("Tightness") xtitle("Quarters since cut") ///
>     legend( region(lw(none) m(zero)) ring(0) cols(2) pos(11) ///
>         lab(1 "AR") lab(2 "IL") lab(3 "IA") lab(4 "KS") lab(5 "KY") ///
>         lab(6 "NE") lab(7 "OK") lab(8 "TN")) scale(2)

. graph export "${figures}/motight_all.pdf", replace
file
    /Users/mac/JPE-replications/JPE-Mitman-2016256/replication-package/replic
    > ation-package/output/figures/motight_all.pdf saved as PDF format

. 
. * ---------------------------------------------------------------------------
. * tab:MO_V_U -- the jump in log V/U at the April-2011 cut, decomposed into th
> e
. * vacancy rise and the unemployment decline, per border. The jump is the
. * quarter-to-quarter change (did_*) in the cross-border log difference evalua
> ted
. * at the cut quarter (2011Q2 = quarter_index 26). Export one row per Missouri
. * border for make_tables.py (MO_V_U.csv: bordersegment, tightness, vacancies,
. * unemployment changes), sorted by bordersegment = AR,IL,IA,KS,KY,NE,OK,TN.
. * ---------------------------------------------------------------------------
. keep if county_index2==1
(320 observations deleted)

. sort bordersegment time

. by bordersegment: gen did_ltight  = diff_ltight[_n]  - diff_ltight[_n-1]
(40 missing values generated)

. by bordersegment: gen did_lvac_sa = diff_lvac_sa[_n] - diff_lvac_sa[_n-1]
(40 missing values generated)

. by bordersegment: gen did_lunemp  = diff_lunemp[_n]  - diff_lunemp[_n-1]
(8 missing values generated)

. 
. preserve

. keep if quarter_index==26
(312 observations deleted)

. sort bordersegment

. outsheet bordersegment did_ltight did_lvac_sa did_lunemp using "${latexdir}MO
> _V_U.csv", comma replace nonames
(file
    /Users/mac/JPE-replications/JPE-Mitman-2016256/replication-package/replic
    > ation-package/output/factor_results/MO_V_U.csv not found)

. restore

. 
. cd "${CodeDirec}"
/Users/mac/JPE-replications/JPE-Mitman-2016256/replication-package/replication-
> package/code/analysis

. 
end of do-file
