
  ___  ____  ____  ____  ____ ®
 /__    /   ____/   /   ____/      StataNow 19.5
___/   /   /___/   /   /___/       MP—Parallel Edition

 Statistics and Data Science       Copyright 1985-2025 StataCorp LLC
                                   StataCorp
                                   4905 Lakeway Drive
                                   College Station, Texas 77845 USA
                                   800-782-8272        https://www.stata.com
                                   979-696-4600        service@stata.com

Stata license: Unlimited-user 2-core network, expiring  8 Jun 2027
Serial number: 501909302568
  Licensed to: wiktorze
               Sciences Po

Notes:
      1. Stata is running in batch mode.
      2. Unicode is supported; see help unicode_advice.
      3. More than 2 billion observations are allowed; see help obs_advice.
      4. Maximum number of variables is set to 5,000 but can be increased;
          see help set_maxvar.

. do analysis/Mobility_LODES.do 

. * ---------------------------------------------------------------------------
. * Mobility_LODES.do  ->  paper tab:Mobility_LODES
. * "Unemployment Benefit Extensions and Mobility Across State Borders. LODES d
> ata."
. *
. * Bounds the potential commuting bias under the extreme assumption that every
. * cross-border commuter would instead have been unemployed in their home coun
> ty.
. * Construct a counterfactual home-county unemployment rate by adding half the
. * annual change in commuters (half-year time-aggregation adjustment) to the
. * unemployed count, then log / quasi-difference / pair-difference it
. * (qdk1_logadju_c). The benchmark interactive-effects time factors (fq1, fq2
. * from the Bench Col-1 regife) are held FIXED and the loadings + benefit
. * coefficient are re-estimated by absorbing pair x factor interactions
. * (reghdfe abs(i.pair#c.fq1 i.pair#c.fq2)) -- the same factors-fixed
. * decomposition used in Check_UFU. Inference is a residual cluster bootstrap
. * over border segments (200 reps).
. *
. *
. * Dependencies: ${CurrentData} (un-differenced, both counties) and the LODES
. * commuter file fraction_commuters_lite_flag.dta (fr_st_commuter, fr_cty_comm
> uter,
. * commuters, emp_byresidence; keyed pair_id_numeric year county_index), built
>  by
. * the LODES producer in code/build/RawDataScripts/LODES/.
. * Stata packages: regife, reghdfe.
. * ---------------------------------------------------------------------------
. 
. do "config.do"

. * ===========================================================================
. * config.do  --  single path configuration for the replication archive.
. *
. * HOW TO RUN: from a Stata session whose working directory is `code/`, first
. *     do "config.do"
. * then run any pipeline script (also from `code/`), e.g. `do build/UIMacro_Bu
> ildData.do`.
. * Each pipeline script re-runs this file itself, so you can also run them dir
> ectly
. * from `code/`. EDIT THE ONE LINE below to this archive's location on your ma
> chine.
. * ===========================================================================
. 
. global root "/Users/mac/JPE-replications/JPE-Mitman-2016256/replication-packa
> ge/replication-package"          //  <-- EDIT: path to this archive

. 
. * --- derived locations (do not edit) ---
. global code          "${root}/code"

. global rawdata       "${root}/data/raw"

. global processed     "${root}/data/processed"

. global output        "${root}/output"

. global tables        "${output}/tables"

. global figures       "${output}/figures"

. global factor_csv    "${output}/factor_results"      // analysis/Matlab resul
> t CSVs (make_tables reads)

. global factor_inputs "${output}/factor_inputs"       // per-pair QBLS handoff
>  (regenerated by exporters)

. global synthetic     "${root}/synthetic-data"

. 
. * --- analysis convenience: cd "${maindirectory}"; use "${CurrentData}" / "${
> DataControls}.dta" ---
. global maindirectory "${processed}/"

. global CurrentData   "UIMacro_RevisionData.dta"

. global DataControls  "UIMacro_DataControls"

. global Wages         "ProcessedWages.dta"

. global outdirectory  "${factor_inputs}/"             // exporters write QBLS 
> here

. global latexdir      "${factor_csv}/"                // analysis/Matlab resul
> t CSVs (make_tables reads)

. 
. * --- vacancy data switch ---------------------------------------------------
. * vacfile/statefile are the two PROVIDED synthetic stand-ins for the propriet
> ary HWOL
. * inputs (synthetic-data/; the confidential HWOL data are NOT in this archive
> ). To reproduce the PUBLISHED (HWOL)
. * vacancy numbers, the Data Editor replaces these two files with the licensed
>  Conference
. * Board HWOL data and re-runs. See code/build/SYNTHETIC_VACANCY_PATH.md.
. global vacfile      "${synthetic}/new_vac_synthetic.dta"

. global statefile    "${synthetic}/StateMonthlyBorderData_synthetic.dta"

. * ImputedDataBorder is a BUILT intermediate, NOT shipped: the replicator gene
> rates it by
. * running the imputation (analysis/Impute_Input.do -> matlab/Run_Impute_Borde
> r.m ->
. * analysis/Impute_to_Stata.do) on ${vacfile}; it lands in data/processed/ (sy
> nthetic by
. * default, the real version if the Data Editor swaps in HWOL).
. global ImputedFile  "${processed}/ImputedDataBorder.dta"

. 
. * --- figure styling: the published figures were drawn under the classic
. * s2color scheme; Stata 18+ defaults to stcolor, which changes gridlines,
. * markers, and legend styling. Pin the scheme so regenerated figures match.
. cap set scheme s2color

. 
. * ensure the built-output folders exist (the archive ships them empty / absen
> t)
. cap mkdir "${processed}"

. cap mkdir "${output}"

. cap mkdir "${tables}"

. cap mkdir "${figures}"

. cap mkdir "${factor_csv}"

. cap mkdir "${factor_inputs}"

. 
. local ssc_packages "reghdfe binscatter regife outreg2 ftools coefplot tuples 
> hdfe mat2txt ivreg2 ranktest"

. if !missing("`ssc_packages'") { 
.         foreach pkg in `ssc_packages' {
  2.                 capture which `pkg' 
  3.                 if _rc == 111 {
  4.                         dis "Installing `pkg'"
  5.                         ssc install `pkg', replace
  6.                         }
  7.                 which `pkg' 
  8.                 }
/Users/mac/Library/Application Support/Stata/ado/plus/r/reghdfe.ado
*! version 6.13.1 10Jan2026
/Users/mac/Library/Application Support/Stata/ado/plus/b/binscatter.ado
*! version 7.02  24nov2013  Michael Stepner, stepner@mit.edu
/Users/mac/Library/Application Support/Stata/ado/plus/r/regife.ado
/Users/mac/Library/Application Support/Stata/ado/plus/o/outreg2.ado
*! outreg2 2.3.2  17aug2014 by roywada@hotmail.com
*! based on outreg 3.0.6/4.0.0 by john_gallup@alum.swarthmore.edu
/Users/mac/Library/Application Support/Stata/ado/plus/f/ftools.ado
*! version 2.50.0 09jan2026
/Users/mac/Library/Application Support/Stata/ado/plus/c/coefplot.ado
*! version 1.8.6  22feb2023  Ben Jann
/Users/mac/Library/Application Support/Stata/ado/plus/t/tuples.ado
*! version 4.3.0  25sep2025
/Users/mac/Library/Application Support/Stata/ado/plus/h/hdfe.ado
*! reghdfe 3.2.9 21feb2016
*! Sergio Correia (sergio.correia@duke.edu)
/Users/mac/Library/Application Support/Stata/ado/plus/m/mat2txt.ado
*! 1.1.2 Ben Jann 24 Nov 2004
*! 1.1.1 M Blasnik 18 Feb 2004
/Users/mac/Library/Application Support/Stata/ado/plus/i/ivreg2.ado
*! ivreg2 4.1.12  14aug2024
*! authors cfb & mes
*! see end of file for version comments
/Users/mac/Library/Application Support/Stata/ado/plus/r/ranktest.ado
*! ranktest 2.0.04  21sept2020
*! authors mes & fw; KP stat based on code by fk
*! see end of file for version comments
. }

. 
end of do-file

. global CodeDirec ="${code}/analysis/"

. global CurrentData "UIMacro_RevisionData.dta"

. global maindirectory "${processed}/"

. global latexdir "${factor_csv}/"

. 
. set seed 5

. set more off, perm
(set more preference recorded)

. cap log close

. 
. cd "$maindirectory"
/Users/mac/JPE-replications/JPE-Mitman-2016256/replication-package/replication-
> package/data/processed

. use ${CurrentData}, clear

. 
. * The build may already carry commuter columns; drop them so the LODES merge 
> is
. * authoritative (capture so a missing variable is not an error).
. capture drop logfr_st_commuter logfr_cty_commuter logstate_commuters logcommu
> ters state_commuters

. capture drop diff_logfr_st_commuter diff_logfr_cty_commuter diff_logstate_com
> muters diff_logcommuters

. capture drop avgcommuters mincommuters st_min st_max bordersegment

. capture drop fr_st_commuter fr_cty_commuter commuters emp_byresidence

. 
. merge m:1 pair_id_numeric year county_index using "${rawdata}/fraction_commut
> ers_lite_flag.dta"

    Result                      Number of obs
    -----------------------------------------
    Not matched                       122,133
        from master                   119,872  (_merge==1)
        from using                      2,261  (_merge==2)

    Matched                           114,528  (_merge==3)
    -----------------------------------------

. drop if _merge==2
(2,261 observations deleted)

. drop _merge

. 
. sort pair_id_numeric quarter_index county_index

. gen state_commuters = fr_st_commuter*emp_byresidence
(121,732 missing values generated)

. foreach var of varlist fr_st_commuter fr_cty_commuter state_commuters commute
> rs {
  2. gen log`var'=ln(`var')
  3. by pair_id_numeric quarter_index: gen diff_log`var'=log`var'[1]-log`var'[2
> ]
  4. by pair_id_numeric quarter_index: gen diff_`var'=`var'[1]-`var'[2]
  5. }
(121,732 missing values generated)
(125,200 missing values generated)
(125,200 missing values generated)
(121,732 missing values generated)
(125,200 missing values generated)
(125,200 missing values generated)
(121,732 missing values generated)
(125,200 missing values generated)
(125,200 missing values generated)
(121,732 missing values generated)
(125,200 missing values generated)
(125,200 missing values generated)

. 
. * Half the annual (4-quarter) change in commuters -> counterfactual unemploym
> ent.
. sort pair_id_numeric county_index quarter_index

. foreach var of varlist state_commuters commuters{
  2. by pair_id_numeric county_index: gen tdiff4_`var'=`var'[_n]-`var'[_n-4]
  3. }
(132,576 missing values generated)
(132,576 missing values generated)

. 
. gen adju_c  = (unemp_count_laus+0.5*tdiff4_commuters)/labor_laus
(132,582 missing values generated)

. gen adju_s  = (unemp_count_laus+0.5*tdiff4_state_commuters)/labor_laus
(132,582 missing values generated)

. gen adju_c2 = (unemp_count_laus)/(labor_laus-0.5*tdiff4_commuters)
(132,582 missing values generated)

. gen adju_s2 = (unemp_count_laus)/(labor_laus-0.5*tdiff4_state_commuters)
(132,582 missing values generated)

. 
. sort pair_id_numeric quarter_index county_index

. foreach var of varlist adju_*{
  2. gen log`var'=ln(`var')
  3. by pair_id_numeric quarter_index: gen diff_log`var'=log`var'[1]-log`var'[2
> ]
  4. by pair_id_numeric quarter_index: gen diff_`var'=`var'[1]-`var'[2]
  5. }
(132,600 missing values generated)
(136,640 missing values generated)
(136,604 missing values generated)
(132,691 missing values generated)
(136,794 missing values generated)
(136,604 missing values generated)
(132,582 missing values generated)
(136,604 missing values generated)
(136,604 missing values generated)
(132,582 missing values generated)
(136,604 missing values generated)
(136,604 missing values generated)

. 
. drop if pair_id_numeric==.
(0 observations deleted)

. keep if county_index==1
(117,200 observations deleted)

. duplicates drop pair_id_numeric time, force

Duplicates in terms of pair_id_numeric time

(0 observations are duplicates)

. sort pair_id_numeric quarter_index

. 
. * Quasi-difference the counterfactual unemployment (same QD as the benchmark)
> .
. foreach var of varlist fr_st_commuter fr_cty_commuter state_commuters commute
> rs adju*{
  2. by pair_id_numeric: gen f1_`var' = diff_log`var'[_n+1]
  3. by pair_id_numeric: gen qdk1_log`var' = diff_log`var'-0.99*(1-seprate)*f1_
> `var'
  4. }
(62,600 missing values generated)
(64,024 missing values generated)
(62,600 missing values generated)
(64,024 missing values generated)
(62,600 missing values generated)
(64,024 missing values generated)
(62,600 missing values generated)
(64,024 missing values generated)
(68,320 missing values generated)
(69,578 missing values generated)
(68,397 missing values generated)
(69,671 missing values generated)
(68,302 missing values generated)
(69,554 missing values generated)
(68,302 missing values generated)
(69,554 missing values generated)

. 
. * Drop pairs entirely missing any analysis variable.
. foreach var of varlist                                                       
>                                                                              
>       ///
>         qdk1_logunemp_rate_laus qdk1_logunemp_add diff_logprod_priv diff_logp
> rod_all                    ///
>         diff_logmeanwks qdk1_logadju_c qdk1_logadju_c2 qdk1_logadju_s qdk1_lo
> gadju_s2 { ///
> 
  2.         qui bys pair_id_numeric fipsnumeric: egen nmissing=count(`var')
  3.         by pair_id_numeric: egen nmissing2=min(nmissing)
  4.         qui tab nmissing
  5.         drop if nmissing2==0
  6.         qui drop nmissing nmissing2
  7. 
. }
(0 observations deleted)
(0 observations deleted)
(0 observations deleted)
(0 observations deleted)
(0 observations deleted)
(2,400 observations deleted)
(0 observations deleted)
(0 observations deleted)
(0 observations deleted)

. 
. qui sort pair_id_numeric fipsnumeric year quarter

. qui by pair_id_numeric: gen temp=_n==1

. qui gen temp2=sum(temp)

. tab temp2

      temp2 |      Freq.     Percent        Cum.
------------+-----------------------------------
          1 |        100        0.09        0.09
          2 |        100        0.09        0.17
          3 |        100        0.09        0.26
          4 |        100        0.09        0.35
          5 |        100        0.09        0.44
          6 |        100        0.09        0.52
          7 |        100        0.09        0.61
          8 |        100        0.09        0.70
          9 |        100        0.09        0.78
         10 |        100        0.09        0.87
         11 |        100        0.09        0.96
         12 |        100        0.09        1.05
         13 |        100        0.09        1.13
         14 |        100        0.09        1.22
         15 |        100        0.09        1.31
         16 |        100        0.09        1.39
         17 |        100        0.09        1.48
         18 |        100        0.09        1.57
         19 |        100        0.09        1.66
         20 |        100        0.09        1.74
         21 |        100        0.09        1.83
         22 |        100        0.09        1.92
         23 |        100        0.09        2.00
         24 |        100        0.09        2.09
         25 |        100        0.09        2.18
         26 |        100        0.09        2.26
         27 |        100        0.09        2.35
         28 |        100        0.09        2.44
         29 |        100        0.09        2.53
         30 |        100        0.09        2.61
         31 |        100        0.09        2.70
         32 |        100        0.09        2.79
         33 |        100        0.09        2.87
         34 |        100        0.09        2.96
         35 |        100        0.09        3.05
         36 |        100        0.09        3.14
         37 |        100        0.09        3.22
         38 |        100        0.09        3.31
         39 |        100        0.09        3.40
         40 |        100        0.09        3.48
         41 |        100        0.09        3.57
         42 |        100        0.09        3.66
         43 |        100        0.09        3.75
         44 |        100        0.09        3.83
         45 |        100        0.09        3.92
         46 |        100        0.09        4.01
         47 |        100        0.09        4.09
         48 |        100        0.09        4.18
         49 |        100        0.09        4.27
         50 |        100        0.09        4.36
         51 |        100        0.09        4.44
         52 |        100        0.09        4.53
         53 |        100        0.09        4.62
         54 |        100        0.09        4.70
         55 |        100        0.09        4.79
         56 |        100        0.09        4.88
         57 |        100        0.09        4.97
         58 |        100        0.09        5.05
         59 |        100        0.09        5.14
         60 |        100        0.09        5.23
         61 |        100        0.09        5.31
         62 |        100        0.09        5.40
         63 |        100        0.09        5.49
         64 |        100        0.09        5.57
         65 |        100        0.09        5.66
         66 |        100        0.09        5.75
         67 |        100        0.09        5.84
         68 |        100        0.09        5.92
         69 |        100        0.09        6.01
         70 |        100        0.09        6.10
         71 |        100        0.09        6.18
         72 |        100        0.09        6.27
         73 |        100        0.09        6.36
         74 |        100        0.09        6.45
         75 |        100        0.09        6.53
         76 |        100        0.09        6.62
         77 |        100        0.09        6.71
         78 |        100        0.09        6.79
         79 |        100        0.09        6.88
         80 |        100        0.09        6.97
         81 |        100        0.09        7.06
         82 |        100        0.09        7.14
         83 |        100        0.09        7.23
         84 |        100        0.09        7.32
         85 |        100        0.09        7.40
         86 |        100        0.09        7.49
         87 |        100        0.09        7.58
         88 |        100        0.09        7.67
         89 |        100        0.09        7.75
         90 |        100        0.09        7.84
         91 |        100        0.09        7.93
         92 |        100        0.09        8.01
         93 |        100        0.09        8.10
         94 |        100        0.09        8.19
         95 |        100        0.09        8.28
         96 |        100        0.09        8.36
         97 |        100        0.09        8.45
         98 |        100        0.09        8.54
         99 |        100        0.09        8.62
        100 |        100        0.09        8.71
        101 |        100        0.09        8.80
        102 |        100        0.09        8.89
        103 |        100        0.09        8.97
        104 |        100        0.09        9.06
        105 |        100        0.09        9.15
        106 |        100        0.09        9.23
        107 |        100        0.09        9.32
        108 |        100        0.09        9.41
        109 |        100        0.09        9.49
        110 |        100        0.09        9.58
        111 |        100        0.09        9.67
        112 |        100        0.09        9.76
        113 |        100        0.09        9.84
        114 |        100        0.09        9.93
        115 |        100        0.09       10.02
        116 |        100        0.09       10.10
        117 |        100        0.09       10.19
        118 |        100        0.09       10.28
        119 |        100        0.09       10.37
        120 |        100        0.09       10.45
        121 |        100        0.09       10.54
        122 |        100        0.09       10.63
        123 |        100        0.09       10.71
        124 |        100        0.09       10.80
        125 |        100        0.09       10.89
        126 |        100        0.09       10.98
        127 |        100        0.09       11.06
        128 |        100        0.09       11.15
        129 |        100        0.09       11.24
        130 |        100        0.09       11.32
        131 |        100        0.09       11.41
        132 |        100        0.09       11.50
        133 |        100        0.09       11.59
        134 |        100        0.09       11.67
        135 |        100        0.09       11.76
        136 |        100        0.09       11.85
        137 |        100        0.09       11.93
        138 |        100        0.09       12.02
        139 |        100        0.09       12.11
        140 |        100        0.09       12.20
        141 |        100        0.09       12.28
        142 |        100        0.09       12.37
        143 |        100        0.09       12.46
        144 |        100        0.09       12.54
        145 |        100        0.09       12.63
        146 |        100        0.09       12.72
        147 |        100        0.09       12.80
        148 |        100        0.09       12.89
        149 |        100        0.09       12.98
        150 |        100        0.09       13.07
        151 |        100        0.09       13.15
        152 |        100        0.09       13.24
        153 |        100        0.09       13.33
        154 |        100        0.09       13.41
        155 |        100        0.09       13.50
        156 |        100        0.09       13.59
        157 |        100        0.09       13.68
        158 |        100        0.09       13.76
        159 |        100        0.09       13.85
        160 |        100        0.09       13.94
        161 |        100        0.09       14.02
        162 |        100        0.09       14.11
        163 |        100        0.09       14.20
        164 |        100        0.09       14.29
        165 |        100        0.09       14.37
        166 |        100        0.09       14.46
        167 |        100        0.09       14.55
        168 |        100        0.09       14.63
        169 |        100        0.09       14.72
        170 |        100        0.09       14.81
        171 |        100        0.09       14.90
        172 |        100        0.09       14.98
        173 |        100        0.09       15.07
        174 |        100        0.09       15.16
        175 |        100        0.09       15.24
        176 |        100        0.09       15.33
        177 |        100        0.09       15.42
        178 |        100        0.09       15.51
        179 |        100        0.09       15.59
        180 |        100        0.09       15.68
        181 |        100        0.09       15.77
        182 |        100        0.09       15.85
        183 |        100        0.09       15.94
        184 |        100        0.09       16.03
        185 |        100        0.09       16.11
        186 |        100        0.09       16.20
        187 |        100        0.09       16.29
        188 |        100        0.09       16.38
        189 |        100        0.09       16.46
        190 |        100        0.09       16.55
        191 |        100        0.09       16.64
        192 |        100        0.09       16.72
        193 |        100        0.09       16.81
        194 |        100        0.09       16.90
        195 |        100        0.09       16.99
        196 |        100        0.09       17.07
        197 |        100        0.09       17.16
        198 |        100        0.09       17.25
        199 |        100        0.09       17.33
        200 |        100        0.09       17.42
        201 |        100        0.09       17.51
        202 |        100        0.09       17.60
        203 |        100        0.09       17.68
        204 |        100        0.09       17.77
        205 |        100        0.09       17.86
        206 |        100        0.09       17.94
        207 |        100        0.09       18.03
        208 |        100        0.09       18.12
        209 |        100        0.09       18.21
        210 |        100        0.09       18.29
        211 |        100        0.09       18.38
        212 |        100        0.09       18.47
        213 |        100        0.09       18.55
        214 |        100        0.09       18.64
        215 |        100        0.09       18.73
        216 |        100        0.09       18.82
        217 |        100        0.09       18.90
        218 |        100        0.09       18.99
        219 |        100        0.09       19.08
        220 |        100        0.09       19.16
        221 |        100        0.09       19.25
        222 |        100        0.09       19.34
        223 |        100        0.09       19.43
        224 |        100        0.09       19.51
        225 |        100        0.09       19.60
        226 |        100        0.09       19.69
        227 |        100        0.09       19.77
        228 |        100        0.09       19.86
        229 |        100        0.09       19.95
        230 |        100        0.09       20.03
        231 |        100        0.09       20.12
        232 |        100        0.09       20.21
        233 |        100        0.09       20.30
        234 |        100        0.09       20.38
        235 |        100        0.09       20.47
        236 |        100        0.09       20.56
        237 |        100        0.09       20.64
        238 |        100        0.09       20.73
        239 |        100        0.09       20.82
        240 |        100        0.09       20.91
        241 |        100        0.09       20.99
        242 |        100        0.09       21.08
        243 |        100        0.09       21.17
        244 |        100        0.09       21.25
        245 |        100        0.09       21.34
        246 |        100        0.09       21.43
        247 |        100        0.09       21.52
        248 |        100        0.09       21.60
        249 |        100        0.09       21.69
        250 |        100        0.09       21.78
        251 |        100        0.09       21.86
        252 |        100        0.09       21.95
        253 |        100        0.09       22.04
        254 |        100        0.09       22.13
        255 |        100        0.09       22.21
        256 |        100        0.09       22.30
        257 |        100        0.09       22.39
        258 |        100        0.09       22.47
        259 |        100        0.09       22.56
        260 |        100        0.09       22.65
        261 |        100        0.09       22.74
        262 |        100        0.09       22.82
        263 |        100        0.09       22.91
        264 |        100        0.09       23.00
        265 |        100        0.09       23.08
        266 |        100        0.09       23.17
        267 |        100        0.09       23.26
        268 |        100        0.09       23.34
        269 |        100        0.09       23.43
        270 |        100        0.09       23.52
        271 |        100        0.09       23.61
        272 |        100        0.09       23.69
        273 |        100        0.09       23.78
        274 |        100        0.09       23.87
        275 |        100        0.09       23.95
        276 |        100        0.09       24.04
        277 |        100        0.09       24.13
        278 |        100        0.09       24.22
        279 |        100        0.09       24.30
        280 |        100        0.09       24.39
        281 |        100        0.09       24.48
        282 |        100        0.09       24.56
        283 |        100        0.09       24.65
        284 |        100        0.09       24.74
        285 |        100        0.09       24.83
        286 |        100        0.09       24.91
        287 |        100        0.09       25.00
        288 |        100        0.09       25.09
        289 |        100        0.09       25.17
        290 |        100        0.09       25.26
        291 |        100        0.09       25.35
        292 |        100        0.09       25.44
        293 |        100        0.09       25.52
        294 |        100        0.09       25.61
        295 |        100        0.09       25.70
        296 |        100        0.09       25.78
        297 |        100        0.09       25.87
        298 |        100        0.09       25.96
        299 |        100        0.09       26.05
        300 |        100        0.09       26.13
        301 |        100        0.09       26.22
        302 |        100        0.09       26.31
        303 |        100        0.09       26.39
        304 |        100        0.09       26.48
        305 |        100        0.09       26.57
        306 |        100        0.09       26.66
        307 |        100        0.09       26.74
        308 |        100        0.09       26.83
        309 |        100        0.09       26.92
        310 |        100        0.09       27.00
        311 |        100        0.09       27.09
        312 |        100        0.09       27.18
        313 |        100        0.09       27.26
        314 |        100        0.09       27.35
        315 |        100        0.09       27.44
        316 |        100        0.09       27.53
        317 |        100        0.09       27.61
        318 |        100        0.09       27.70
        319 |        100        0.09       27.79
        320 |        100        0.09       27.87
        321 |        100        0.09       27.96
        322 |        100        0.09       28.05
        323 |        100        0.09       28.14
        324 |        100        0.09       28.22
        325 |        100        0.09       28.31
        326 |        100        0.09       28.40
        327 |        100        0.09       28.48
        328 |        100        0.09       28.57
        329 |        100        0.09       28.66
        330 |        100        0.09       28.75
        331 |        100        0.09       28.83
        332 |        100        0.09       28.92
        333 |        100        0.09       29.01
        334 |        100        0.09       29.09
        335 |        100        0.09       29.18
        336 |        100        0.09       29.27
        337 |        100        0.09       29.36
        338 |        100        0.09       29.44
        339 |        100        0.09       29.53
        340 |        100        0.09       29.62
        341 |        100        0.09       29.70
        342 |        100        0.09       29.79
        343 |        100        0.09       29.88
        344 |        100        0.09       29.97
        345 |        100        0.09       30.05
        346 |        100        0.09       30.14
        347 |        100        0.09       30.23
        348 |        100        0.09       30.31
        349 |        100        0.09       30.40
        350 |        100        0.09       30.49
        351 |        100        0.09       30.57
        352 |        100        0.09       30.66
        353 |        100        0.09       30.75
        354 |        100        0.09       30.84
        355 |        100        0.09       30.92
        356 |        100        0.09       31.01
        357 |        100        0.09       31.10
        358 |        100        0.09       31.18
        359 |        100        0.09       31.27
        360 |        100        0.09       31.36
        361 |        100        0.09       31.45
        362 |        100        0.09       31.53
        363 |        100        0.09       31.62
        364 |        100        0.09       31.71
        365 |        100        0.09       31.79
        366 |        100        0.09       31.88
        367 |        100        0.09       31.97
        368 |        100        0.09       32.06
        369 |        100        0.09       32.14
        370 |        100        0.09       32.23
        371 |        100        0.09       32.32
        372 |        100        0.09       32.40
        373 |        100        0.09       32.49
        374 |        100        0.09       32.58
        375 |        100        0.09       32.67
        376 |        100        0.09       32.75
        377 |        100        0.09       32.84
        378 |        100        0.09       32.93
        379 |        100        0.09       33.01
        380 |        100        0.09       33.10
        381 |        100        0.09       33.19
        382 |        100        0.09       33.28
        383 |        100        0.09       33.36
        384 |        100        0.09       33.45
        385 |        100        0.09       33.54
        386 |        100        0.09       33.62
        387 |        100        0.09       33.71
        388 |        100        0.09       33.80
        389 |        100        0.09       33.89
        390 |        100        0.09       33.97
        391 |        100        0.09       34.06
        392 |        100        0.09       34.15
        393 |        100        0.09       34.23
        394 |        100        0.09       34.32
        395 |        100        0.09       34.41
        396 |        100        0.09       34.49
        397 |        100        0.09       34.58
        398 |        100        0.09       34.67
        399 |        100        0.09       34.76
        400 |        100        0.09       34.84
        401 |        100        0.09       34.93
        402 |        100        0.09       35.02
        403 |        100        0.09       35.10
        404 |        100        0.09       35.19
        405 |        100        0.09       35.28
        406 |        100        0.09       35.37
        407 |        100        0.09       35.45
        408 |        100        0.09       35.54
        409 |        100        0.09       35.63
        410 |        100        0.09       35.71
        411 |        100        0.09       35.80
        412 |        100        0.09       35.89
        413 |        100        0.09       35.98
        414 |        100        0.09       36.06
        415 |        100        0.09       36.15
        416 |        100        0.09       36.24
        417 |        100        0.09       36.32
        418 |        100        0.09       36.41
        419 |        100        0.09       36.50
        420 |        100        0.09       36.59
        421 |        100        0.09       36.67
        422 |        100        0.09       36.76
        423 |        100        0.09       36.85
        424 |        100        0.09       36.93
        425 |        100        0.09       37.02
        426 |        100        0.09       37.11
        427 |        100        0.09       37.20
        428 |        100        0.09       37.28
        429 |        100        0.09       37.37
        430 |        100        0.09       37.46
        431 |        100        0.09       37.54
        432 |        100        0.09       37.63
        433 |        100        0.09       37.72
        434 |        100        0.09       37.80
        435 |        100        0.09       37.89
        436 |        100        0.09       37.98
        437 |        100        0.09       38.07
        438 |        100        0.09       38.15
        439 |        100        0.09       38.24
        440 |        100        0.09       38.33
        441 |        100        0.09       38.41
        442 |        100        0.09       38.50
        443 |        100        0.09       38.59
        444 |        100        0.09       38.68
        445 |        100        0.09       38.76
        446 |        100        0.09       38.85
        447 |        100        0.09       38.94
        448 |        100        0.09       39.02
        449 |        100        0.09       39.11
        450 |        100        0.09       39.20
        451 |        100        0.09       39.29
        452 |        100        0.09       39.37
        453 |        100        0.09       39.46
        454 |        100        0.09       39.55
        455 |        100        0.09       39.63
        456 |        100        0.09       39.72
        457 |        100        0.09       39.81
        458 |        100        0.09       39.90
        459 |        100        0.09       39.98
        460 |        100        0.09       40.07
        461 |        100        0.09       40.16
        462 |        100        0.09       40.24
        463 |        100        0.09       40.33
        464 |        100        0.09       40.42
        465 |        100        0.09       40.51
        466 |        100        0.09       40.59
        467 |        100        0.09       40.68
        468 |        100        0.09       40.77
        469 |        100        0.09       40.85
        470 |        100        0.09       40.94
        471 |        100        0.09       41.03
        472 |        100        0.09       41.11
        473 |        100        0.09       41.20
        474 |        100        0.09       41.29
        475 |        100        0.09       41.38
        476 |        100        0.09       41.46
        477 |        100        0.09       41.55
        478 |        100        0.09       41.64
        479 |        100        0.09       41.72
        480 |        100        0.09       41.81
        481 |        100        0.09       41.90
        482 |        100        0.09       41.99
        483 |        100        0.09       42.07
        484 |        100        0.09       42.16
        485 |        100        0.09       42.25
        486 |        100        0.09       42.33
        487 |        100        0.09       42.42
        488 |        100        0.09       42.51
        489 |        100        0.09       42.60
        490 |        100        0.09       42.68
        491 |        100        0.09       42.77
        492 |        100        0.09       42.86
        493 |        100        0.09       42.94
        494 |        100        0.09       43.03
        495 |        100        0.09       43.12
        496 |        100        0.09       43.21
        497 |        100        0.09       43.29
        498 |        100        0.09       43.38
        499 |        100        0.09       43.47
        500 |        100        0.09       43.55
        501 |        100        0.09       43.64
        502 |        100        0.09       43.73
        503 |        100        0.09       43.82
        504 |        100        0.09       43.90
        505 |        100        0.09       43.99
        506 |        100        0.09       44.08
        507 |        100        0.09       44.16
        508 |        100        0.09       44.25
        509 |        100        0.09       44.34
        510 |        100        0.09       44.43
        511 |        100        0.09       44.51
        512 |        100        0.09       44.60
        513 |        100        0.09       44.69
        514 |        100        0.09       44.77
        515 |        100        0.09       44.86
        516 |        100        0.09       44.95
        517 |        100        0.09       45.03
        518 |        100        0.09       45.12
        519 |        100        0.09       45.21
        520 |        100        0.09       45.30
        521 |        100        0.09       45.38
        522 |        100        0.09       45.47
        523 |        100        0.09       45.56
        524 |        100        0.09       45.64
        525 |        100        0.09       45.73
        526 |        100        0.09       45.82
        527 |        100        0.09       45.91
        528 |        100        0.09       45.99
        529 |        100        0.09       46.08
        530 |        100        0.09       46.17
        531 |        100        0.09       46.25
        532 |        100        0.09       46.34
        533 |        100        0.09       46.43
        534 |        100        0.09       46.52
        535 |        100        0.09       46.60
        536 |        100        0.09       46.69
        537 |        100        0.09       46.78
        538 |        100        0.09       46.86
        539 |        100        0.09       46.95
        540 |        100        0.09       47.04
        541 |        100        0.09       47.13
        542 |        100        0.09       47.21
        543 |        100        0.09       47.30
        544 |        100        0.09       47.39
        545 |        100        0.09       47.47
        546 |        100        0.09       47.56
        547 |        100        0.09       47.65
        548 |        100        0.09       47.74
        549 |        100        0.09       47.82
        550 |        100        0.09       47.91
        551 |        100        0.09       48.00
        552 |        100        0.09       48.08
        553 |        100        0.09       48.17
        554 |        100        0.09       48.26
        555 |        100        0.09       48.34
        556 |        100        0.09       48.43
        557 |        100        0.09       48.52
        558 |        100        0.09       48.61
        559 |        100        0.09       48.69
        560 |        100        0.09       48.78
        561 |        100        0.09       48.87
        562 |        100        0.09       48.95
        563 |        100        0.09       49.04
        564 |        100        0.09       49.13
        565 |        100        0.09       49.22
        566 |        100        0.09       49.30
        567 |        100        0.09       49.39
        568 |        100        0.09       49.48
        569 |        100        0.09       49.56
        570 |        100        0.09       49.65
        571 |        100        0.09       49.74
        572 |        100        0.09       49.83
        573 |        100        0.09       49.91
        574 |        100        0.09       50.00
        575 |        100        0.09       50.09
        576 |        100        0.09       50.17
        577 |        100        0.09       50.26
        578 |        100        0.09       50.35
        579 |        100        0.09       50.44
        580 |        100        0.09       50.52
        581 |        100        0.09       50.61
        582 |        100        0.09       50.70
        583 |        100        0.09       50.78
        584 |        100        0.09       50.87
        585 |        100        0.09       50.96
        586 |        100        0.09       51.05
        587 |        100        0.09       51.13
        588 |        100        0.09       51.22
        589 |        100        0.09       51.31
        590 |        100        0.09       51.39
        591 |        100        0.09       51.48
        592 |        100        0.09       51.57
        593 |        100        0.09       51.66
        594 |        100        0.09       51.74
        595 |        100        0.09       51.83
        596 |        100        0.09       51.92
        597 |        100        0.09       52.00
        598 |        100        0.09       52.09
        599 |        100        0.09       52.18
        600 |        100        0.09       52.26
        601 |        100        0.09       52.35
        602 |        100        0.09       52.44
        603 |        100        0.09       52.53
        604 |        100        0.09       52.61
        605 |        100        0.09       52.70
        606 |        100        0.09       52.79
        607 |        100        0.09       52.87
        608 |        100        0.09       52.96
        609 |        100        0.09       53.05
        610 |        100        0.09       53.14
        611 |        100        0.09       53.22
        612 |        100        0.09       53.31
        613 |        100        0.09       53.40
        614 |        100        0.09       53.48
        615 |        100        0.09       53.57
        616 |        100        0.09       53.66
        617 |        100        0.09       53.75
        618 |        100        0.09       53.83
        619 |        100        0.09       53.92
        620 |        100        0.09       54.01
        621 |        100        0.09       54.09
        622 |        100        0.09       54.18
        623 |        100        0.09       54.27
        624 |        100        0.09       54.36
        625 |        100        0.09       54.44
        626 |        100        0.09       54.53
        627 |        100        0.09       54.62
        628 |        100        0.09       54.70
        629 |        100        0.09       54.79
        630 |        100        0.09       54.88
        631 |        100        0.09       54.97
        632 |        100        0.09       55.05
        633 |        100        0.09       55.14
        634 |        100        0.09       55.23
        635 |        100        0.09       55.31
        636 |        100        0.09       55.40
        637 |        100        0.09       55.49
        638 |        100        0.09       55.57
        639 |        100        0.09       55.66
        640 |        100        0.09       55.75
        641 |        100        0.09       55.84
        642 |        100        0.09       55.92
        643 |        100        0.09       56.01
        644 |        100        0.09       56.10
        645 |        100        0.09       56.18
        646 |        100        0.09       56.27
        647 |        100        0.09       56.36
        648 |        100        0.09       56.45
        649 |        100        0.09       56.53
        650 |        100        0.09       56.62
        651 |        100        0.09       56.71
        652 |        100        0.09       56.79
        653 |        100        0.09       56.88
        654 |        100        0.09       56.97
        655 |        100        0.09       57.06
        656 |        100        0.09       57.14
        657 |        100        0.09       57.23
        658 |        100        0.09       57.32
        659 |        100        0.09       57.40
        660 |        100        0.09       57.49
        661 |        100        0.09       57.58
        662 |        100        0.09       57.67
        663 |        100        0.09       57.75
        664 |        100        0.09       57.84
        665 |        100        0.09       57.93
        666 |        100        0.09       58.01
        667 |        100        0.09       58.10
        668 |        100        0.09       58.19
        669 |        100        0.09       58.28
        670 |        100        0.09       58.36
        671 |        100        0.09       58.45
        672 |        100        0.09       58.54
        673 |        100        0.09       58.62
        674 |        100        0.09       58.71
        675 |        100        0.09       58.80
        676 |        100        0.09       58.89
        677 |        100        0.09       58.97
        678 |        100        0.09       59.06
        679 |        100        0.09       59.15
        680 |        100        0.09       59.23
        681 |        100        0.09       59.32
        682 |        100        0.09       59.41
        683 |        100        0.09       59.49
        684 |        100        0.09       59.58
        685 |        100        0.09       59.67
        686 |        100        0.09       59.76
        687 |        100        0.09       59.84
        688 |        100        0.09       59.93
        689 |        100        0.09       60.02
        690 |        100        0.09       60.10
        691 |        100        0.09       60.19
        692 |        100        0.09       60.28
        693 |        100        0.09       60.37
        694 |        100        0.09       60.45
        695 |        100        0.09       60.54
        696 |        100        0.09       60.63
        697 |        100        0.09       60.71
        698 |        100        0.09       60.80
        699 |        100        0.09       60.89
        700 |        100        0.09       60.98
        701 |        100        0.09       61.06
        702 |        100        0.09       61.15
        703 |        100        0.09       61.24
        704 |        100        0.09       61.32
        705 |        100        0.09       61.41
        706 |        100        0.09       61.50
        707 |        100        0.09       61.59
        708 |        100        0.09       61.67
        709 |        100        0.09       61.76
        710 |        100        0.09       61.85
        711 |        100        0.09       61.93
        712 |        100        0.09       62.02
        713 |        100        0.09       62.11
        714 |        100        0.09       62.20
        715 |        100        0.09       62.28
        716 |        100        0.09       62.37
        717 |        100        0.09       62.46
        718 |        100        0.09       62.54
        719 |        100        0.09       62.63
        720 |        100        0.09       62.72
        721 |        100        0.09       62.80
        722 |        100        0.09       62.89
        723 |        100        0.09       62.98
        724 |        100        0.09       63.07
        725 |        100        0.09       63.15
        726 |        100        0.09       63.24
        727 |        100        0.09       63.33
        728 |        100        0.09       63.41
        729 |        100        0.09       63.50
        730 |        100        0.09       63.59
        731 |        100        0.09       63.68
        732 |        100        0.09       63.76
        733 |        100        0.09       63.85
        734 |        100        0.09       63.94
        735 |        100        0.09       64.02
        736 |        100        0.09       64.11
        737 |        100        0.09       64.20
        738 |        100        0.09       64.29
        739 |        100        0.09       64.37
        740 |        100        0.09       64.46
        741 |        100        0.09       64.55
        742 |        100        0.09       64.63
        743 |        100        0.09       64.72
        744 |        100        0.09       64.81
        745 |        100        0.09       64.90
        746 |        100        0.09       64.98
        747 |        100        0.09       65.07
        748 |        100        0.09       65.16
        749 |        100        0.09       65.24
        750 |        100        0.09       65.33
        751 |        100        0.09       65.42
        752 |        100        0.09       65.51
        753 |        100        0.09       65.59
        754 |        100        0.09       65.68
        755 |        100        0.09       65.77
        756 |        100        0.09       65.85
        757 |        100        0.09       65.94
        758 |        100        0.09       66.03
        759 |        100        0.09       66.11
        760 |        100        0.09       66.20
        761 |        100        0.09       66.29
        762 |        100        0.09       66.38
        763 |        100        0.09       66.46
        764 |        100        0.09       66.55
        765 |        100        0.09       66.64
        766 |        100        0.09       66.72
        767 |        100        0.09       66.81
        768 |        100        0.09       66.90
        769 |        100        0.09       66.99
        770 |        100        0.09       67.07
        771 |        100        0.09       67.16
        772 |        100        0.09       67.25
        773 |        100        0.09       67.33
        774 |        100        0.09       67.42
        775 |        100        0.09       67.51
        776 |        100        0.09       67.60
        777 |        100        0.09       67.68
        778 |        100        0.09       67.77
        779 |        100        0.09       67.86
        780 |        100        0.09       67.94
        781 |        100        0.09       68.03
        782 |        100        0.09       68.12
        783 |        100        0.09       68.21
        784 |        100        0.09       68.29
        785 |        100        0.09       68.38
        786 |        100        0.09       68.47
        787 |        100        0.09       68.55
        788 |        100        0.09       68.64
        789 |        100        0.09       68.73
        790 |        100        0.09       68.82
        791 |        100        0.09       68.90
        792 |        100        0.09       68.99
        793 |        100        0.09       69.08
        794 |        100        0.09       69.16
        795 |        100        0.09       69.25
        796 |        100        0.09       69.34
        797 |        100        0.09       69.43
        798 |        100        0.09       69.51
        799 |        100        0.09       69.60
        800 |        100        0.09       69.69
        801 |        100        0.09       69.77
        802 |        100        0.09       69.86
        803 |        100        0.09       69.95
        804 |        100        0.09       70.03
        805 |        100        0.09       70.12
        806 |        100        0.09       70.21
        807 |        100        0.09       70.30
        808 |        100        0.09       70.38
        809 |        100        0.09       70.47
        810 |        100        0.09       70.56
        811 |        100        0.09       70.64
        812 |        100        0.09       70.73
        813 |        100        0.09       70.82
        814 |        100        0.09       70.91
        815 |        100        0.09       70.99
        816 |        100        0.09       71.08
        817 |        100        0.09       71.17
        818 |        100        0.09       71.25
        819 |        100        0.09       71.34
        820 |        100        0.09       71.43
        821 |        100        0.09       71.52
        822 |        100        0.09       71.60
        823 |        100        0.09       71.69
        824 |        100        0.09       71.78
        825 |        100        0.09       71.86
        826 |        100        0.09       71.95
        827 |        100        0.09       72.04
        828 |        100        0.09       72.13
        829 |        100        0.09       72.21
        830 |        100        0.09       72.30
        831 |        100        0.09       72.39
        832 |        100        0.09       72.47
        833 |        100        0.09       72.56
        834 |        100        0.09       72.65
        835 |        100        0.09       72.74
        836 |        100        0.09       72.82
        837 |        100        0.09       72.91
        838 |        100        0.09       73.00
        839 |        100        0.09       73.08
        840 |        100        0.09       73.17
        841 |        100        0.09       73.26
        842 |        100        0.09       73.34
        843 |        100        0.09       73.43
        844 |        100        0.09       73.52
        845 |        100        0.09       73.61
        846 |        100        0.09       73.69
        847 |        100        0.09       73.78
        848 |        100        0.09       73.87
        849 |        100        0.09       73.95
        850 |        100        0.09       74.04
        851 |        100        0.09       74.13
        852 |        100        0.09       74.22
        853 |        100        0.09       74.30
        854 |        100        0.09       74.39
        855 |        100        0.09       74.48
        856 |        100        0.09       74.56
        857 |        100        0.09       74.65
        858 |        100        0.09       74.74
        859 |        100        0.09       74.83
        860 |        100        0.09       74.91
        861 |        100        0.09       75.00
        862 |        100        0.09       75.09
        863 |        100        0.09       75.17
        864 |        100        0.09       75.26
        865 |        100        0.09       75.35
        866 |        100        0.09       75.44
        867 |        100        0.09       75.52
        868 |        100        0.09       75.61
        869 |        100        0.09       75.70
        870 |        100        0.09       75.78
        871 |        100        0.09       75.87
        872 |        100        0.09       75.96
        873 |        100        0.09       76.05
        874 |        100        0.09       76.13
        875 |        100        0.09       76.22
        876 |        100        0.09       76.31
        877 |        100        0.09       76.39
        878 |        100        0.09       76.48
        879 |        100        0.09       76.57
        880 |        100        0.09       76.66
        881 |        100        0.09       76.74
        882 |        100        0.09       76.83
        883 |        100        0.09       76.92
        884 |        100        0.09       77.00
        885 |        100        0.09       77.09
        886 |        100        0.09       77.18
        887 |        100        0.09       77.26
        888 |        100        0.09       77.35
        889 |        100        0.09       77.44
        890 |        100        0.09       77.53
        891 |        100        0.09       77.61
        892 |        100        0.09       77.70
        893 |        100        0.09       77.79
        894 |        100        0.09       77.87
        895 |        100        0.09       77.96
        896 |        100        0.09       78.05
        897 |        100        0.09       78.14
        898 |        100        0.09       78.22
        899 |        100        0.09       78.31
        900 |        100        0.09       78.40
        901 |        100        0.09       78.48
        902 |        100        0.09       78.57
        903 |        100        0.09       78.66
        904 |        100        0.09       78.75
        905 |        100        0.09       78.83
        906 |        100        0.09       78.92
        907 |        100        0.09       79.01
        908 |        100        0.09       79.09
        909 |        100        0.09       79.18
        910 |        100        0.09       79.27
        911 |        100        0.09       79.36
        912 |        100        0.09       79.44
        913 |        100        0.09       79.53
        914 |        100        0.09       79.62
        915 |        100        0.09       79.70
        916 |        100        0.09       79.79
        917 |        100        0.09       79.88
        918 |        100        0.09       79.97
        919 |        100        0.09       80.05
        920 |        100        0.09       80.14
        921 |        100        0.09       80.23
        922 |        100        0.09       80.31
        923 |        100        0.09       80.40
        924 |        100        0.09       80.49
        925 |        100        0.09       80.57
        926 |        100        0.09       80.66
        927 |        100        0.09       80.75
        928 |        100        0.09       80.84
        929 |        100        0.09       80.92
        930 |        100        0.09       81.01
        931 |        100        0.09       81.10
        932 |        100        0.09       81.18
        933 |        100        0.09       81.27
        934 |        100        0.09       81.36
        935 |        100        0.09       81.45
        936 |        100        0.09       81.53
        937 |        100        0.09       81.62
        938 |        100        0.09       81.71
        939 |        100        0.09       81.79
        940 |        100        0.09       81.88
        941 |        100        0.09       81.97
        942 |        100        0.09       82.06
        943 |        100        0.09       82.14
        944 |        100        0.09       82.23
        945 |        100        0.09       82.32
        946 |        100        0.09       82.40
        947 |        100        0.09       82.49
        948 |        100        0.09       82.58
        949 |        100        0.09       82.67
        950 |        100        0.09       82.75
        951 |        100        0.09       82.84
        952 |        100        0.09       82.93
        953 |        100        0.09       83.01
        954 |        100        0.09       83.10
        955 |        100        0.09       83.19
        956 |        100        0.09       83.28
        957 |        100        0.09       83.36
        958 |        100        0.09       83.45
        959 |        100        0.09       83.54
        960 |        100        0.09       83.62
        961 |        100        0.09       83.71
        962 |        100        0.09       83.80
        963 |        100        0.09       83.89
        964 |        100        0.09       83.97
        965 |        100        0.09       84.06
        966 |        100        0.09       84.15
        967 |        100        0.09       84.23
        968 |        100        0.09       84.32
        969 |        100        0.09       84.41
        970 |        100        0.09       84.49
        971 |        100        0.09       84.58
        972 |        100        0.09       84.67
        973 |        100        0.09       84.76
        974 |        100        0.09       84.84
        975 |        100        0.09       84.93
        976 |        100        0.09       85.02
        977 |        100        0.09       85.10
        978 |        100        0.09       85.19
        979 |        100        0.09       85.28
        980 |        100        0.09       85.37
        981 |        100        0.09       85.45
        982 |        100        0.09       85.54
        983 |        100        0.09       85.63
        984 |        100        0.09       85.71
        985 |        100        0.09       85.80
        986 |        100        0.09       85.89
        987 |        100        0.09       85.98
        988 |        100        0.09       86.06
        989 |        100        0.09       86.15
        990 |        100        0.09       86.24
        991 |        100        0.09       86.32
        992 |        100        0.09       86.41
        993 |        100        0.09       86.50
        994 |        100        0.09       86.59
        995 |        100        0.09       86.67
        996 |        100        0.09       86.76
        997 |        100        0.09       86.85
        998 |        100        0.09       86.93
        999 |        100        0.09       87.02
       1000 |        100        0.09       87.11
       1001 |        100        0.09       87.20
       1002 |        100        0.09       87.28
       1003 |        100        0.09       87.37
       1004 |        100        0.09       87.46
       1005 |        100        0.09       87.54
       1006 |        100        0.09       87.63
       1007 |        100        0.09       87.72
       1008 |        100        0.09       87.80
       1009 |        100        0.09       87.89
       1010 |        100        0.09       87.98
       1011 |        100        0.09       88.07
       1012 |        100        0.09       88.15
       1013 |        100        0.09       88.24
       1014 |        100        0.09       88.33
       1015 |        100        0.09       88.41
       1016 |        100        0.09       88.50
       1017 |        100        0.09       88.59
       1018 |        100        0.09       88.68
       1019 |        100        0.09       88.76
       1020 |        100        0.09       88.85
       1021 |        100        0.09       88.94
       1022 |        100        0.09       89.02
       1023 |        100        0.09       89.11
       1024 |        100        0.09       89.20
       1025 |        100        0.09       89.29
       1026 |        100        0.09       89.37
       1027 |        100        0.09       89.46
       1028 |        100        0.09       89.55
       1029 |        100        0.09       89.63
       1030 |        100        0.09       89.72
       1031 |        100        0.09       89.81
       1032 |        100        0.09       89.90
       1033 |        100        0.09       89.98
       1034 |        100        0.09       90.07
       1035 |        100        0.09       90.16
       1036 |        100        0.09       90.24
       1037 |        100        0.09       90.33
       1038 |        100        0.09       90.42
       1039 |        100        0.09       90.51
       1040 |        100        0.09       90.59
       1041 |        100        0.09       90.68
       1042 |        100        0.09       90.77
       1043 |        100        0.09       90.85
       1044 |        100        0.09       90.94
       1045 |        100        0.09       91.03
       1046 |        100        0.09       91.11
       1047 |        100        0.09       91.20
       1048 |        100        0.09       91.29
       1049 |        100        0.09       91.38
       1050 |        100        0.09       91.46
       1051 |        100        0.09       91.55
       1052 |        100        0.09       91.64
       1053 |        100        0.09       91.72
       1054 |        100        0.09       91.81
       1055 |        100        0.09       91.90
       1056 |        100        0.09       91.99
       1057 |        100        0.09       92.07
       1058 |        100        0.09       92.16
       1059 |        100        0.09       92.25
       1060 |        100        0.09       92.33
       1061 |        100        0.09       92.42
       1062 |        100        0.09       92.51
       1063 |        100        0.09       92.60
       1064 |        100        0.09       92.68
       1065 |        100        0.09       92.77
       1066 |        100        0.09       92.86
       1067 |        100        0.09       92.94
       1068 |        100        0.09       93.03
       1069 |        100        0.09       93.12
       1070 |        100        0.09       93.21
       1071 |        100        0.09       93.29
       1072 |        100        0.09       93.38
       1073 |        100        0.09       93.47
       1074 |        100        0.09       93.55
       1075 |        100        0.09       93.64
       1076 |        100        0.09       93.73
       1077 |        100        0.09       93.82
       1078 |        100        0.09       93.90
       1079 |        100        0.09       93.99
       1080 |        100        0.09       94.08
       1081 |        100        0.09       94.16
       1082 |        100        0.09       94.25
       1083 |        100        0.09       94.34
       1084 |        100        0.09       94.43
       1085 |        100        0.09       94.51
       1086 |        100        0.09       94.60
       1087 |        100        0.09       94.69
       1088 |        100        0.09       94.77
       1089 |        100        0.09       94.86
       1090 |        100        0.09       94.95
       1091 |        100        0.09       95.03
       1092 |        100        0.09       95.12
       1093 |        100        0.09       95.21
       1094 |        100        0.09       95.30
       1095 |        100        0.09       95.38
       1096 |        100        0.09       95.47
       1097 |        100        0.09       95.56
       1098 |        100        0.09       95.64
       1099 |        100        0.09       95.73
       1100 |        100        0.09       95.82
       1101 |        100        0.09       95.91
       1102 |        100        0.09       95.99
       1103 |        100        0.09       96.08
       1104 |        100        0.09       96.17
       1105 |        100        0.09       96.25
       1106 |        100        0.09       96.34
       1107 |        100        0.09       96.43
       1108 |        100        0.09       96.52
       1109 |        100        0.09       96.60
       1110 |        100        0.09       96.69
       1111 |        100        0.09       96.78
       1112 |        100        0.09       96.86
       1113 |        100        0.09       96.95
       1114 |        100        0.09       97.04
       1115 |        100        0.09       97.13
       1116 |        100        0.09       97.21
       1117 |        100        0.09       97.30
       1118 |        100        0.09       97.39
       1119 |        100        0.09       97.47
       1120 |        100        0.09       97.56
       1121 |        100        0.09       97.65
       1122 |        100        0.09       97.74
       1123 |        100        0.09       97.82
       1124 |        100        0.09       97.91
       1125 |        100        0.09       98.00
       1126 |        100        0.09       98.08
       1127 |        100        0.09       98.17
       1128 |        100        0.09       98.26
       1129 |        100        0.09       98.34
       1130 |        100        0.09       98.43
       1131 |        100        0.09       98.52
       1132 |        100        0.09       98.61
       1133 |        100        0.09       98.69
       1134 |        100        0.09       98.78
       1135 |        100        0.09       98.87
       1136 |        100        0.09       98.95
       1137 |        100        0.09       99.04
       1138 |        100        0.09       99.13
       1139 |        100        0.09       99.22
       1140 |        100        0.09       99.30
       1141 |        100        0.09       99.39
       1142 |        100        0.09       99.48
       1143 |        100        0.09       99.56
       1144 |        100        0.09       99.65
       1145 |        100        0.09       99.74
       1146 |        100        0.09       99.83
       1147 |        100        0.09       99.91
       1148 |        100        0.09      100.00
------------+-----------------------------------
      Total |    114,800      100.00

. qui drop pair_id_numeric

. qui ren temp2 pair_id_numeric

. qui drop temp

. qui sum pair_id_numeric

. local maxid=r(max)

. qui sum time

. local mint=r(min)

. replace time=time-`mint'+1
(114,800 real changes made)

. 
. sort pair_id_numeric quarter_index

. 
. capture drop st_min st_max bordersegment

. bys pair_id_numeric: egen st_min=min(fipsstate)

. by  pair_id_numeric: egen st_max=max(fipsstate)

. egen bordersegment=group(st_min st_max)

. 
. keep if inrange(year,2005,2012)
(78,064 observations deleted)

. gen id = pair_id_numeric

. xtset id quarter_index

Panel variable: id (strongly balanced)
 Time variable: quarter_index, 1 to 32
         Delta: 1 unit

. 
. * Benchmark factors (Bench Col 1): save fixed time factors fq1, fq2.
. regife qdk1_logunemp_rate_laus diff_logmeanwks, noconst f(fid=id fq=quarter_i
> ndex,2)
The option factors() was renamed to ife(). In the future, please use the syntax
>  ife(fid=id fq=quarter_index,2) to specify the factor model.

REGIFE                                            Number of obs   =      36728
Panel structure: id, quarter_index                F(   1,  34367) =     185.71
Factor dimension: 2                               Prob > F        =     0.0000
Converged: true                                   Root MSE        =     0.0995
                                                  Iterations      =          6
------------------------------------------------------------------------------
qdk1_~e_laus | Coefficient  Std. err.      t    P>|t|     [95% conf. interval]
-------------+----------------------------------------------------------------
diff_logme~s |   .0529438    .003885    13.63   0.000      .045329    .0605586
------------------------------------------------------------------------------

. 
. * Re-estimate loadings + benefit coef on the counterfactual LHS, factors fixe
> d.
. reghdfe qdk1_logadju_c diff_logmeanwks if inrange(year,2005,2012), ///
>     abs(i.pair_id_numeric#c.fq1 i.pair_id_numeric#c.fq2) res(ehat)
(MWFE estimator converged in 6 iterations)

HDFE Linear regression                            Number of obs   =     32,956
Absorbing 2 HDFE groups                           F(   1,  30679) =     117.35
                                                  Prob > F        =     0.0000
                                                  R-squared       =     0.3423
                                                  Adj R-squared   =     0.2935
                                                  Within R-sq.    =     0.0038
                                                  Root MSE        =     0.1253

------------------------------------------------------------------------------
qdk1_logad~c | Coefficient  Std. err.      t    P>|t|     [95% conf. interval]
-------------+----------------------------------------------------------------
diff_logme~s |   .0547699   .0050559    10.83   0.000     .0448601    .0646798
------------------------------------------------------------------------------

Absorbed degrees of freedom:
---------------------------------------------------------------+
           Absorbed FE | Categories  - Redundant  = Num. Coefs |
-----------------------+---------------------------------------|
 pair_id_numeric#c.fq1 |      1138           0        1138    ?|
 pair_id_numeric#c.fq2 |      1138           0        1138    ?|
---------------------------------------------------------------+
? = number of redundant parameters may be higher

. scalar ml_coef = _b[diff_logmeanwks]

. scalar ml_n    = e(N)

. scalar ml_r2   = e(r2)

. 
. gen predvar = qdk1_logadju_c-ehat
(3,780 missing values generated)

. matrix observe=_b[diff_logmeanwks]

. sort pair_id_numeric quarter_index

. gen unique_id=_n

. keep bordersegment qdk1_logadju_c diff_logmeanwks id pair_id_numeric quarter_
> index unique_id ehat predvar fq1 fq2

. 
. * --- Residual cluster bootstrap over border segments (200 reps) ---
. capture program drop myboot

. program define myboot, rclass
  1. preserve
  2. tempfile OrigSamp
  3. save "`OrigSamp'"
  4. bsample, cluster(bordersegment) id(newborder)
  5. gen newid = newborder*10000+pair_id_numeric
  6. sort newborder pair_id_numeric quarter_index
  7. replace unique_id=_n
  8. keep unique_id ehat newid
  9. rename ehat ehatresamp
 10. merge 1:1 unique_id using "`OrigSamp'"
 11. keep if _merge==3
 12. gen LHSvar = predvar+ehatresamp
 13. xtset newid quarter_index
 14. reghdfe LHSvar diff_logmeanwks, abs(i.newid#c.fq1 i.newid#c.fq2)
 15. return scalar wkscoef=_b[diff_logmeanwks]
 16. restore
 17. end

. 
. simulate wkscoef=r(wkscoef), reps(200) seed(12345): myboot

      Command: myboot
      wkscoef: r(wkscoef)

Simulations (200): .........10.........20.........30.........40.........50.....
> ....60.........70.........80.........90.........100.........110.........120..
> .......130.........140.........150.........160.........170.........180.......
> ..190.........200 done

. qui summarize wkscoef

. scalar ml_bse = r(sd)

. 
. * Write the single-coefficient result: [coef, bootstrap SE, N.factors, R2, No
> bs].
. clear

. quietly set obs 1

. gen coef    = ml_coef

. gen bse     = ml_bse

. gen factors = 2

. gen r2      = ml_r2

. gen nobs    = ml_n

. outsheet coef bse factors r2 nobs using "${latexdir}Mobility_LODES.csv", comm
> a nonames replace
(file
    /Users/mac/JPE-replications/JPE-Mitman-2016256/replication-package/replic
    > ation-package/output/factor_results/Mobility_LODES.csv not found)

. 
. cd "${CodeDirec}"
/Users/mac/JPE-replications/JPE-Mitman-2016256/replication-package/replication-
> package/code/analysis

. 
end of do-file
