
  ___  ____  ____  ____  ____ ®
 /__    /   ____/   /   ____/      StataNow 19.5
___/   /   /___/   /   /___/       MP—Parallel Edition

 Statistics and Data Science       Copyright 1985-2025 StataCorp LLC
                                   StataCorp
                                   4905 Lakeway Drive
                                   College Station, Texas 77845 USA
                                   800-782-8272        https://www.stata.com
                                   979-696-4600        service@stata.com

Stata license: Unlimited-user 2-core network, expiring  8 Jun 2027
Serial number: 501909302568
  Licensed to: wiktorze
               Sciences Po

Notes:
      1. Stata is running in batch mode.
      2. Unicode is supported; see help unicode_advice.
      3. More than 2 billion observations are allowed; see help obs_advice.
      4. Maximum number of variables is set to 5,000 but can be increased;
          see help set_maxvar.

. do analysis/ModelPanelRegression.do 

. * ---------------------------------------------------------------------------
. * ModelPanelRegression.do  ->  model calibration coefficient (tab:calib check
> )
. *
. * The structural model is calibrated so that the SAME quasi-differenced (QD)
. * benefit regression run on MODEL-generated data returns the data's unemploym
> ent
. * coefficient (~0.0532). This script runs that regression on the simulated pa
> nel
. * written by code/model/RunModel.m (output/factor_results/ModelPanel_Base.txt
> ), confirming the
. * committed calibration (tab:calib h/xi/chi) reproduces coef ~0.0528.
. *
. * Panel columns (17, from nested_state_county_simulate.m, fixed order):
. *   pairid county time Fout Tout Vout Eout Uout Jout Zout AUout Aout Qout Pou
> t Phiout Dout VVout
. *   Uout = unemployment, Eout = benefit-duration weeks (the cross-county diff
> erence
. *   in log(Eout) is the benefit regressor, the model analog of diff_logmeanwk
> s).
. *
. * The QD transform mirrors the empirical spec: qd x = diff x - 0.9*0.99*lead(
> diff x),
. * where diff is the cross-county (county1 - county2) difference within the pa
> ir.
. * calibrate_model.m simulates ONE pair (cnum=1) as a long time series, so the
. * calibration coefficient is the plain QD time-series regression of qd-unempl
> oyment
. * on the cross-county benefit difference (no pair/IFE factors to remove -- th
> ere is
. * only one pair). The original version of this script combined many-pair
. * panels and ran the IFE (regife); on the single calibration panel the plain 
> QD
. * regression returns the same coefficient (0.0528).
. *
. * The model's v and theta QD coefficients are also reported for documentation
> , but
. * note they are NOT the Table-valid Model row: that row is the TRUE permanent
>  effect
. * from RunModel.m's schedule-shift simulation (0.157/-0.279/-0.133), not thes
> e
. * regression coefficients (see discoveries_lite.tex).
. *
. *
. * Output: output/factor_results/ModelCalibCoef.csv  (one row: coef_u coef_v c
> oef_t Nobs)
. * ---------------------------------------------------------------------------
. 
. clear all

. set matsize 11000
set matsize ignored.
    Matrix sizes are no longer limited by c(matsize) in modern Statas.
    Matrix sizes are now limited by edition of Stata.  See limits for more
    details.

. set maxvar 32767


. set more off, perm
(set more preference recorded)

. 
. do "config.do"

. * ===========================================================================
. * config.do  --  single path configuration for the replication archive.
. *
. * HOW TO RUN: from a Stata session whose working directory is `code/`, first
. *     do "config.do"
. * then run any pipeline script (also from `code/`), e.g. `do build/UIMacro_Bu
> ildData.do`.
. * Each pipeline script re-runs this file itself, so you can also run them dir
> ectly
. * from `code/`. EDIT THE ONE LINE below to this archive's location on your ma
> chine.
. * ===========================================================================
. 
. global root "/Users/mac/JPE-replications/JPE-Mitman-2016256/replication-packa
> ge/replication-package"          //  <-- EDIT: path to this archive

. 
. * --- derived locations (do not edit) ---
. global code          "${root}/code"

. global rawdata       "${root}/data/raw"

. global processed     "${root}/data/processed"

. global output        "${root}/output"

. global tables        "${output}/tables"

. global figures       "${output}/figures"

. global factor_csv    "${output}/factor_results"      // analysis/Matlab resul
> t CSVs (make_tables reads)

. global factor_inputs "${output}/factor_inputs"       // per-pair QBLS handoff
>  (regenerated by exporters)

. global synthetic     "${root}/synthetic-data"

. 
. * --- analysis convenience: cd "${maindirectory}"; use "${CurrentData}" / "${
> DataControls}.dta" ---
. global maindirectory "${processed}/"

. global CurrentData   "UIMacro_RevisionData.dta"

. global DataControls  "UIMacro_DataControls"

. global Wages         "ProcessedWages.dta"

. global outdirectory  "${factor_inputs}/"             // exporters write QBLS 
> here

. global latexdir      "${factor_csv}/"                // analysis/Matlab resul
> t CSVs (make_tables reads)

. 
. * --- vacancy data switch ---------------------------------------------------
. * vacfile/statefile are the two PROVIDED synthetic stand-ins for the propriet
> ary HWOL
. * inputs (synthetic-data/; the confidential HWOL data are NOT in this archive
> ). To reproduce the PUBLISHED (HWOL)
. * vacancy numbers, the Data Editor replaces these two files with the licensed
>  Conference
. * Board HWOL data and re-runs. See code/build/SYNTHETIC_VACANCY_PATH.md.
. global vacfile      "${synthetic}/new_vac_synthetic.dta"

. global statefile    "${synthetic}/StateMonthlyBorderData_synthetic.dta"

. * ImputedDataBorder is a BUILT intermediate, NOT shipped: the replicator gene
> rates it by
. * running the imputation (analysis/Impute_Input.do -> matlab/Run_Impute_Borde
> r.m ->
. * analysis/Impute_to_Stata.do) on ${vacfile}; it lands in data/processed/ (sy
> nthetic by
. * default, the real version if the Data Editor swaps in HWOL).
. global ImputedFile  "${processed}/ImputedDataBorder.dta"

. 
. * --- figure styling: the published figures were drawn under the classic
. * s2color scheme; Stata 18+ defaults to stcolor, which changes gridlines,
. * markers, and legend styling. Pin the scheme so regenerated figures match.
. cap set scheme s2color

. 
. * ensure the built-output folders exist (the archive ships them empty / absen
> t)
. cap mkdir "${processed}"

. cap mkdir "${output}"

. cap mkdir "${tables}"

. cap mkdir "${figures}"

. cap mkdir "${factor_csv}"

. cap mkdir "${factor_inputs}"

. 
. local ssc_packages "reghdfe binscatter regife outreg2 ftools coefplot tuples 
> hdfe mat2txt ivreg2 ranktest"

. if !missing("`ssc_packages'") { 
.         foreach pkg in `ssc_packages' {
  2.                 capture which `pkg' 
  3.                 if _rc == 111 {
  4.                         dis "Installing `pkg'"
  5.                         ssc install `pkg', replace
  6.                         }
  7.                 which `pkg' 
  8.                 }
/Users/mac/Library/Application Support/Stata/ado/plus/r/reghdfe.ado
*! version 6.13.1 10Jan2026
/Users/mac/Library/Application Support/Stata/ado/plus/b/binscatter.ado
*! version 7.02  24nov2013  Michael Stepner, stepner@mit.edu
/Users/mac/Library/Application Support/Stata/ado/plus/r/regife.ado
/Users/mac/Library/Application Support/Stata/ado/plus/o/outreg2.ado
*! outreg2 2.3.2  17aug2014 by roywada@hotmail.com
*! based on outreg 3.0.6/4.0.0 by john_gallup@alum.swarthmore.edu
/Users/mac/Library/Application Support/Stata/ado/plus/f/ftools.ado
*! version 2.50.0 09jan2026
/Users/mac/Library/Application Support/Stata/ado/plus/c/coefplot.ado
*! version 1.8.6  22feb2023  Ben Jann
/Users/mac/Library/Application Support/Stata/ado/plus/t/tuples.ado
*! version 4.3.0  25sep2025
/Users/mac/Library/Application Support/Stata/ado/plus/h/hdfe.ado
*! reghdfe 3.2.9 21feb2016
*! Sergio Correia (sergio.correia@duke.edu)
/Users/mac/Library/Application Support/Stata/ado/plus/m/mat2txt.ado
*! 1.1.2 Ben Jann 24 Nov 2004
*! 1.1.1 M Blasnik 18 Feb 2004
/Users/mac/Library/Application Support/Stata/ado/plus/i/ivreg2.ado
*! ivreg2 4.1.12  14aug2024
*! authors cfb & mes
*! see end of file for version comments
/Users/mac/Library/Application Support/Stata/ado/plus/r/ranktest.ado
*! ranktest 2.0.04  21sept2020
*! authors mes & fw; KP stat based on code by fk
*! see end of file for version comments
. }

. 
end of do-file

. global latexdir "${factor_csv}/"

. 
. infile pairid county time Fout Tout Vout Eout Uout Jout Zout AUout Aout Qout 
> Pout Phiout Dout VVout ///
>     using "${latexdir}ModelPanel_Base.txt", clear
(75,000 observations read)

. 
. gen logu = log(Uout)

. gen logb = log(Eout)

. gen logt = log(Tout)

. gen logv = log(Vout)

. sort pairid time county

. by pairid time: gen diffu = logu[1]-logu[2]

. by pairid time: gen diffb = logb[1]-logb[2]

. by pairid time: gen difft = logt[1]-logt[2]

. by pairid time: gen diffv = logv[1]-logv[2]

. 
. keep if county==1
(37,500 observations deleted)

. sort pairid time

. by pairid: gen fu = diffu[_n+1]
(1 missing value generated)

. by pairid: gen ft = difft[_n+1]
(1 missing value generated)

. by pairid: gen fv = diffv[_n+1]
(1 missing value generated)

. gen qdu = diffu - 0.9*.99*fu
(1 missing value generated)

. gen qdt = difft - 0.9*.99*ft
(1 missing value generated)

. gen qdv = diffv - 0.9*.99*fv
(1 missing value generated)

. 
. reg qdu diffb

      Source |       SS           df       MS      Number of obs   =    37,499
-------------+----------------------------------   F(1, 37497)     =   2768.65
       Model |  8.20500016         1  8.20500016   Prob > F        =    0.0000
    Residual |  111.123968    37,497  .002963543   R-squared       =    0.0688
-------------+----------------------------------   Adj R-squared   =    0.0687
       Total |  119.328968    37,498  .003182276   Root MSE        =    .05444

------------------------------------------------------------------------------
         qdu | Coefficient  Std. err.      t    P>|t|     [95% conf. interval]
-------------+----------------------------------------------------------------
       diffb |   .0528432   .0010043    52.62   0.000     .0508748    .0548117
       _cons |   .0000634   .0002811     0.23   0.822    -.0004877    .0006144
------------------------------------------------------------------------------

. scalar coef_u = _b[diffb]

. reg qdt diffb

      Source |       SS           df       MS      Number of obs   =    37,499
-------------+----------------------------------   F(1, 37497)     =   3258.82
       Model |  65.1274488         1  65.1274488   Prob > F        =    0.0000
    Residual |  749.376414    37,497   .01998497   R-squared       =    0.0800
-------------+----------------------------------   Adj R-squared   =    0.0799
       Total |  814.503862    37,498  .021721261   Root MSE        =    .14137

------------------------------------------------------------------------------
         qdt | Coefficient  Std. err.      t    P>|t|     [95% conf. interval]
-------------+----------------------------------------------------------------
       diffb |  -.1488785    .002608   -57.09   0.000    -.1539902   -.1437669
       _cons |  -.0002568   .0007301    -0.35   0.725    -.0016878    .0011742
------------------------------------------------------------------------------

. scalar coef_t = _b[diffb]

. reg qdv diffb

      Source |       SS           df       MS      Number of obs   =    37,499
-------------+----------------------------------   F(1, 37497)     =   2093.53
       Model |  27.1006067         1  27.1006067   Prob > F        =    0.0000
    Residual |  485.395422    37,497  .012944914   R-squared       =    0.0529
-------------+----------------------------------   Adj R-squared   =    0.0529
       Total |  512.496029    37,498   .01366729   Root MSE        =    .11378

------------------------------------------------------------------------------
         qdv | Coefficient  Std. err.      t    P>|t|     [95% conf. interval]
-------------+----------------------------------------------------------------
       diffb |  -.0960372   .0020989   -45.76   0.000    -.1001512   -.0919232
       _cons |  -.0001935   .0005876    -0.33   0.742    -.0013451    .0009582
------------------------------------------------------------------------------

. scalar coef_v = _b[diffb]

. 
. di as txt "==== Model QD regression coefficients on the calibration panel ===
> ="
==== Model QD regression coefficients on the calibration panel ====

. di as txt "  unemployment coef (calibration target ~0.0532; reported 0.0528) 
> = " as res %7.5f coef_u
  unemployment coef (calibration target ~0.0532; reported 0.0528) = 0.05284

. di as txt "  vacancy coef      = " as res %7.5f coef_v "   tightness coef = "
>  as res %7.5f coef_t
  vacancy coef      = -0.09604   tightness coef = -0.14888

. di as txt "  (v/theta regression coefs are documentation only; Model row uses
>  RunModel.m)"
  (v/theta regression coefs are documentation only; Model row uses RunModel.m)

. 
. * Headerless one-row matrix [coef_u coef_v coef_t Nobs] (kit CSV convention,
. * read by code/tex/make_tables.py). coef_u is the calibration coefficient (~0
> .0528);
. * coef_v/coef_t are documentation only (NOT the Table-valid Model row).
. file open f using "${latexdir}ModelCalibCoef.csv", write replace
(file
    /Users/mac/JPE-replications/JPE-Mitman-2016256/replication-package/replic
    > ation-package/output/factor_results/ModelCalibCoef.csv not found)

. file write f (coef_u) "," (coef_v) "," (coef_t) "," (e(N)) _n

. file close f

. 
end of do-file
