
  ___  ____  ____  ____  ____ ®
 /__    /   ____/   /   ____/      StataNow 19.5
___/   /   /___/   /   /___/       MP—Parallel Edition

 Statistics and Data Science       Copyright 1985-2025 StataCorp LLC
                                   StataCorp
                                   4905 Lakeway Drive
                                   College Station, Texas 77845 USA
                                   800-782-8272        https://www.stata.com
                                   979-696-4600        service@stata.com

Stata license: Unlimited-user 2-core network, expiring  8 Jun 2027
Serial number: 501909302568
  Licensed to: wiktorze
               Sciences Po

Notes:
      1. Stata is running in batch mode.
      2. Unicode is supported; see help unicode_advice.
      3. More than 2 billion observations are allowed; see help obs_advice.
      4. Maximum number of variables is set to 5,000 but can be increased;
          see help set_maxvar.

. do exporters/OutputDataSetsUIMacro_QDK.do 

. do "config.do"

. * ===========================================================================
. * config.do  --  single path configuration for the replication archive.
. *
. * HOW TO RUN: from a Stata session whose working directory is `code/`, first
. *     do "config.do"
. * then run any pipeline script (also from `code/`), e.g. `do build/UIMacro_Bu
> ildData.do`.
. * Each pipeline script re-runs this file itself, so you can also run them dir
> ectly
. * from `code/`. EDIT THE ONE LINE below to this archive's location on your ma
> chine.
. * ===========================================================================
. 
. global root "/Users/mac/JPE-replications/JPE-Mitman-2016256/replication-packa
> ge/replication-package"          //  <-- EDIT: path to this archive

. 
. * --- derived locations (do not edit) ---
. global code          "${root}/code"

. global rawdata       "${root}/data/raw"

. global processed     "${root}/data/processed"

. global output        "${root}/output"

. global tables        "${output}/tables"

. global figures       "${output}/figures"

. global factor_csv    "${output}/factor_results"      // analysis/Matlab resul
> t CSVs (make_tables reads)

. global factor_inputs "${output}/factor_inputs"       // per-pair QBLS handoff
>  (regenerated by exporters)

. global synthetic     "${root}/synthetic-data"

. 
. * --- analysis convenience: cd "${maindirectory}"; use "${CurrentData}" / "${
> DataControls}.dta" ---
. global maindirectory "${processed}/"

. global CurrentData   "UIMacro_RevisionData.dta"

. global DataControls  "UIMacro_DataControls"

. global Wages         "ProcessedWages.dta"

. global outdirectory  "${factor_inputs}/"             // exporters write QBLS 
> here

. global latexdir      "${factor_csv}/"                // analysis/Matlab resul
> t CSVs (make_tables reads)

. 
. * --- vacancy data switch ---------------------------------------------------
. * vacfile/statefile are the two PROVIDED synthetic stand-ins for the propriet
> ary HWOL
. * inputs (synthetic-data/; the confidential HWOL data are NOT in this archive
> ). To reproduce the PUBLISHED (HWOL)
. * vacancy numbers, the Data Editor replaces these two files with the licensed
>  Conference
. * Board HWOL data and re-runs. See code/build/SYNTHETIC_VACANCY_PATH.md.
. global vacfile      "${synthetic}/new_vac_synthetic.dta"

. global statefile    "${synthetic}/StateMonthlyBorderData_synthetic.dta"

. * ImputedDataBorder is a BUILT intermediate, NOT shipped: the replicator gene
> rates it by
. * running the imputation (analysis/Impute_Input.do -> matlab/Run_Impute_Borde
> r.m ->
. * analysis/Impute_to_Stata.do) on ${vacfile}; it lands in data/processed/ (sy
> nthetic by
. * default, the real version if the Data Editor swaps in HWOL).
. global ImputedFile  "${processed}/ImputedDataBorder.dta"

. 
. * --- figure styling: the published figures were drawn under the classic
. * s2color scheme; Stata 18+ defaults to stcolor, which changes gridlines,
. * markers, and legend styling. Pin the scheme so regenerated figures match.
. cap set scheme s2color

. 
. * ensure the built-output folders exist (the archive ships them empty / absen
> t)
. cap mkdir "${processed}"

. cap mkdir "${output}"

. cap mkdir "${tables}"

. cap mkdir "${figures}"

. cap mkdir "${factor_csv}"

. cap mkdir "${factor_inputs}"

. 
. local ssc_packages "reghdfe binscatter regife outreg2 ftools coefplot tuples 
> hdfe mat2txt ivreg2 ranktest"

. if !missing("`ssc_packages'") { 
.         foreach pkg in `ssc_packages' {
  2.                 capture which `pkg' 
  3.                 if _rc == 111 {
  4.                         dis "Installing `pkg'"
  5.                         ssc install `pkg', replace
  6.                         }
  7.                 which `pkg' 
  8.                 }
/Users/mac/Library/Application Support/Stata/ado/plus/r/reghdfe.ado
*! version 6.13.1 10Jan2026
/Users/mac/Library/Application Support/Stata/ado/plus/b/binscatter.ado
*! version 7.02  24nov2013  Michael Stepner, stepner@mit.edu
/Users/mac/Library/Application Support/Stata/ado/plus/r/regife.ado
/Users/mac/Library/Application Support/Stata/ado/plus/o/outreg2.ado
*! outreg2 2.3.2  17aug2014 by roywada@hotmail.com
*! based on outreg 3.0.6/4.0.0 by john_gallup@alum.swarthmore.edu
/Users/mac/Library/Application Support/Stata/ado/plus/f/ftools.ado
*! version 2.50.0 09jan2026
/Users/mac/Library/Application Support/Stata/ado/plus/c/coefplot.ado
*! version 1.8.6  22feb2023  Ben Jann
/Users/mac/Library/Application Support/Stata/ado/plus/t/tuples.ado
*! version 4.3.0  25sep2025
/Users/mac/Library/Application Support/Stata/ado/plus/h/hdfe.ado
*! reghdfe 3.2.9 21feb2016
*! Sergio Correia (sergio.correia@duke.edu)
/Users/mac/Library/Application Support/Stata/ado/plus/m/mat2txt.ado
*! 1.1.2 Ben Jann 24 Nov 2004
*! 1.1.1 M Blasnik 18 Feb 2004
/Users/mac/Library/Application Support/Stata/ado/plus/i/ivreg2.ado
*! ivreg2 4.1.12  14aug2024
*! authors cfb & mes
*! see end of file for version comments
/Users/mac/Library/Application Support/Stata/ado/plus/r/ranktest.ado
*! ranktest 2.0.04  21sept2020
*! authors mes & fw; KP stat based on code by fk
*! see end of file for version comments
. }

. 
end of do-file

. global CodeDirec ="${code}/exporters/"

. global DataControls "UIMacro_DataControls"

. global CurrentData "UIMacro_RevisionData.dta"

. global maindirectory "${processed}/"

. global outdirectory "${factor_inputs}/"

. cd "${CodeDirec}"
/Users/mac/JPE-replications/JPE-Mitman-2016256/replication-package/replication-
> package/code/exporters

. 
. set more off, perm
(set more preference recorded)

. cap log close

. set logtype text

. 
. 
. cd "$maindirectory"
/Users/mac/JPE-replications/JPE-Mitman-2016256/replication-package/replication-
> package/data/processed

. use ${DataControls}.dta, clear

. 
. 
. keep if county_index==1
(0 observations deleted)

. // drop if year<2005
. // drop if year>2012
. 
. 
. foreach var of varlist                                                       
>                                                                              
>       ///
>                                                                              
>                                                                              
>                                                               ///
>         qdk*_logunemp_rate_laus qdk1_logunemp_add diff_logprod_priv diff_logp
> rod_all                                            ///                       
>                                                                              
>                                                  ///
>                                                                              
>                                                                              
>                                               ///
>         diff_logmeanwks { ///
> 
  2.         qui bys pair_id_numeric fipsnumeric: egen nmissing=count(`var')
  3.         by pair_id_numeric: egen nmissing2=min(nmissing)
  4.         qui tab nmissing
  5.         drop if nmissing2==0
  6.         qui drop nmissing nmissing2
  7. 
. }
(0 observations deleted)
(0 observations deleted)
(0 observations deleted)
(0 observations deleted)
(0 observations deleted)
(0 observations deleted)
(0 observations deleted)
(0 observations deleted)
(0 observations deleted)
(0 observations deleted)
(0 observations deleted)
(0 observations deleted)

. 
. qui sort pair_id_numeric fipsnumeric year quarter

. qui by pair_id_numeric: gen temp=_n==1

. qui gen temp2=sum(temp)

. tab temp2

      temp2 |      Freq.     Percent        Cum.
------------+-----------------------------------
          1 |        100        0.09        0.09
          2 |        100        0.09        0.17
          3 |        100        0.09        0.26
          4 |        100        0.09        0.34
          5 |        100        0.09        0.43
          6 |        100        0.09        0.51
          7 |        100        0.09        0.60
          8 |        100        0.09        0.68
          9 |        100        0.09        0.77
         10 |        100        0.09        0.85
         11 |        100        0.09        0.94
         12 |        100        0.09        1.02
         13 |        100        0.09        1.11
         14 |        100        0.09        1.19
         15 |        100        0.09        1.28
         16 |        100        0.09        1.37
         17 |        100        0.09        1.45
         18 |        100        0.09        1.54
         19 |        100        0.09        1.62
         20 |        100        0.09        1.71
         21 |        100        0.09        1.79
         22 |        100        0.09        1.88
         23 |        100        0.09        1.96
         24 |        100        0.09        2.05
         25 |        100        0.09        2.13
         26 |        100        0.09        2.22
         27 |        100        0.09        2.30
         28 |        100        0.09        2.39
         29 |        100        0.09        2.47
         30 |        100        0.09        2.56
         31 |        100        0.09        2.65
         32 |        100        0.09        2.73
         33 |        100        0.09        2.82
         34 |        100        0.09        2.90
         35 |        100        0.09        2.99
         36 |        100        0.09        3.07
         37 |        100        0.09        3.16
         38 |        100        0.09        3.24
         39 |        100        0.09        3.33
         40 |        100        0.09        3.41
         41 |        100        0.09        3.50
         42 |        100        0.09        3.58
         43 |        100        0.09        3.67
         44 |        100        0.09        3.75
         45 |        100        0.09        3.84
         46 |        100        0.09        3.92
         47 |        100        0.09        4.01
         48 |        100        0.09        4.10
         49 |        100        0.09        4.18
         50 |        100        0.09        4.27
         51 |        100        0.09        4.35
         52 |        100        0.09        4.44
         53 |        100        0.09        4.52
         54 |        100        0.09        4.61
         55 |        100        0.09        4.69
         56 |        100        0.09        4.78
         57 |        100        0.09        4.86
         58 |        100        0.09        4.95
         59 |        100        0.09        5.03
         60 |        100        0.09        5.12
         61 |        100        0.09        5.20
         62 |        100        0.09        5.29
         63 |        100        0.09        5.38
         64 |        100        0.09        5.46
         65 |        100        0.09        5.55
         66 |        100        0.09        5.63
         67 |        100        0.09        5.72
         68 |        100        0.09        5.80
         69 |        100        0.09        5.89
         70 |        100        0.09        5.97
         71 |        100        0.09        6.06
         72 |        100        0.09        6.14
         73 |        100        0.09        6.23
         74 |        100        0.09        6.31
         75 |        100        0.09        6.40
         76 |        100        0.09        6.48
         77 |        100        0.09        6.57
         78 |        100        0.09        6.66
         79 |        100        0.09        6.74
         80 |        100        0.09        6.83
         81 |        100        0.09        6.91
         82 |        100        0.09        7.00
         83 |        100        0.09        7.08
         84 |        100        0.09        7.17
         85 |        100        0.09        7.25
         86 |        100        0.09        7.34
         87 |        100        0.09        7.42
         88 |        100        0.09        7.51
         89 |        100        0.09        7.59
         90 |        100        0.09        7.68
         91 |        100        0.09        7.76
         92 |        100        0.09        7.85
         93 |        100        0.09        7.94
         94 |        100        0.09        8.02
         95 |        100        0.09        8.11
         96 |        100        0.09        8.19
         97 |        100        0.09        8.28
         98 |        100        0.09        8.36
         99 |        100        0.09        8.45
        100 |        100        0.09        8.53
        101 |        100        0.09        8.62
        102 |        100        0.09        8.70
        103 |        100        0.09        8.79
        104 |        100        0.09        8.87
        105 |        100        0.09        8.96
        106 |        100        0.09        9.04
        107 |        100        0.09        9.13
        108 |        100        0.09        9.22
        109 |        100        0.09        9.30
        110 |        100        0.09        9.39
        111 |        100        0.09        9.47
        112 |        100        0.09        9.56
        113 |        100        0.09        9.64
        114 |        100        0.09        9.73
        115 |        100        0.09        9.81
        116 |        100        0.09        9.90
        117 |        100        0.09        9.98
        118 |        100        0.09       10.07
        119 |        100        0.09       10.15
        120 |        100        0.09       10.24
        121 |        100        0.09       10.32
        122 |        100        0.09       10.41
        123 |        100        0.09       10.49
        124 |        100        0.09       10.58
        125 |        100        0.09       10.67
        126 |        100        0.09       10.75
        127 |        100        0.09       10.84
        128 |        100        0.09       10.92
        129 |        100        0.09       11.01
        130 |        100        0.09       11.09
        131 |        100        0.09       11.18
        132 |        100        0.09       11.26
        133 |        100        0.09       11.35
        134 |        100        0.09       11.43
        135 |        100        0.09       11.52
        136 |        100        0.09       11.60
        137 |        100        0.09       11.69
        138 |        100        0.09       11.77
        139 |        100        0.09       11.86
        140 |        100        0.09       11.95
        141 |        100        0.09       12.03
        142 |        100        0.09       12.12
        143 |        100        0.09       12.20
        144 |        100        0.09       12.29
        145 |        100        0.09       12.37
        146 |        100        0.09       12.46
        147 |        100        0.09       12.54
        148 |        100        0.09       12.63
        149 |        100        0.09       12.71
        150 |        100        0.09       12.80
        151 |        100        0.09       12.88
        152 |        100        0.09       12.97
        153 |        100        0.09       13.05
        154 |        100        0.09       13.14
        155 |        100        0.09       13.23
        156 |        100        0.09       13.31
        157 |        100        0.09       13.40
        158 |        100        0.09       13.48
        159 |        100        0.09       13.57
        160 |        100        0.09       13.65
        161 |        100        0.09       13.74
        162 |        100        0.09       13.82
        163 |        100        0.09       13.91
        164 |        100        0.09       13.99
        165 |        100        0.09       14.08
        166 |        100        0.09       14.16
        167 |        100        0.09       14.25
        168 |        100        0.09       14.33
        169 |        100        0.09       14.42
        170 |        100        0.09       14.51
        171 |        100        0.09       14.59
        172 |        100        0.09       14.68
        173 |        100        0.09       14.76
        174 |        100        0.09       14.85
        175 |        100        0.09       14.93
        176 |        100        0.09       15.02
        177 |        100        0.09       15.10
        178 |        100        0.09       15.19
        179 |        100        0.09       15.27
        180 |        100        0.09       15.36
        181 |        100        0.09       15.44
        182 |        100        0.09       15.53
        183 |        100        0.09       15.61
        184 |        100        0.09       15.70
        185 |        100        0.09       15.78
        186 |        100        0.09       15.87
        187 |        100        0.09       15.96
        188 |        100        0.09       16.04
        189 |        100        0.09       16.13
        190 |        100        0.09       16.21
        191 |        100        0.09       16.30
        192 |        100        0.09       16.38
        193 |        100        0.09       16.47
        194 |        100        0.09       16.55
        195 |        100        0.09       16.64
        196 |        100        0.09       16.72
        197 |        100        0.09       16.81
        198 |        100        0.09       16.89
        199 |        100        0.09       16.98
        200 |        100        0.09       17.06
        201 |        100        0.09       17.15
        202 |        100        0.09       17.24
        203 |        100        0.09       17.32
        204 |        100        0.09       17.41
        205 |        100        0.09       17.49
        206 |        100        0.09       17.58
        207 |        100        0.09       17.66
        208 |        100        0.09       17.75
        209 |        100        0.09       17.83
        210 |        100        0.09       17.92
        211 |        100        0.09       18.00
        212 |        100        0.09       18.09
        213 |        100        0.09       18.17
        214 |        100        0.09       18.26
        215 |        100        0.09       18.34
        216 |        100        0.09       18.43
        217 |        100        0.09       18.52
        218 |        100        0.09       18.60
        219 |        100        0.09       18.69
        220 |        100        0.09       18.77
        221 |        100        0.09       18.86
        222 |        100        0.09       18.94
        223 |        100        0.09       19.03
        224 |        100        0.09       19.11
        225 |        100        0.09       19.20
        226 |        100        0.09       19.28
        227 |        100        0.09       19.37
        228 |        100        0.09       19.45
        229 |        100        0.09       19.54
        230 |        100        0.09       19.62
        231 |        100        0.09       19.71
        232 |        100        0.09       19.80
        233 |        100        0.09       19.88
        234 |        100        0.09       19.97
        235 |        100        0.09       20.05
        236 |        100        0.09       20.14
        237 |        100        0.09       20.22
        238 |        100        0.09       20.31
        239 |        100        0.09       20.39
        240 |        100        0.09       20.48
        241 |        100        0.09       20.56
        242 |        100        0.09       20.65
        243 |        100        0.09       20.73
        244 |        100        0.09       20.82
        245 |        100        0.09       20.90
        246 |        100        0.09       20.99
        247 |        100        0.09       21.08
        248 |        100        0.09       21.16
        249 |        100        0.09       21.25
        250 |        100        0.09       21.33
        251 |        100        0.09       21.42
        252 |        100        0.09       21.50
        253 |        100        0.09       21.59
        254 |        100        0.09       21.67
        255 |        100        0.09       21.76
        256 |        100        0.09       21.84
        257 |        100        0.09       21.93
        258 |        100        0.09       22.01
        259 |        100        0.09       22.10
        260 |        100        0.09       22.18
        261 |        100        0.09       22.27
        262 |        100        0.09       22.35
        263 |        100        0.09       22.44
        264 |        100        0.09       22.53
        265 |        100        0.09       22.61
        266 |        100        0.09       22.70
        267 |        100        0.09       22.78
        268 |        100        0.09       22.87
        269 |        100        0.09       22.95
        270 |        100        0.09       23.04
        271 |        100        0.09       23.12
        272 |        100        0.09       23.21
        273 |        100        0.09       23.29
        274 |        100        0.09       23.38
        275 |        100        0.09       23.46
        276 |        100        0.09       23.55
        277 |        100        0.09       23.63
        278 |        100        0.09       23.72
        279 |        100        0.09       23.81
        280 |        100        0.09       23.89
        281 |        100        0.09       23.98
        282 |        100        0.09       24.06
        283 |        100        0.09       24.15
        284 |        100        0.09       24.23
        285 |        100        0.09       24.32
        286 |        100        0.09       24.40
        287 |        100        0.09       24.49
        288 |        100        0.09       24.57
        289 |        100        0.09       24.66
        290 |        100        0.09       24.74
        291 |        100        0.09       24.83
        292 |        100        0.09       24.91
        293 |        100        0.09       25.00
        294 |        100        0.09       25.09
        295 |        100        0.09       25.17
        296 |        100        0.09       25.26
        297 |        100        0.09       25.34
        298 |        100        0.09       25.43
        299 |        100        0.09       25.51
        300 |        100        0.09       25.60
        301 |        100        0.09       25.68
        302 |        100        0.09       25.77
        303 |        100        0.09       25.85
        304 |        100        0.09       25.94
        305 |        100        0.09       26.02
        306 |        100        0.09       26.11
        307 |        100        0.09       26.19
        308 |        100        0.09       26.28
        309 |        100        0.09       26.37
        310 |        100        0.09       26.45
        311 |        100        0.09       26.54
        312 |        100        0.09       26.62
        313 |        100        0.09       26.71
        314 |        100        0.09       26.79
        315 |        100        0.09       26.88
        316 |        100        0.09       26.96
        317 |        100        0.09       27.05
        318 |        100        0.09       27.13
        319 |        100        0.09       27.22
        320 |        100        0.09       27.30
        321 |        100        0.09       27.39
        322 |        100        0.09       27.47
        323 |        100        0.09       27.56
        324 |        100        0.09       27.65
        325 |        100        0.09       27.73
        326 |        100        0.09       27.82
        327 |        100        0.09       27.90
        328 |        100        0.09       27.99
        329 |        100        0.09       28.07
        330 |        100        0.09       28.16
        331 |        100        0.09       28.24
        332 |        100        0.09       28.33
        333 |        100        0.09       28.41
        334 |        100        0.09       28.50
        335 |        100        0.09       28.58
        336 |        100        0.09       28.67
        337 |        100        0.09       28.75
        338 |        100        0.09       28.84
        339 |        100        0.09       28.92
        340 |        100        0.09       29.01
        341 |        100        0.09       29.10
        342 |        100        0.09       29.18
        343 |        100        0.09       29.27
        344 |        100        0.09       29.35
        345 |        100        0.09       29.44
        346 |        100        0.09       29.52
        347 |        100        0.09       29.61
        348 |        100        0.09       29.69
        349 |        100        0.09       29.78
        350 |        100        0.09       29.86
        351 |        100        0.09       29.95
        352 |        100        0.09       30.03
        353 |        100        0.09       30.12
        354 |        100        0.09       30.20
        355 |        100        0.09       30.29
        356 |        100        0.09       30.38
        357 |        100        0.09       30.46
        358 |        100        0.09       30.55
        359 |        100        0.09       30.63
        360 |        100        0.09       30.72
        361 |        100        0.09       30.80
        362 |        100        0.09       30.89
        363 |        100        0.09       30.97
        364 |        100        0.09       31.06
        365 |        100        0.09       31.14
        366 |        100        0.09       31.23
        367 |        100        0.09       31.31
        368 |        100        0.09       31.40
        369 |        100        0.09       31.48
        370 |        100        0.09       31.57
        371 |        100        0.09       31.66
        372 |        100        0.09       31.74
        373 |        100        0.09       31.83
        374 |        100        0.09       31.91
        375 |        100        0.09       32.00
        376 |        100        0.09       32.08
        377 |        100        0.09       32.17
        378 |        100        0.09       32.25
        379 |        100        0.09       32.34
        380 |        100        0.09       32.42
        381 |        100        0.09       32.51
        382 |        100        0.09       32.59
        383 |        100        0.09       32.68
        384 |        100        0.09       32.76
        385 |        100        0.09       32.85
        386 |        100        0.09       32.94
        387 |        100        0.09       33.02
        388 |        100        0.09       33.11
        389 |        100        0.09       33.19
        390 |        100        0.09       33.28
        391 |        100        0.09       33.36
        392 |        100        0.09       33.45
        393 |        100        0.09       33.53
        394 |        100        0.09       33.62
        395 |        100        0.09       33.70
        396 |        100        0.09       33.79
        397 |        100        0.09       33.87
        398 |        100        0.09       33.96
        399 |        100        0.09       34.04
        400 |        100        0.09       34.13
        401 |        100        0.09       34.22
        402 |        100        0.09       34.30
        403 |        100        0.09       34.39
        404 |        100        0.09       34.47
        405 |        100        0.09       34.56
        406 |        100        0.09       34.64
        407 |        100        0.09       34.73
        408 |        100        0.09       34.81
        409 |        100        0.09       34.90
        410 |        100        0.09       34.98
        411 |        100        0.09       35.07
        412 |        100        0.09       35.15
        413 |        100        0.09       35.24
        414 |        100        0.09       35.32
        415 |        100        0.09       35.41
        416 |        100        0.09       35.49
        417 |        100        0.09       35.58
        418 |        100        0.09       35.67
        419 |        100        0.09       35.75
        420 |        100        0.09       35.84
        421 |        100        0.09       35.92
        422 |        100        0.09       36.01
        423 |        100        0.09       36.09
        424 |        100        0.09       36.18
        425 |        100        0.09       36.26
        426 |        100        0.09       36.35
        427 |        100        0.09       36.43
        428 |        100        0.09       36.52
        429 |        100        0.09       36.60
        430 |        100        0.09       36.69
        431 |        100        0.09       36.77
        432 |        100        0.09       36.86
        433 |        100        0.09       36.95
        434 |        100        0.09       37.03
        435 |        100        0.09       37.12
        436 |        100        0.09       37.20
        437 |        100        0.09       37.29
        438 |        100        0.09       37.37
        439 |        100        0.09       37.46
        440 |        100        0.09       37.54
        441 |        100        0.09       37.63
        442 |        100        0.09       37.71
        443 |        100        0.09       37.80
        444 |        100        0.09       37.88
        445 |        100        0.09       37.97
        446 |        100        0.09       38.05
        447 |        100        0.09       38.14
        448 |        100        0.09       38.23
        449 |        100        0.09       38.31
        450 |        100        0.09       38.40
        451 |        100        0.09       38.48
        452 |        100        0.09       38.57
        453 |        100        0.09       38.65
        454 |        100        0.09       38.74
        455 |        100        0.09       38.82
        456 |        100        0.09       38.91
        457 |        100        0.09       38.99
        458 |        100        0.09       39.08
        459 |        100        0.09       39.16
        460 |        100        0.09       39.25
        461 |        100        0.09       39.33
        462 |        100        0.09       39.42
        463 |        100        0.09       39.51
        464 |        100        0.09       39.59
        465 |        100        0.09       39.68
        466 |        100        0.09       39.76
        467 |        100        0.09       39.85
        468 |        100        0.09       39.93
        469 |        100        0.09       40.02
        470 |        100        0.09       40.10
        471 |        100        0.09       40.19
        472 |        100        0.09       40.27
        473 |        100        0.09       40.36
        474 |        100        0.09       40.44
        475 |        100        0.09       40.53
        476 |        100        0.09       40.61
        477 |        100        0.09       40.70
        478 |        100        0.09       40.78
        479 |        100        0.09       40.87
        480 |        100        0.09       40.96
        481 |        100        0.09       41.04
        482 |        100        0.09       41.13
        483 |        100        0.09       41.21
        484 |        100        0.09       41.30
        485 |        100        0.09       41.38
        486 |        100        0.09       41.47
        487 |        100        0.09       41.55
        488 |        100        0.09       41.64
        489 |        100        0.09       41.72
        490 |        100        0.09       41.81
        491 |        100        0.09       41.89
        492 |        100        0.09       41.98
        493 |        100        0.09       42.06
        494 |        100        0.09       42.15
        495 |        100        0.09       42.24
        496 |        100        0.09       42.32
        497 |        100        0.09       42.41
        498 |        100        0.09       42.49
        499 |        100        0.09       42.58
        500 |        100        0.09       42.66
        501 |        100        0.09       42.75
        502 |        100        0.09       42.83
        503 |        100        0.09       42.92
        504 |        100        0.09       43.00
        505 |        100        0.09       43.09
        506 |        100        0.09       43.17
        507 |        100        0.09       43.26
        508 |        100        0.09       43.34
        509 |        100        0.09       43.43
        510 |        100        0.09       43.52
        511 |        100        0.09       43.60
        512 |        100        0.09       43.69
        513 |        100        0.09       43.77
        514 |        100        0.09       43.86
        515 |        100        0.09       43.94
        516 |        100        0.09       44.03
        517 |        100        0.09       44.11
        518 |        100        0.09       44.20
        519 |        100        0.09       44.28
        520 |        100        0.09       44.37
        521 |        100        0.09       44.45
        522 |        100        0.09       44.54
        523 |        100        0.09       44.62
        524 |        100        0.09       44.71
        525 |        100        0.09       44.80
        526 |        100        0.09       44.88
        527 |        100        0.09       44.97
        528 |        100        0.09       45.05
        529 |        100        0.09       45.14
        530 |        100        0.09       45.22
        531 |        100        0.09       45.31
        532 |        100        0.09       45.39
        533 |        100        0.09       45.48
        534 |        100        0.09       45.56
        535 |        100        0.09       45.65
        536 |        100        0.09       45.73
        537 |        100        0.09       45.82
        538 |        100        0.09       45.90
        539 |        100        0.09       45.99
        540 |        100        0.09       46.08
        541 |        100        0.09       46.16
        542 |        100        0.09       46.25
        543 |        100        0.09       46.33
        544 |        100        0.09       46.42
        545 |        100        0.09       46.50
        546 |        100        0.09       46.59
        547 |        100        0.09       46.67
        548 |        100        0.09       46.76
        549 |        100        0.09       46.84
        550 |        100        0.09       46.93
        551 |        100        0.09       47.01
        552 |        100        0.09       47.10
        553 |        100        0.09       47.18
        554 |        100        0.09       47.27
        555 |        100        0.09       47.35
        556 |        100        0.09       47.44
        557 |        100        0.09       47.53
        558 |        100        0.09       47.61
        559 |        100        0.09       47.70
        560 |        100        0.09       47.78
        561 |        100        0.09       47.87
        562 |        100        0.09       47.95
        563 |        100        0.09       48.04
        564 |        100        0.09       48.12
        565 |        100        0.09       48.21
        566 |        100        0.09       48.29
        567 |        100        0.09       48.38
        568 |        100        0.09       48.46
        569 |        100        0.09       48.55
        570 |        100        0.09       48.63
        571 |        100        0.09       48.72
        572 |        100        0.09       48.81
        573 |        100        0.09       48.89
        574 |        100        0.09       48.98
        575 |        100        0.09       49.06
        576 |        100        0.09       49.15
        577 |        100        0.09       49.23
        578 |        100        0.09       49.32
        579 |        100        0.09       49.40
        580 |        100        0.09       49.49
        581 |        100        0.09       49.57
        582 |        100        0.09       49.66
        583 |        100        0.09       49.74
        584 |        100        0.09       49.83
        585 |        100        0.09       49.91
        586 |        100        0.09       50.00
        587 |        100        0.09       50.09
        588 |        100        0.09       50.17
        589 |        100        0.09       50.26
        590 |        100        0.09       50.34
        591 |        100        0.09       50.43
        592 |        100        0.09       50.51
        593 |        100        0.09       50.60
        594 |        100        0.09       50.68
        595 |        100        0.09       50.77
        596 |        100        0.09       50.85
        597 |        100        0.09       50.94
        598 |        100        0.09       51.02
        599 |        100        0.09       51.11
        600 |        100        0.09       51.19
        601 |        100        0.09       51.28
        602 |        100        0.09       51.37
        603 |        100        0.09       51.45
        604 |        100        0.09       51.54
        605 |        100        0.09       51.62
        606 |        100        0.09       51.71
        607 |        100        0.09       51.79
        608 |        100        0.09       51.88
        609 |        100        0.09       51.96
        610 |        100        0.09       52.05
        611 |        100        0.09       52.13
        612 |        100        0.09       52.22
        613 |        100        0.09       52.30
        614 |        100        0.09       52.39
        615 |        100        0.09       52.47
        616 |        100        0.09       52.56
        617 |        100        0.09       52.65
        618 |        100        0.09       52.73
        619 |        100        0.09       52.82
        620 |        100        0.09       52.90
        621 |        100        0.09       52.99
        622 |        100        0.09       53.07
        623 |        100        0.09       53.16
        624 |        100        0.09       53.24
        625 |        100        0.09       53.33
        626 |        100        0.09       53.41
        627 |        100        0.09       53.50
        628 |        100        0.09       53.58
        629 |        100        0.09       53.67
        630 |        100        0.09       53.75
        631 |        100        0.09       53.84
        632 |        100        0.09       53.92
        633 |        100        0.09       54.01
        634 |        100        0.09       54.10
        635 |        100        0.09       54.18
        636 |        100        0.09       54.27
        637 |        100        0.09       54.35
        638 |        100        0.09       54.44
        639 |        100        0.09       54.52
        640 |        100        0.09       54.61
        641 |        100        0.09       54.69
        642 |        100        0.09       54.78
        643 |        100        0.09       54.86
        644 |        100        0.09       54.95
        645 |        100        0.09       55.03
        646 |        100        0.09       55.12
        647 |        100        0.09       55.20
        648 |        100        0.09       55.29
        649 |        100        0.09       55.38
        650 |        100        0.09       55.46
        651 |        100        0.09       55.55
        652 |        100        0.09       55.63
        653 |        100        0.09       55.72
        654 |        100        0.09       55.80
        655 |        100        0.09       55.89
        656 |        100        0.09       55.97
        657 |        100        0.09       56.06
        658 |        100        0.09       56.14
        659 |        100        0.09       56.23
        660 |        100        0.09       56.31
        661 |        100        0.09       56.40
        662 |        100        0.09       56.48
        663 |        100        0.09       56.57
        664 |        100        0.09       56.66
        665 |        100        0.09       56.74
        666 |        100        0.09       56.83
        667 |        100        0.09       56.91
        668 |        100        0.09       57.00
        669 |        100        0.09       57.08
        670 |        100        0.09       57.17
        671 |        100        0.09       57.25
        672 |        100        0.09       57.34
        673 |        100        0.09       57.42
        674 |        100        0.09       57.51
        675 |        100        0.09       57.59
        676 |        100        0.09       57.68
        677 |        100        0.09       57.76
        678 |        100        0.09       57.85
        679 |        100        0.09       57.94
        680 |        100        0.09       58.02
        681 |        100        0.09       58.11
        682 |        100        0.09       58.19
        683 |        100        0.09       58.28
        684 |        100        0.09       58.36
        685 |        100        0.09       58.45
        686 |        100        0.09       58.53
        687 |        100        0.09       58.62
        688 |        100        0.09       58.70
        689 |        100        0.09       58.79
        690 |        100        0.09       58.87
        691 |        100        0.09       58.96
        692 |        100        0.09       59.04
        693 |        100        0.09       59.13
        694 |        100        0.09       59.22
        695 |        100        0.09       59.30
        696 |        100        0.09       59.39
        697 |        100        0.09       59.47
        698 |        100        0.09       59.56
        699 |        100        0.09       59.64
        700 |        100        0.09       59.73
        701 |        100        0.09       59.81
        702 |        100        0.09       59.90
        703 |        100        0.09       59.98
        704 |        100        0.09       60.07
        705 |        100        0.09       60.15
        706 |        100        0.09       60.24
        707 |        100        0.09       60.32
        708 |        100        0.09       60.41
        709 |        100        0.09       60.49
        710 |        100        0.09       60.58
        711 |        100        0.09       60.67
        712 |        100        0.09       60.75
        713 |        100        0.09       60.84
        714 |        100        0.09       60.92
        715 |        100        0.09       61.01
        716 |        100        0.09       61.09
        717 |        100        0.09       61.18
        718 |        100        0.09       61.26
        719 |        100        0.09       61.35
        720 |        100        0.09       61.43
        721 |        100        0.09       61.52
        722 |        100        0.09       61.60
        723 |        100        0.09       61.69
        724 |        100        0.09       61.77
        725 |        100        0.09       61.86
        726 |        100        0.09       61.95
        727 |        100        0.09       62.03
        728 |        100        0.09       62.12
        729 |        100        0.09       62.20
        730 |        100        0.09       62.29
        731 |        100        0.09       62.37
        732 |        100        0.09       62.46
        733 |        100        0.09       62.54
        734 |        100        0.09       62.63
        735 |        100        0.09       62.71
        736 |        100        0.09       62.80
        737 |        100        0.09       62.88
        738 |        100        0.09       62.97
        739 |        100        0.09       63.05
        740 |        100        0.09       63.14
        741 |        100        0.09       63.23
        742 |        100        0.09       63.31
        743 |        100        0.09       63.40
        744 |        100        0.09       63.48
        745 |        100        0.09       63.57
        746 |        100        0.09       63.65
        747 |        100        0.09       63.74
        748 |        100        0.09       63.82
        749 |        100        0.09       63.91
        750 |        100        0.09       63.99
        751 |        100        0.09       64.08
        752 |        100        0.09       64.16
        753 |        100        0.09       64.25
        754 |        100        0.09       64.33
        755 |        100        0.09       64.42
        756 |        100        0.09       64.51
        757 |        100        0.09       64.59
        758 |        100        0.09       64.68
        759 |        100        0.09       64.76
        760 |        100        0.09       64.85
        761 |        100        0.09       64.93
        762 |        100        0.09       65.02
        763 |        100        0.09       65.10
        764 |        100        0.09       65.19
        765 |        100        0.09       65.27
        766 |        100        0.09       65.36
        767 |        100        0.09       65.44
        768 |        100        0.09       65.53
        769 |        100        0.09       65.61
        770 |        100        0.09       65.70
        771 |        100        0.09       65.78
        772 |        100        0.09       65.87
        773 |        100        0.09       65.96
        774 |        100        0.09       66.04
        775 |        100        0.09       66.13
        776 |        100        0.09       66.21
        777 |        100        0.09       66.30
        778 |        100        0.09       66.38
        779 |        100        0.09       66.47
        780 |        100        0.09       66.55
        781 |        100        0.09       66.64
        782 |        100        0.09       66.72
        783 |        100        0.09       66.81
        784 |        100        0.09       66.89
        785 |        100        0.09       66.98
        786 |        100        0.09       67.06
        787 |        100        0.09       67.15
        788 |        100        0.09       67.24
        789 |        100        0.09       67.32
        790 |        100        0.09       67.41
        791 |        100        0.09       67.49
        792 |        100        0.09       67.58
        793 |        100        0.09       67.66
        794 |        100        0.09       67.75
        795 |        100        0.09       67.83
        796 |        100        0.09       67.92
        797 |        100        0.09       68.00
        798 |        100        0.09       68.09
        799 |        100        0.09       68.17
        800 |        100        0.09       68.26
        801 |        100        0.09       68.34
        802 |        100        0.09       68.43
        803 |        100        0.09       68.52
        804 |        100        0.09       68.60
        805 |        100        0.09       68.69
        806 |        100        0.09       68.77
        807 |        100        0.09       68.86
        808 |        100        0.09       68.94
        809 |        100        0.09       69.03
        810 |        100        0.09       69.11
        811 |        100        0.09       69.20
        812 |        100        0.09       69.28
        813 |        100        0.09       69.37
        814 |        100        0.09       69.45
        815 |        100        0.09       69.54
        816 |        100        0.09       69.62
        817 |        100        0.09       69.71
        818 |        100        0.09       69.80
        819 |        100        0.09       69.88
        820 |        100        0.09       69.97
        821 |        100        0.09       70.05
        822 |        100        0.09       70.14
        823 |        100        0.09       70.22
        824 |        100        0.09       70.31
        825 |        100        0.09       70.39
        826 |        100        0.09       70.48
        827 |        100        0.09       70.56
        828 |        100        0.09       70.65
        829 |        100        0.09       70.73
        830 |        100        0.09       70.82
        831 |        100        0.09       70.90
        832 |        100        0.09       70.99
        833 |        100        0.09       71.08
        834 |        100        0.09       71.16
        835 |        100        0.09       71.25
        836 |        100        0.09       71.33
        837 |        100        0.09       71.42
        838 |        100        0.09       71.50
        839 |        100        0.09       71.59
        840 |        100        0.09       71.67
        841 |        100        0.09       71.76
        842 |        100        0.09       71.84
        843 |        100        0.09       71.93
        844 |        100        0.09       72.01
        845 |        100        0.09       72.10
        846 |        100        0.09       72.18
        847 |        100        0.09       72.27
        848 |        100        0.09       72.35
        849 |        100        0.09       72.44
        850 |        100        0.09       72.53
        851 |        100        0.09       72.61
        852 |        100        0.09       72.70
        853 |        100        0.09       72.78
        854 |        100        0.09       72.87
        855 |        100        0.09       72.95
        856 |        100        0.09       73.04
        857 |        100        0.09       73.12
        858 |        100        0.09       73.21
        859 |        100        0.09       73.29
        860 |        100        0.09       73.38
        861 |        100        0.09       73.46
        862 |        100        0.09       73.55
        863 |        100        0.09       73.63
        864 |        100        0.09       73.72
        865 |        100        0.09       73.81
        866 |        100        0.09       73.89
        867 |        100        0.09       73.98
        868 |        100        0.09       74.06
        869 |        100        0.09       74.15
        870 |        100        0.09       74.23
        871 |        100        0.09       74.32
        872 |        100        0.09       74.40
        873 |        100        0.09       74.49
        874 |        100        0.09       74.57
        875 |        100        0.09       74.66
        876 |        100        0.09       74.74
        877 |        100        0.09       74.83
        878 |        100        0.09       74.91
        879 |        100        0.09       75.00
        880 |        100        0.09       75.09
        881 |        100        0.09       75.17
        882 |        100        0.09       75.26
        883 |        100        0.09       75.34
        884 |        100        0.09       75.43
        885 |        100        0.09       75.51
        886 |        100        0.09       75.60
        887 |        100        0.09       75.68
        888 |        100        0.09       75.77
        889 |        100        0.09       75.85
        890 |        100        0.09       75.94
        891 |        100        0.09       76.02
        892 |        100        0.09       76.11
        893 |        100        0.09       76.19
        894 |        100        0.09       76.28
        895 |        100        0.09       76.37
        896 |        100        0.09       76.45
        897 |        100        0.09       76.54
        898 |        100        0.09       76.62
        899 |        100        0.09       76.71
        900 |        100        0.09       76.79
        901 |        100        0.09       76.88
        902 |        100        0.09       76.96
        903 |        100        0.09       77.05
        904 |        100        0.09       77.13
        905 |        100        0.09       77.22
        906 |        100        0.09       77.30
        907 |        100        0.09       77.39
        908 |        100        0.09       77.47
        909 |        100        0.09       77.56
        910 |        100        0.09       77.65
        911 |        100        0.09       77.73
        912 |        100        0.09       77.82
        913 |        100        0.09       77.90
        914 |        100        0.09       77.99
        915 |        100        0.09       78.07
        916 |        100        0.09       78.16
        917 |        100        0.09       78.24
        918 |        100        0.09       78.33
        919 |        100        0.09       78.41
        920 |        100        0.09       78.50
        921 |        100        0.09       78.58
        922 |        100        0.09       78.67
        923 |        100        0.09       78.75
        924 |        100        0.09       78.84
        925 |        100        0.09       78.92
        926 |        100        0.09       79.01
        927 |        100        0.09       79.10
        928 |        100        0.09       79.18
        929 |        100        0.09       79.27
        930 |        100        0.09       79.35
        931 |        100        0.09       79.44
        932 |        100        0.09       79.52
        933 |        100        0.09       79.61
        934 |        100        0.09       79.69
        935 |        100        0.09       79.78
        936 |        100        0.09       79.86
        937 |        100        0.09       79.95
        938 |        100        0.09       80.03
        939 |        100        0.09       80.12
        940 |        100        0.09       80.20
        941 |        100        0.09       80.29
        942 |        100        0.09       80.38
        943 |        100        0.09       80.46
        944 |        100        0.09       80.55
        945 |        100        0.09       80.63
        946 |        100        0.09       80.72
        947 |        100        0.09       80.80
        948 |        100        0.09       80.89
        949 |        100        0.09       80.97
        950 |        100        0.09       81.06
        951 |        100        0.09       81.14
        952 |        100        0.09       81.23
        953 |        100        0.09       81.31
        954 |        100        0.09       81.40
        955 |        100        0.09       81.48
        956 |        100        0.09       81.57
        957 |        100        0.09       81.66
        958 |        100        0.09       81.74
        959 |        100        0.09       81.83
        960 |        100        0.09       81.91
        961 |        100        0.09       82.00
        962 |        100        0.09       82.08
        963 |        100        0.09       82.17
        964 |        100        0.09       82.25
        965 |        100        0.09       82.34
        966 |        100        0.09       82.42
        967 |        100        0.09       82.51
        968 |        100        0.09       82.59
        969 |        100        0.09       82.68
        970 |        100        0.09       82.76
        971 |        100        0.09       82.85
        972 |        100        0.09       82.94
        973 |        100        0.09       83.02
        974 |        100        0.09       83.11
        975 |        100        0.09       83.19
        976 |        100        0.09       83.28
        977 |        100        0.09       83.36
        978 |        100        0.09       83.45
        979 |        100        0.09       83.53
        980 |        100        0.09       83.62
        981 |        100        0.09       83.70
        982 |        100        0.09       83.79
        983 |        100        0.09       83.87
        984 |        100        0.09       83.96
        985 |        100        0.09       84.04
        986 |        100        0.09       84.13
        987 |        100        0.09       84.22
        988 |        100        0.09       84.30
        989 |        100        0.09       84.39
        990 |        100        0.09       84.47
        991 |        100        0.09       84.56
        992 |        100        0.09       84.64
        993 |        100        0.09       84.73
        994 |        100        0.09       84.81
        995 |        100        0.09       84.90
        996 |        100        0.09       84.98
        997 |        100        0.09       85.07
        998 |        100        0.09       85.15
        999 |        100        0.09       85.24
       1000 |        100        0.09       85.32
       1001 |        100        0.09       85.41
       1002 |        100        0.09       85.49
       1003 |        100        0.09       85.58
       1004 |        100        0.09       85.67
       1005 |        100        0.09       85.75
       1006 |        100        0.09       85.84
       1007 |        100        0.09       85.92
       1008 |        100        0.09       86.01
       1009 |        100        0.09       86.09
       1010 |        100        0.09       86.18
       1011 |        100        0.09       86.26
       1012 |        100        0.09       86.35
       1013 |        100        0.09       86.43
       1014 |        100        0.09       86.52
       1015 |        100        0.09       86.60
       1016 |        100        0.09       86.69
       1017 |        100        0.09       86.77
       1018 |        100        0.09       86.86
       1019 |        100        0.09       86.95
       1020 |        100        0.09       87.03
       1021 |        100        0.09       87.12
       1022 |        100        0.09       87.20
       1023 |        100        0.09       87.29
       1024 |        100        0.09       87.37
       1025 |        100        0.09       87.46
       1026 |        100        0.09       87.54
       1027 |        100        0.09       87.63
       1028 |        100        0.09       87.71
       1029 |        100        0.09       87.80
       1030 |        100        0.09       87.88
       1031 |        100        0.09       87.97
       1032 |        100        0.09       88.05
       1033 |        100        0.09       88.14
       1034 |        100        0.09       88.23
       1035 |        100        0.09       88.31
       1036 |        100        0.09       88.40
       1037 |        100        0.09       88.48
       1038 |        100        0.09       88.57
       1039 |        100        0.09       88.65
       1040 |        100        0.09       88.74
       1041 |        100        0.09       88.82
       1042 |        100        0.09       88.91
       1043 |        100        0.09       88.99
       1044 |        100        0.09       89.08
       1045 |        100        0.09       89.16
       1046 |        100        0.09       89.25
       1047 |        100        0.09       89.33
       1048 |        100        0.09       89.42
       1049 |        100        0.09       89.51
       1050 |        100        0.09       89.59
       1051 |        100        0.09       89.68
       1052 |        100        0.09       89.76
       1053 |        100        0.09       89.85
       1054 |        100        0.09       89.93
       1055 |        100        0.09       90.02
       1056 |        100        0.09       90.10
       1057 |        100        0.09       90.19
       1058 |        100        0.09       90.27
       1059 |        100        0.09       90.36
       1060 |        100        0.09       90.44
       1061 |        100        0.09       90.53
       1062 |        100        0.09       90.61
       1063 |        100        0.09       90.70
       1064 |        100        0.09       90.78
       1065 |        100        0.09       90.87
       1066 |        100        0.09       90.96
       1067 |        100        0.09       91.04
       1068 |        100        0.09       91.13
       1069 |        100        0.09       91.21
       1070 |        100        0.09       91.30
       1071 |        100        0.09       91.38
       1072 |        100        0.09       91.47
       1073 |        100        0.09       91.55
       1074 |        100        0.09       91.64
       1075 |        100        0.09       91.72
       1076 |        100        0.09       91.81
       1077 |        100        0.09       91.89
       1078 |        100        0.09       91.98
       1079 |        100        0.09       92.06
       1080 |        100        0.09       92.15
       1081 |        100        0.09       92.24
       1082 |        100        0.09       92.32
       1083 |        100        0.09       92.41
       1084 |        100        0.09       92.49
       1085 |        100        0.09       92.58
       1086 |        100        0.09       92.66
       1087 |        100        0.09       92.75
       1088 |        100        0.09       92.83
       1089 |        100        0.09       92.92
       1090 |        100        0.09       93.00
       1091 |        100        0.09       93.09
       1092 |        100        0.09       93.17
       1093 |        100        0.09       93.26
       1094 |        100        0.09       93.34
       1095 |        100        0.09       93.43
       1096 |        100        0.09       93.52
       1097 |        100        0.09       93.60
       1098 |        100        0.09       93.69
       1099 |        100        0.09       93.77
       1100 |        100        0.09       93.86
       1101 |        100        0.09       93.94
       1102 |        100        0.09       94.03
       1103 |        100        0.09       94.11
       1104 |        100        0.09       94.20
       1105 |        100        0.09       94.28
       1106 |        100        0.09       94.37
       1107 |        100        0.09       94.45
       1108 |        100        0.09       94.54
       1109 |        100        0.09       94.62
       1110 |        100        0.09       94.71
       1111 |        100        0.09       94.80
       1112 |        100        0.09       94.88
       1113 |        100        0.09       94.97
       1114 |        100        0.09       95.05
       1115 |        100        0.09       95.14
       1116 |        100        0.09       95.22
       1117 |        100        0.09       95.31
       1118 |        100        0.09       95.39
       1119 |        100        0.09       95.48
       1120 |        100        0.09       95.56
       1121 |        100        0.09       95.65
       1122 |        100        0.09       95.73
       1123 |        100        0.09       95.82
       1124 |        100        0.09       95.90
       1125 |        100        0.09       95.99
       1126 |        100        0.09       96.08
       1127 |        100        0.09       96.16
       1128 |        100        0.09       96.25
       1129 |        100        0.09       96.33
       1130 |        100        0.09       96.42
       1131 |        100        0.09       96.50
       1132 |        100        0.09       96.59
       1133 |        100        0.09       96.67
       1134 |        100        0.09       96.76
       1135 |        100        0.09       96.84
       1136 |        100        0.09       96.93
       1137 |        100        0.09       97.01
       1138 |        100        0.09       97.10
       1139 |        100        0.09       97.18
       1140 |        100        0.09       97.27
       1141 |        100        0.09       97.35
       1142 |        100        0.09       97.44
       1143 |        100        0.09       97.53
       1144 |        100        0.09       97.61
       1145 |        100        0.09       97.70
       1146 |        100        0.09       97.78
       1147 |        100        0.09       97.87
       1148 |        100        0.09       97.95
       1149 |        100        0.09       98.04
       1150 |        100        0.09       98.12
       1151 |        100        0.09       98.21
       1152 |        100        0.09       98.29
       1153 |        100        0.09       98.38
       1154 |        100        0.09       98.46
       1155 |        100        0.09       98.55
       1156 |        100        0.09       98.63
       1157 |        100        0.09       98.72
       1158 |        100        0.09       98.81
       1159 |        100        0.09       98.89
       1160 |        100        0.09       98.98
       1161 |        100        0.09       99.06
       1162 |        100        0.09       99.15
       1163 |        100        0.09       99.23
       1164 |        100        0.09       99.32
       1165 |        100        0.09       99.40
       1166 |        100        0.09       99.49
       1167 |        100        0.09       99.57
       1168 |        100        0.09       99.66
       1169 |        100        0.09       99.74
       1170 |        100        0.09       99.83
       1171 |        100        0.09       99.91
       1172 |        100        0.09      100.00
------------+-----------------------------------
      Total |    117,200      100.00

. qui drop pair_id_numeric

. qui ren temp2 pair_id_numeric

. qui drop temp

. qui sum pair_id_numeric

. local maxid=r(max)

. qui sum time

. local mint=r(min)

. replace time=time-`mint'+1
(117,200 real changes made)

. 
. sort pair_id_numeric quarter_index

. 
. cd "$outdirectory"
/Users/mac/JPE-replications/JPE-Mitman-2016256/replication-package/replication-
> package/output/factor_inputs

. capture mkdir QDK

. cd QDK
/Users/mac/JPE-replications/JPE-Mitman-2016256/replication-package/replication-
> package/output/factor_inputs/QDK

. file open myfile using "N.txt", write replace
(file N.txt not found)

. file write myfile "`maxid'"

. file close myfile

. 
. // QBLS column contract for tab:Forward_Spec / Factor_FrontEnd_QDK.m:
. //   col 1   fipsnumeric
. //   col 2   year
. //   col 3   quarter
. //   col 4   diff_logmeanwks                 (benefits at t)
. //   col 5-12 qdk1..qdk8_logunemp_rate_laus  (k-period-ahead quasi-difference
> d unemployment)
. //   col 13-19 f1..f7_logmeanwks             (leads of benefits)
. forvalues i=1/`maxid'{
  2.         qui outsheet fipsnumeric year quarter diff_logmeanwks qdk1_logunem
> p_rate_laus ///
>                 qdk2_logunemp_rate_laus qdk3_logunemp_rate_laus qdk4_logunemp
> _rate_laus qdk5_logunemp_rate_laus ///
>                 qdk6_logunemp_rate_laus qdk7_logunemp_rate_laus qdk8_logunemp
> _rate_laus ///
>                 f1_logmeanwks f2_logmeanwks f3_logmeanwks f4_logmeanwks f5_lo
> gmeanwks f6_logmeanwks f7_logmeanwks ///
>                 if pair_id_numeric==`i' using QBLS`i'.txt, replace nonames
  3. }

. 
. capture drop st_min

. capture drop st_max

. capture drop bordersegment

. 
. bys pair_id_numeric: egen st_min=min(fipsstate)

. by  pair_id_numeric: egen st_max=max(fipsstate)

. egen bordersegment=group(st_min st_max)

. 
. bys bordersegment pair_id_numeric: gen temp=_n==1

. sort bordersegment pair_id_numeric fipsnumeric time

. outsheet bordersegment pair_id_numeric using bordersegment_cluster.txt if tem
> p==1, nonames replace
(file bordersegment_cluster.txt not found)

. drop temp

. 
. cd "${CodeDirec}"
/Users/mac/JPE-replications/JPE-Mitman-2016256/replication-package/replication-
> package/code/exporters

. 
end of do-file
