
  ___  ____  ____  ____  ____ ®
 /__    /   ____/   /   ____/      StataNow 19.5
___/   /   /___/   /   /___/       MP—Parallel Edition

 Statistics and Data Science       Copyright 1985-2025 StataCorp LLC
                                   StataCorp
                                   4905 Lakeway Drive
                                   College Station, Texas 77845 USA
                                   800-782-8272        https://www.stata.com
                                   979-696-4600        service@stata.com

Stata license: Unlimited-user 2-core network, expiring  8 Jun 2027
Serial number: 501909302568
  Licensed to: wiktorze
               Sciences Po

Notes:
      1. Stata is running in batch mode.
      2. Unicode is supported; see help unicode_advice.
      3. More than 2 billion observations are allowed; see help obs_advice.
      4. Maximum number of variables is set to 5,000 but can be increased;
          see help set_maxvar.

. do exporters/OutputDataSetsUIMacro_Industry.do 

. do "config.do"

. * ===========================================================================
. * config.do  --  single path configuration for the replication archive.
. *
. * HOW TO RUN: from a Stata session whose working directory is `code/`, first
. *     do "config.do"
. * then run any pipeline script (also from `code/`), e.g. `do build/UIMacro_Bu
> ildData.do`.
. * Each pipeline script re-runs this file itself, so you can also run them dir
> ectly
. * from `code/`. EDIT THE ONE LINE below to this archive's location on your ma
> chine.
. * ===========================================================================
. 
. global root "/Users/mac/JPE-replications/JPE-Mitman-2016256/replication-packa
> ge/replication-package"          //  <-- EDIT: path to this archive

. 
. * --- derived locations (do not edit) ---
. global code          "${root}/code"

. global rawdata       "${root}/data/raw"

. global processed     "${root}/data/processed"

. global output        "${root}/output"

. global tables        "${output}/tables"

. global figures       "${output}/figures"

. global factor_csv    "${output}/factor_results"      // analysis/Matlab resul
> t CSVs (make_tables reads)

. global factor_inputs "${output}/factor_inputs"       // per-pair QBLS handoff
>  (regenerated by exporters)

. global synthetic     "${root}/synthetic-data"

. 
. * --- analysis convenience: cd "${maindirectory}"; use "${CurrentData}" / "${
> DataControls}.dta" ---
. global maindirectory "${processed}/"

. global CurrentData   "UIMacro_RevisionData.dta"

. global DataControls  "UIMacro_DataControls"

. global Wages         "ProcessedWages.dta"

. global outdirectory  "${factor_inputs}/"             // exporters write QBLS 
> here

. global latexdir      "${factor_csv}/"                // analysis/Matlab resul
> t CSVs (make_tables reads)

. 
. * --- vacancy data switch ---------------------------------------------------
. * vacfile/statefile are the two PROVIDED synthetic stand-ins for the propriet
> ary HWOL
. * inputs (synthetic-data/; the confidential HWOL data are NOT in this archive
> ). To reproduce the PUBLISHED (HWOL)
. * vacancy numbers, the Data Editor replaces these two files with the licensed
>  Conference
. * Board HWOL data and re-runs. See code/build/SYNTHETIC_VACANCY_PATH.md.
. global vacfile      "${synthetic}/new_vac_synthetic.dta"

. global statefile    "${synthetic}/StateMonthlyBorderData_synthetic.dta"

. * ImputedDataBorder is a BUILT intermediate, NOT shipped: the replicator gene
> rates it by
. * running the imputation (analysis/Impute_Input.do -> matlab/Run_Impute_Borde
> r.m ->
. * analysis/Impute_to_Stata.do) on ${vacfile}; it lands in data/processed/ (sy
> nthetic by
. * default, the real version if the Data Editor swaps in HWOL).
. global ImputedFile  "${processed}/ImputedDataBorder.dta"

. 
. * --- figure styling: the published figures were drawn under the classic
. * s2color scheme; Stata 18+ defaults to stcolor, which changes gridlines,
. * markers, and legend styling. Pin the scheme so regenerated figures match.
. cap set scheme s2color

. 
. * ensure the built-output folders exist (the archive ships them empty / absen
> t)
. cap mkdir "${processed}"

. cap mkdir "${output}"

. cap mkdir "${tables}"

. cap mkdir "${figures}"

. cap mkdir "${factor_csv}"

. cap mkdir "${factor_inputs}"

. 
. local ssc_packages "reghdfe binscatter regife outreg2 ftools coefplot tuples 
> hdfe mat2txt ivreg2 ranktest"

. if !missing("`ssc_packages'") { 
.         foreach pkg in `ssc_packages' {
  2.                 capture which `pkg' 
  3.                 if _rc == 111 {
  4.                         dis "Installing `pkg'"
  5.                         ssc install `pkg', replace
  6.                         }
  7.                 which `pkg' 
  8.                 }
/Users/mac/Library/Application Support/Stata/ado/plus/r/reghdfe.ado
*! version 6.13.1 10Jan2026
/Users/mac/Library/Application Support/Stata/ado/plus/b/binscatter.ado
*! version 7.02  24nov2013  Michael Stepner, stepner@mit.edu
/Users/mac/Library/Application Support/Stata/ado/plus/r/regife.ado
/Users/mac/Library/Application Support/Stata/ado/plus/o/outreg2.ado
*! outreg2 2.3.2  17aug2014 by roywada@hotmail.com
*! based on outreg 3.0.6/4.0.0 by john_gallup@alum.swarthmore.edu
/Users/mac/Library/Application Support/Stata/ado/plus/f/ftools.ado
*! version 2.50.0 09jan2026
/Users/mac/Library/Application Support/Stata/ado/plus/c/coefplot.ado
*! version 1.8.6  22feb2023  Ben Jann
/Users/mac/Library/Application Support/Stata/ado/plus/t/tuples.ado
*! version 4.3.0  25sep2025
/Users/mac/Library/Application Support/Stata/ado/plus/h/hdfe.ado
*! reghdfe 3.2.9 21feb2016
*! Sergio Correia (sergio.correia@duke.edu)
/Users/mac/Library/Application Support/Stata/ado/plus/m/mat2txt.ado
*! 1.1.2 Ben Jann 24 Nov 2004
*! 1.1.1 M Blasnik 18 Feb 2004
/Users/mac/Library/Application Support/Stata/ado/plus/i/ivreg2.ado
*! ivreg2 4.1.12  14aug2024
*! authors cfb & mes
*! see end of file for version comments
/Users/mac/Library/Application Support/Stata/ado/plus/r/ranktest.ado
*! ranktest 2.0.04  21sept2020
*! authors mes & fw; KP stat based on code by fk
*! see end of file for version comments
. }

. 
end of do-file

. global CodeDirec ="${code}/exporters/"

. global DataControls "UIMacro_DataControls"

. global CurrentData "UIMacro_RevisionData.dta"

. global maindirectory "${processed}/"

. global outdirectory "${factor_inputs}/"

. cd "${CodeDirec}"
/Users/mac/JPE-replications/JPE-Mitman-2016256/replication-package/replication-
> package/code/exporters

. 
. set more off, perm
(set more preference recorded)

. cap log close

. set logtype text

. 
. 
. cd "$maindirectory"
/Users/mac/JPE-replications/JPE-Mitman-2016256/replication-package/replication-
> package/data/processed

. use ${DataControls}.dta, clear

. sort pair_id_numeric county_index

. 
. 
. keep if county_index==1
(0 observations deleted)

. // drop if year<2005
. // drop if year>2012
. 
. // Table 1 Col 6: border counties with similar industrial composition
. * Col 6: the 50% of border pairs with the most similar industrial composition
. keep if industry_low==1
(59,900 observations deleted)

. 
. 
. foreach var of varlist                                                       
>                                                                              
>       ///
>                                                                              
>                                                                              
>                                                               ///
>         qdk1_logunemp_rate_laus diff_logprod_priv diff_logprod_all           
>                                                                              
>       ///                                                                    
>                                                                              
>     ///
>                                                                              
>                                                                              
>                                               ///
>         diff_logmeanwks { ///
> 
  2.         qui bys pair_id_numeric fipsnumeric: egen nmissing=count(`var')
  3.         by pair_id_numeric: egen nmissing2=min(nmissing)
  4.         qui tab nmissing
  5.         drop if nmissing2==0
  6.         qui drop nmissing nmissing2
  7. 
. }
(0 observations deleted)
(0 observations deleted)
(0 observations deleted)
(0 observations deleted)

. 
. qui sort pair_id_numeric fipsnumeric year quarter

. qui by pair_id_numeric: gen temp=_n==1

. qui gen temp2=sum(temp)

. tab temp2

      temp2 |      Freq.     Percent        Cum.
------------+-----------------------------------
          1 |        100        0.17        0.17
          2 |        100        0.17        0.35
          3 |        100        0.17        0.52
          4 |        100        0.17        0.70
          5 |        100        0.17        0.87
          6 |        100        0.17        1.05
          7 |        100        0.17        1.22
          8 |        100        0.17        1.40
          9 |        100        0.17        1.57
         10 |        100        0.17        1.75
         11 |        100        0.17        1.92
         12 |        100        0.17        2.09
         13 |        100        0.17        2.27
         14 |        100        0.17        2.44
         15 |        100        0.17        2.62
         16 |        100        0.17        2.79
         17 |        100        0.17        2.97
         18 |        100        0.17        3.14
         19 |        100        0.17        3.32
         20 |        100        0.17        3.49
         21 |        100        0.17        3.66
         22 |        100        0.17        3.84
         23 |        100        0.17        4.01
         24 |        100        0.17        4.19
         25 |        100        0.17        4.36
         26 |        100        0.17        4.54
         27 |        100        0.17        4.71
         28 |        100        0.17        4.89
         29 |        100        0.17        5.06
         30 |        100        0.17        5.24
         31 |        100        0.17        5.41
         32 |        100        0.17        5.58
         33 |        100        0.17        5.76
         34 |        100        0.17        5.93
         35 |        100        0.17        6.11
         36 |        100        0.17        6.28
         37 |        100        0.17        6.46
         38 |        100        0.17        6.63
         39 |        100        0.17        6.81
         40 |        100        0.17        6.98
         41 |        100        0.17        7.16
         42 |        100        0.17        7.33
         43 |        100        0.17        7.50
         44 |        100        0.17        7.68
         45 |        100        0.17        7.85
         46 |        100        0.17        8.03
         47 |        100        0.17        8.20
         48 |        100        0.17        8.38
         49 |        100        0.17        8.55
         50 |        100        0.17        8.73
         51 |        100        0.17        8.90
         52 |        100        0.17        9.08
         53 |        100        0.17        9.25
         54 |        100        0.17        9.42
         55 |        100        0.17        9.60
         56 |        100        0.17        9.77
         57 |        100        0.17        9.95
         58 |        100        0.17       10.12
         59 |        100        0.17       10.30
         60 |        100        0.17       10.47
         61 |        100        0.17       10.65
         62 |        100        0.17       10.82
         63 |        100        0.17       10.99
         64 |        100        0.17       11.17
         65 |        100        0.17       11.34
         66 |        100        0.17       11.52
         67 |        100        0.17       11.69
         68 |        100        0.17       11.87
         69 |        100        0.17       12.04
         70 |        100        0.17       12.22
         71 |        100        0.17       12.39
         72 |        100        0.17       12.57
         73 |        100        0.17       12.74
         74 |        100        0.17       12.91
         75 |        100        0.17       13.09
         76 |        100        0.17       13.26
         77 |        100        0.17       13.44
         78 |        100        0.17       13.61
         79 |        100        0.17       13.79
         80 |        100        0.17       13.96
         81 |        100        0.17       14.14
         82 |        100        0.17       14.31
         83 |        100        0.17       14.49
         84 |        100        0.17       14.66
         85 |        100        0.17       14.83
         86 |        100        0.17       15.01
         87 |        100        0.17       15.18
         88 |        100        0.17       15.36
         89 |        100        0.17       15.53
         90 |        100        0.17       15.71
         91 |        100        0.17       15.88
         92 |        100        0.17       16.06
         93 |        100        0.17       16.23
         94 |        100        0.17       16.40
         95 |        100        0.17       16.58
         96 |        100        0.17       16.75
         97 |        100        0.17       16.93
         98 |        100        0.17       17.10
         99 |        100        0.17       17.28
        100 |        100        0.17       17.45
        101 |        100        0.17       17.63
        102 |        100        0.17       17.80
        103 |        100        0.17       17.98
        104 |        100        0.17       18.15
        105 |        100        0.17       18.32
        106 |        100        0.17       18.50
        107 |        100        0.17       18.67
        108 |        100        0.17       18.85
        109 |        100        0.17       19.02
        110 |        100        0.17       19.20
        111 |        100        0.17       19.37
        112 |        100        0.17       19.55
        113 |        100        0.17       19.72
        114 |        100        0.17       19.90
        115 |        100        0.17       20.07
        116 |        100        0.17       20.24
        117 |        100        0.17       20.42
        118 |        100        0.17       20.59
        119 |        100        0.17       20.77
        120 |        100        0.17       20.94
        121 |        100        0.17       21.12
        122 |        100        0.17       21.29
        123 |        100        0.17       21.47
        124 |        100        0.17       21.64
        125 |        100        0.17       21.82
        126 |        100        0.17       21.99
        127 |        100        0.17       22.16
        128 |        100        0.17       22.34
        129 |        100        0.17       22.51
        130 |        100        0.17       22.69
        131 |        100        0.17       22.86
        132 |        100        0.17       23.04
        133 |        100        0.17       23.21
        134 |        100        0.17       23.39
        135 |        100        0.17       23.56
        136 |        100        0.17       23.73
        137 |        100        0.17       23.91
        138 |        100        0.17       24.08
        139 |        100        0.17       24.26
        140 |        100        0.17       24.43
        141 |        100        0.17       24.61
        142 |        100        0.17       24.78
        143 |        100        0.17       24.96
        144 |        100        0.17       25.13
        145 |        100        0.17       25.31
        146 |        100        0.17       25.48
        147 |        100        0.17       25.65
        148 |        100        0.17       25.83
        149 |        100        0.17       26.00
        150 |        100        0.17       26.18
        151 |        100        0.17       26.35
        152 |        100        0.17       26.53
        153 |        100        0.17       26.70
        154 |        100        0.17       26.88
        155 |        100        0.17       27.05
        156 |        100        0.17       27.23
        157 |        100        0.17       27.40
        158 |        100        0.17       27.57
        159 |        100        0.17       27.75
        160 |        100        0.17       27.92
        161 |        100        0.17       28.10
        162 |        100        0.17       28.27
        163 |        100        0.17       28.45
        164 |        100        0.17       28.62
        165 |        100        0.17       28.80
        166 |        100        0.17       28.97
        167 |        100        0.17       29.14
        168 |        100        0.17       29.32
        169 |        100        0.17       29.49
        170 |        100        0.17       29.67
        171 |        100        0.17       29.84
        172 |        100        0.17       30.02
        173 |        100        0.17       30.19
        174 |        100        0.17       30.37
        175 |        100        0.17       30.54
        176 |        100        0.17       30.72
        177 |        100        0.17       30.89
        178 |        100        0.17       31.06
        179 |        100        0.17       31.24
        180 |        100        0.17       31.41
        181 |        100        0.17       31.59
        182 |        100        0.17       31.76
        183 |        100        0.17       31.94
        184 |        100        0.17       32.11
        185 |        100        0.17       32.29
        186 |        100        0.17       32.46
        187 |        100        0.17       32.64
        188 |        100        0.17       32.81
        189 |        100        0.17       32.98
        190 |        100        0.17       33.16
        191 |        100        0.17       33.33
        192 |        100        0.17       33.51
        193 |        100        0.17       33.68
        194 |        100        0.17       33.86
        195 |        100        0.17       34.03
        196 |        100        0.17       34.21
        197 |        100        0.17       34.38
        198 |        100        0.17       34.55
        199 |        100        0.17       34.73
        200 |        100        0.17       34.90
        201 |        100        0.17       35.08
        202 |        100        0.17       35.25
        203 |        100        0.17       35.43
        204 |        100        0.17       35.60
        205 |        100        0.17       35.78
        206 |        100        0.17       35.95
        207 |        100        0.17       36.13
        208 |        100        0.17       36.30
        209 |        100        0.17       36.47
        210 |        100        0.17       36.65
        211 |        100        0.17       36.82
        212 |        100        0.17       37.00
        213 |        100        0.17       37.17
        214 |        100        0.17       37.35
        215 |        100        0.17       37.52
        216 |        100        0.17       37.70
        217 |        100        0.17       37.87
        218 |        100        0.17       38.05
        219 |        100        0.17       38.22
        220 |        100        0.17       38.39
        221 |        100        0.17       38.57
        222 |        100        0.17       38.74
        223 |        100        0.17       38.92
        224 |        100        0.17       39.09
        225 |        100        0.17       39.27
        226 |        100        0.17       39.44
        227 |        100        0.17       39.62
        228 |        100        0.17       39.79
        229 |        100        0.17       39.97
        230 |        100        0.17       40.14
        231 |        100        0.17       40.31
        232 |        100        0.17       40.49
        233 |        100        0.17       40.66
        234 |        100        0.17       40.84
        235 |        100        0.17       41.01
        236 |        100        0.17       41.19
        237 |        100        0.17       41.36
        238 |        100        0.17       41.54
        239 |        100        0.17       41.71
        240 |        100        0.17       41.88
        241 |        100        0.17       42.06
        242 |        100        0.17       42.23
        243 |        100        0.17       42.41
        244 |        100        0.17       42.58
        245 |        100        0.17       42.76
        246 |        100        0.17       42.93
        247 |        100        0.17       43.11
        248 |        100        0.17       43.28
        249 |        100        0.17       43.46
        250 |        100        0.17       43.63
        251 |        100        0.17       43.80
        252 |        100        0.17       43.98
        253 |        100        0.17       44.15
        254 |        100        0.17       44.33
        255 |        100        0.17       44.50
        256 |        100        0.17       44.68
        257 |        100        0.17       44.85
        258 |        100        0.17       45.03
        259 |        100        0.17       45.20
        260 |        100        0.17       45.38
        261 |        100        0.17       45.55
        262 |        100        0.17       45.72
        263 |        100        0.17       45.90
        264 |        100        0.17       46.07
        265 |        100        0.17       46.25
        266 |        100        0.17       46.42
        267 |        100        0.17       46.60
        268 |        100        0.17       46.77
        269 |        100        0.17       46.95
        270 |        100        0.17       47.12
        271 |        100        0.17       47.29
        272 |        100        0.17       47.47
        273 |        100        0.17       47.64
        274 |        100        0.17       47.82
        275 |        100        0.17       47.99
        276 |        100        0.17       48.17
        277 |        100        0.17       48.34
        278 |        100        0.17       48.52
        279 |        100        0.17       48.69
        280 |        100        0.17       48.87
        281 |        100        0.17       49.04
        282 |        100        0.17       49.21
        283 |        100        0.17       49.39
        284 |        100        0.17       49.56
        285 |        100        0.17       49.74
        286 |        100        0.17       49.91
        287 |        100        0.17       50.09
        288 |        100        0.17       50.26
        289 |        100        0.17       50.44
        290 |        100        0.17       50.61
        291 |        100        0.17       50.79
        292 |        100        0.17       50.96
        293 |        100        0.17       51.13
        294 |        100        0.17       51.31
        295 |        100        0.17       51.48
        296 |        100        0.17       51.66
        297 |        100        0.17       51.83
        298 |        100        0.17       52.01
        299 |        100        0.17       52.18
        300 |        100        0.17       52.36
        301 |        100        0.17       52.53
        302 |        100        0.17       52.71
        303 |        100        0.17       52.88
        304 |        100        0.17       53.05
        305 |        100        0.17       53.23
        306 |        100        0.17       53.40
        307 |        100        0.17       53.58
        308 |        100        0.17       53.75
        309 |        100        0.17       53.93
        310 |        100        0.17       54.10
        311 |        100        0.17       54.28
        312 |        100        0.17       54.45
        313 |        100        0.17       54.62
        314 |        100        0.17       54.80
        315 |        100        0.17       54.97
        316 |        100        0.17       55.15
        317 |        100        0.17       55.32
        318 |        100        0.17       55.50
        319 |        100        0.17       55.67
        320 |        100        0.17       55.85
        321 |        100        0.17       56.02
        322 |        100        0.17       56.20
        323 |        100        0.17       56.37
        324 |        100        0.17       56.54
        325 |        100        0.17       56.72
        326 |        100        0.17       56.89
        327 |        100        0.17       57.07
        328 |        100        0.17       57.24
        329 |        100        0.17       57.42
        330 |        100        0.17       57.59
        331 |        100        0.17       57.77
        332 |        100        0.17       57.94
        333 |        100        0.17       58.12
        334 |        100        0.17       58.29
        335 |        100        0.17       58.46
        336 |        100        0.17       58.64
        337 |        100        0.17       58.81
        338 |        100        0.17       58.99
        339 |        100        0.17       59.16
        340 |        100        0.17       59.34
        341 |        100        0.17       59.51
        342 |        100        0.17       59.69
        343 |        100        0.17       59.86
        344 |        100        0.17       60.03
        345 |        100        0.17       60.21
        346 |        100        0.17       60.38
        347 |        100        0.17       60.56
        348 |        100        0.17       60.73
        349 |        100        0.17       60.91
        350 |        100        0.17       61.08
        351 |        100        0.17       61.26
        352 |        100        0.17       61.43
        353 |        100        0.17       61.61
        354 |        100        0.17       61.78
        355 |        100        0.17       61.95
        356 |        100        0.17       62.13
        357 |        100        0.17       62.30
        358 |        100        0.17       62.48
        359 |        100        0.17       62.65
        360 |        100        0.17       62.83
        361 |        100        0.17       63.00
        362 |        100        0.17       63.18
        363 |        100        0.17       63.35
        364 |        100        0.17       63.53
        365 |        100        0.17       63.70
        366 |        100        0.17       63.87
        367 |        100        0.17       64.05
        368 |        100        0.17       64.22
        369 |        100        0.17       64.40
        370 |        100        0.17       64.57
        371 |        100        0.17       64.75
        372 |        100        0.17       64.92
        373 |        100        0.17       65.10
        374 |        100        0.17       65.27
        375 |        100        0.17       65.45
        376 |        100        0.17       65.62
        377 |        100        0.17       65.79
        378 |        100        0.17       65.97
        379 |        100        0.17       66.14
        380 |        100        0.17       66.32
        381 |        100        0.17       66.49
        382 |        100        0.17       66.67
        383 |        100        0.17       66.84
        384 |        100        0.17       67.02
        385 |        100        0.17       67.19
        386 |        100        0.17       67.36
        387 |        100        0.17       67.54
        388 |        100        0.17       67.71
        389 |        100        0.17       67.89
        390 |        100        0.17       68.06
        391 |        100        0.17       68.24
        392 |        100        0.17       68.41
        393 |        100        0.17       68.59
        394 |        100        0.17       68.76
        395 |        100        0.17       68.94
        396 |        100        0.17       69.11
        397 |        100        0.17       69.28
        398 |        100        0.17       69.46
        399 |        100        0.17       69.63
        400 |        100        0.17       69.81
        401 |        100        0.17       69.98
        402 |        100        0.17       70.16
        403 |        100        0.17       70.33
        404 |        100        0.17       70.51
        405 |        100        0.17       70.68
        406 |        100        0.17       70.86
        407 |        100        0.17       71.03
        408 |        100        0.17       71.20
        409 |        100        0.17       71.38
        410 |        100        0.17       71.55
        411 |        100        0.17       71.73
        412 |        100        0.17       71.90
        413 |        100        0.17       72.08
        414 |        100        0.17       72.25
        415 |        100        0.17       72.43
        416 |        100        0.17       72.60
        417 |        100        0.17       72.77
        418 |        100        0.17       72.95
        419 |        100        0.17       73.12
        420 |        100        0.17       73.30
        421 |        100        0.17       73.47
        422 |        100        0.17       73.65
        423 |        100        0.17       73.82
        424 |        100        0.17       74.00
        425 |        100        0.17       74.17
        426 |        100        0.17       74.35
        427 |        100        0.17       74.52
        428 |        100        0.17       74.69
        429 |        100        0.17       74.87
        430 |        100        0.17       75.04
        431 |        100        0.17       75.22
        432 |        100        0.17       75.39
        433 |        100        0.17       75.57
        434 |        100        0.17       75.74
        435 |        100        0.17       75.92
        436 |        100        0.17       76.09
        437 |        100        0.17       76.27
        438 |        100        0.17       76.44
        439 |        100        0.17       76.61
        440 |        100        0.17       76.79
        441 |        100        0.17       76.96
        442 |        100        0.17       77.14
        443 |        100        0.17       77.31
        444 |        100        0.17       77.49
        445 |        100        0.17       77.66
        446 |        100        0.17       77.84
        447 |        100        0.17       78.01
        448 |        100        0.17       78.18
        449 |        100        0.17       78.36
        450 |        100        0.17       78.53
        451 |        100        0.17       78.71
        452 |        100        0.17       78.88
        453 |        100        0.17       79.06
        454 |        100        0.17       79.23
        455 |        100        0.17       79.41
        456 |        100        0.17       79.58
        457 |        100        0.17       79.76
        458 |        100        0.17       79.93
        459 |        100        0.17       80.10
        460 |        100        0.17       80.28
        461 |        100        0.17       80.45
        462 |        100        0.17       80.63
        463 |        100        0.17       80.80
        464 |        100        0.17       80.98
        465 |        100        0.17       81.15
        466 |        100        0.17       81.33
        467 |        100        0.17       81.50
        468 |        100        0.17       81.68
        469 |        100        0.17       81.85
        470 |        100        0.17       82.02
        471 |        100        0.17       82.20
        472 |        100        0.17       82.37
        473 |        100        0.17       82.55
        474 |        100        0.17       82.72
        475 |        100        0.17       82.90
        476 |        100        0.17       83.07
        477 |        100        0.17       83.25
        478 |        100        0.17       83.42
        479 |        100        0.17       83.60
        480 |        100        0.17       83.77
        481 |        100        0.17       83.94
        482 |        100        0.17       84.12
        483 |        100        0.17       84.29
        484 |        100        0.17       84.47
        485 |        100        0.17       84.64
        486 |        100        0.17       84.82
        487 |        100        0.17       84.99
        488 |        100        0.17       85.17
        489 |        100        0.17       85.34
        490 |        100        0.17       85.51
        491 |        100        0.17       85.69
        492 |        100        0.17       85.86
        493 |        100        0.17       86.04
        494 |        100        0.17       86.21
        495 |        100        0.17       86.39
        496 |        100        0.17       86.56
        497 |        100        0.17       86.74
        498 |        100        0.17       86.91
        499 |        100        0.17       87.09
        500 |        100        0.17       87.26
        501 |        100        0.17       87.43
        502 |        100        0.17       87.61
        503 |        100        0.17       87.78
        504 |        100        0.17       87.96
        505 |        100        0.17       88.13
        506 |        100        0.17       88.31
        507 |        100        0.17       88.48
        508 |        100        0.17       88.66
        509 |        100        0.17       88.83
        510 |        100        0.17       89.01
        511 |        100        0.17       89.18
        512 |        100        0.17       89.35
        513 |        100        0.17       89.53
        514 |        100        0.17       89.70
        515 |        100        0.17       89.88
        516 |        100        0.17       90.05
        517 |        100        0.17       90.23
        518 |        100        0.17       90.40
        519 |        100        0.17       90.58
        520 |        100        0.17       90.75
        521 |        100        0.17       90.92
        522 |        100        0.17       91.10
        523 |        100        0.17       91.27
        524 |        100        0.17       91.45
        525 |        100        0.17       91.62
        526 |        100        0.17       91.80
        527 |        100        0.17       91.97
        528 |        100        0.17       92.15
        529 |        100        0.17       92.32
        530 |        100        0.17       92.50
        531 |        100        0.17       92.67
        532 |        100        0.17       92.84
        533 |        100        0.17       93.02
        534 |        100        0.17       93.19
        535 |        100        0.17       93.37
        536 |        100        0.17       93.54
        537 |        100        0.17       93.72
        538 |        100        0.17       93.89
        539 |        100        0.17       94.07
        540 |        100        0.17       94.24
        541 |        100        0.17       94.42
        542 |        100        0.17       94.59
        543 |        100        0.17       94.76
        544 |        100        0.17       94.94
        545 |        100        0.17       95.11
        546 |        100        0.17       95.29
        547 |        100        0.17       95.46
        548 |        100        0.17       95.64
        549 |        100        0.17       95.81
        550 |        100        0.17       95.99
        551 |        100        0.17       96.16
        552 |        100        0.17       96.34
        553 |        100        0.17       96.51
        554 |        100        0.17       96.68
        555 |        100        0.17       96.86
        556 |        100        0.17       97.03
        557 |        100        0.17       97.21
        558 |        100        0.17       97.38
        559 |        100        0.17       97.56
        560 |        100        0.17       97.73
        561 |        100        0.17       97.91
        562 |        100        0.17       98.08
        563 |        100        0.17       98.25
        564 |        100        0.17       98.43
        565 |        100        0.17       98.60
        566 |        100        0.17       98.78
        567 |        100        0.17       98.95
        568 |        100        0.17       99.13
        569 |        100        0.17       99.30
        570 |        100        0.17       99.48
        571 |        100        0.17       99.65
        572 |        100        0.17       99.83
        573 |        100        0.17      100.00
------------+-----------------------------------
      Total |     57,300      100.00

. qui drop pair_id_numeric

. qui ren temp2 pair_id_numeric

. qui drop temp

. qui sum pair_id_numeric

. local maxid=r(max)

. qui sum time

. local mint=r(min)

. replace time=time-`mint'+1
(57,300 real changes made)

. 
. sort pair_id_numeric quarter_index

. 
. cd "$outdirectory"
/Users/mac/JPE-replications/JPE-Mitman-2016256/replication-package/replication-
> package/output/factor_inputs

. capture mkdir Industry

. cd Industry
/Users/mac/JPE-replications/JPE-Mitman-2016256/replication-package/replication-
> package/output/factor_inputs/Industry

. file open myfile using "N.txt", write replace
(file N.txt not found)

. file write myfile "`maxid'"

. file close myfile

. forvalues i=1/`maxid'{
  2.         disp(`i')
  3.         outsheet fipsnumeric year quarter diff_logmeanwks qdk1_logunemp_ra
> te_laus diff_logprod_priv diff_logprod_all diff_logmeanwks_pf qdsbk1_logunemp
> _rate_laus ///
>         if pair_id_numeric==`i' using QBLS`i'.txt, replace nonames
  4. }
1
(file QBLS1.txt not found)
2
(file QBLS2.txt not found)
3
(file QBLS3.txt not found)
4
(file QBLS4.txt not found)
5
(file QBLS5.txt not found)
6
(file QBLS6.txt not found)
7
(file QBLS7.txt not found)
8
(file QBLS8.txt not found)
9
(file QBLS9.txt not found)
10
(file QBLS10.txt not found)
11
(file QBLS11.txt not found)
12
(file QBLS12.txt not found)
13
(file QBLS13.txt not found)
14
(file QBLS14.txt not found)
15
(file QBLS15.txt not found)
16
(file QBLS16.txt not found)
17
(file QBLS17.txt not found)
18
(file QBLS18.txt not found)
19
(file QBLS19.txt not found)
20
(file QBLS20.txt not found)
21
(file QBLS21.txt not found)
22
(file QBLS22.txt not found)
23
(file QBLS23.txt not found)
24
(file QBLS24.txt not found)
25
(file QBLS25.txt not found)
26
(file QBLS26.txt not found)
27
(file QBLS27.txt not found)
28
(file QBLS28.txt not found)
29
(file QBLS29.txt not found)
30
(file QBLS30.txt not found)
31
(file QBLS31.txt not found)
32
(file QBLS32.txt not found)
33
(file QBLS33.txt not found)
34
(file QBLS34.txt not found)
35
(file QBLS35.txt not found)
36
(file QBLS36.txt not found)
37
(file QBLS37.txt not found)
38
(file QBLS38.txt not found)
39
(file QBLS39.txt not found)
40
(file QBLS40.txt not found)
41
(file QBLS41.txt not found)
42
(file QBLS42.txt not found)
43
(file QBLS43.txt not found)
44
(file QBLS44.txt not found)
45
(file QBLS45.txt not found)
46
(file QBLS46.txt not found)
47
(file QBLS47.txt not found)
48
(file QBLS48.txt not found)
49
(file QBLS49.txt not found)
50
(file QBLS50.txt not found)
51
(file QBLS51.txt not found)
52
(file QBLS52.txt not found)
53
(file QBLS53.txt not found)
54
(file QBLS54.txt not found)
55
(file QBLS55.txt not found)
56
(file QBLS56.txt not found)
57
(file QBLS57.txt not found)
58
(file QBLS58.txt not found)
59
(file QBLS59.txt not found)
60
(file QBLS60.txt not found)
61
(file QBLS61.txt not found)
62
(file QBLS62.txt not found)
63
(file QBLS63.txt not found)
64
(file QBLS64.txt not found)
65
(file QBLS65.txt not found)
66
(file QBLS66.txt not found)
67
(file QBLS67.txt not found)
68
(file QBLS68.txt not found)
69
(file QBLS69.txt not found)
70
(file QBLS70.txt not found)
71
(file QBLS71.txt not found)
72
(file QBLS72.txt not found)
73
(file QBLS73.txt not found)
74
(file QBLS74.txt not found)
75
(file QBLS75.txt not found)
76
(file QBLS76.txt not found)
77
(file QBLS77.txt not found)
78
(file QBLS78.txt not found)
79
(file QBLS79.txt not found)
80
(file QBLS80.txt not found)
81
(file QBLS81.txt not found)
82
(file QBLS82.txt not found)
83
(file QBLS83.txt not found)
84
(file QBLS84.txt not found)
85
(file QBLS85.txt not found)
86
(file QBLS86.txt not found)
87
(file QBLS87.txt not found)
88
(file QBLS88.txt not found)
89
(file QBLS89.txt not found)
90
(file QBLS90.txt not found)
91
(file QBLS91.txt not found)
92
(file QBLS92.txt not found)
93
(file QBLS93.txt not found)
94
(file QBLS94.txt not found)
95
(file QBLS95.txt not found)
96
(file QBLS96.txt not found)
97
(file QBLS97.txt not found)
98
(file QBLS98.txt not found)
99
(file QBLS99.txt not found)
100
(file QBLS100.txt not found)
101
(file QBLS101.txt not found)
102
(file QBLS102.txt not found)
103
(file QBLS103.txt not found)
104
(file QBLS104.txt not found)
105
(file QBLS105.txt not found)
106
(file QBLS106.txt not found)
107
(file QBLS107.txt not found)
108
(file QBLS108.txt not found)
109
(file QBLS109.txt not found)
110
(file QBLS110.txt not found)
111
(file QBLS111.txt not found)
112
(file QBLS112.txt not found)
113
(file QBLS113.txt not found)
114
(file QBLS114.txt not found)
115
(file QBLS115.txt not found)
116
(file QBLS116.txt not found)
117
(file QBLS117.txt not found)
118
(file QBLS118.txt not found)
119
(file QBLS119.txt not found)
120
(file QBLS120.txt not found)
121
(file QBLS121.txt not found)
122
(file QBLS122.txt not found)
123
(file QBLS123.txt not found)
124
(file QBLS124.txt not found)
125
(file QBLS125.txt not found)
126
(file QBLS126.txt not found)
127
(file QBLS127.txt not found)
128
(file QBLS128.txt not found)
129
(file QBLS129.txt not found)
130
(file QBLS130.txt not found)
131
(file QBLS131.txt not found)
132
(file QBLS132.txt not found)
133
(file QBLS133.txt not found)
134
(file QBLS134.txt not found)
135
(file QBLS135.txt not found)
136
(file QBLS136.txt not found)
137
(file QBLS137.txt not found)
138
(file QBLS138.txt not found)
139
(file QBLS139.txt not found)
140
(file QBLS140.txt not found)
141
(file QBLS141.txt not found)
142
(file QBLS142.txt not found)
143
(file QBLS143.txt not found)
144
(file QBLS144.txt not found)
145
(file QBLS145.txt not found)
146
(file QBLS146.txt not found)
147
(file QBLS147.txt not found)
148
(file QBLS148.txt not found)
149
(file QBLS149.txt not found)
150
(file QBLS150.txt not found)
151
(file QBLS151.txt not found)
152
(file QBLS152.txt not found)
153
(file QBLS153.txt not found)
154
(file QBLS154.txt not found)
155
(file QBLS155.txt not found)
156
(file QBLS156.txt not found)
157
(file QBLS157.txt not found)
158
(file QBLS158.txt not found)
159
(file QBLS159.txt not found)
160
(file QBLS160.txt not found)
161
(file QBLS161.txt not found)
162
(file QBLS162.txt not found)
163
(file QBLS163.txt not found)
164
(file QBLS164.txt not found)
165
(file QBLS165.txt not found)
166
(file QBLS166.txt not found)
167
(file QBLS167.txt not found)
168
(file QBLS168.txt not found)
169
(file QBLS169.txt not found)
170
(file QBLS170.txt not found)
171
(file QBLS171.txt not found)
172
(file QBLS172.txt not found)
173
(file QBLS173.txt not found)
174
(file QBLS174.txt not found)
175
(file QBLS175.txt not found)
176
(file QBLS176.txt not found)
177
(file QBLS177.txt not found)
178
(file QBLS178.txt not found)
179
(file QBLS179.txt not found)
180
(file QBLS180.txt not found)
181
(file QBLS181.txt not found)
182
(file QBLS182.txt not found)
183
(file QBLS183.txt not found)
184
(file QBLS184.txt not found)
185
(file QBLS185.txt not found)
186
(file QBLS186.txt not found)
187
(file QBLS187.txt not found)
188
(file QBLS188.txt not found)
189
(file QBLS189.txt not found)
190
(file QBLS190.txt not found)
191
(file QBLS191.txt not found)
192
(file QBLS192.txt not found)
193
(file QBLS193.txt not found)
194
(file QBLS194.txt not found)
195
(file QBLS195.txt not found)
196
(file QBLS196.txt not found)
197
(file QBLS197.txt not found)
198
(file QBLS198.txt not found)
199
(file QBLS199.txt not found)
200
(file QBLS200.txt not found)
201
(file QBLS201.txt not found)
202
(file QBLS202.txt not found)
203
(file QBLS203.txt not found)
204
(file QBLS204.txt not found)
205
(file QBLS205.txt not found)
206
(file QBLS206.txt not found)
207
(file QBLS207.txt not found)
208
(file QBLS208.txt not found)
209
(file QBLS209.txt not found)
210
(file QBLS210.txt not found)
211
(file QBLS211.txt not found)
212
(file QBLS212.txt not found)
213
(file QBLS213.txt not found)
214
(file QBLS214.txt not found)
215
(file QBLS215.txt not found)
216
(file QBLS216.txt not found)
217
(file QBLS217.txt not found)
218
(file QBLS218.txt not found)
219
(file QBLS219.txt not found)
220
(file QBLS220.txt not found)
221
(file QBLS221.txt not found)
222
(file QBLS222.txt not found)
223
(file QBLS223.txt not found)
224
(file QBLS224.txt not found)
225
(file QBLS225.txt not found)
226
(file QBLS226.txt not found)
227
(file QBLS227.txt not found)
228
(file QBLS228.txt not found)
229
(file QBLS229.txt not found)
230
(file QBLS230.txt not found)
231
(file QBLS231.txt not found)
232
(file QBLS232.txt not found)
233
(file QBLS233.txt not found)
234
(file QBLS234.txt not found)
235
(file QBLS235.txt not found)
236
(file QBLS236.txt not found)
237
(file QBLS237.txt not found)
238
(file QBLS238.txt not found)
239
(file QBLS239.txt not found)
240
(file QBLS240.txt not found)
241
(file QBLS241.txt not found)
242
(file QBLS242.txt not found)
243
(file QBLS243.txt not found)
244
(file QBLS244.txt not found)
245
(file QBLS245.txt not found)
246
(file QBLS246.txt not found)
247
(file QBLS247.txt not found)
248
(file QBLS248.txt not found)
249
(file QBLS249.txt not found)
250
(file QBLS250.txt not found)
251
(file QBLS251.txt not found)
252
(file QBLS252.txt not found)
253
(file QBLS253.txt not found)
254
(file QBLS254.txt not found)
255
(file QBLS255.txt not found)
256
(file QBLS256.txt not found)
257
(file QBLS257.txt not found)
258
(file QBLS258.txt not found)
259
(file QBLS259.txt not found)
260
(file QBLS260.txt not found)
261
(file QBLS261.txt not found)
262
(file QBLS262.txt not found)
263
(file QBLS263.txt not found)
264
(file QBLS264.txt not found)
265
(file QBLS265.txt not found)
266
(file QBLS266.txt not found)
267
(file QBLS267.txt not found)
268
(file QBLS268.txt not found)
269
(file QBLS269.txt not found)
270
(file QBLS270.txt not found)
271
(file QBLS271.txt not found)
272
(file QBLS272.txt not found)
273
(file QBLS273.txt not found)
274
(file QBLS274.txt not found)
275
(file QBLS275.txt not found)
276
(file QBLS276.txt not found)
277
(file QBLS277.txt not found)
278
(file QBLS278.txt not found)
279
(file QBLS279.txt not found)
280
(file QBLS280.txt not found)
281
(file QBLS281.txt not found)
282
(file QBLS282.txt not found)
283
(file QBLS283.txt not found)
284
(file QBLS284.txt not found)
285
(file QBLS285.txt not found)
286
(file QBLS286.txt not found)
287
(file QBLS287.txt not found)
288
(file QBLS288.txt not found)
289
(file QBLS289.txt not found)
290
(file QBLS290.txt not found)
291
(file QBLS291.txt not found)
292
(file QBLS292.txt not found)
293
(file QBLS293.txt not found)
294
(file QBLS294.txt not found)
295
(file QBLS295.txt not found)
296
(file QBLS296.txt not found)
297
(file QBLS297.txt not found)
298
(file QBLS298.txt not found)
299
(file QBLS299.txt not found)
300
(file QBLS300.txt not found)
301
(file QBLS301.txt not found)
302
(file QBLS302.txt not found)
303
(file QBLS303.txt not found)
304
(file QBLS304.txt not found)
305
(file QBLS305.txt not found)
306
(file QBLS306.txt not found)
307
(file QBLS307.txt not found)
308
(file QBLS308.txt not found)
309
(file QBLS309.txt not found)
310
(file QBLS310.txt not found)
311
(file QBLS311.txt not found)
312
(file QBLS312.txt not found)
313
(file QBLS313.txt not found)
314
(file QBLS314.txt not found)
315
(file QBLS315.txt not found)
316
(file QBLS316.txt not found)
317
(file QBLS317.txt not found)
318
(file QBLS318.txt not found)
319
(file QBLS319.txt not found)
320
(file QBLS320.txt not found)
321
(file QBLS321.txt not found)
322
(file QBLS322.txt not found)
323
(file QBLS323.txt not found)
324
(file QBLS324.txt not found)
325
(file QBLS325.txt not found)
326
(file QBLS326.txt not found)
327
(file QBLS327.txt not found)
328
(file QBLS328.txt not found)
329
(file QBLS329.txt not found)
330
(file QBLS330.txt not found)
331
(file QBLS331.txt not found)
332
(file QBLS332.txt not found)
333
(file QBLS333.txt not found)
334
(file QBLS334.txt not found)
335
(file QBLS335.txt not found)
336
(file QBLS336.txt not found)
337
(file QBLS337.txt not found)
338
(file QBLS338.txt not found)
339
(file QBLS339.txt not found)
340
(file QBLS340.txt not found)
341
(file QBLS341.txt not found)
342
(file QBLS342.txt not found)
343
(file QBLS343.txt not found)
344
(file QBLS344.txt not found)
345
(file QBLS345.txt not found)
346
(file QBLS346.txt not found)
347
(file QBLS347.txt not found)
348
(file QBLS348.txt not found)
349
(file QBLS349.txt not found)
350
(file QBLS350.txt not found)
351
(file QBLS351.txt not found)
352
(file QBLS352.txt not found)
353
(file QBLS353.txt not found)
354
(file QBLS354.txt not found)
355
(file QBLS355.txt not found)
356
(file QBLS356.txt not found)
357
(file QBLS357.txt not found)
358
(file QBLS358.txt not found)
359
(file QBLS359.txt not found)
360
(file QBLS360.txt not found)
361
(file QBLS361.txt not found)
362
(file QBLS362.txt not found)
363
(file QBLS363.txt not found)
364
(file QBLS364.txt not found)
365
(file QBLS365.txt not found)
366
(file QBLS366.txt not found)
367
(file QBLS367.txt not found)
368
(file QBLS368.txt not found)
369
(file QBLS369.txt not found)
370
(file QBLS370.txt not found)
371
(file QBLS371.txt not found)
372
(file QBLS372.txt not found)
373
(file QBLS373.txt not found)
374
(file QBLS374.txt not found)
375
(file QBLS375.txt not found)
376
(file QBLS376.txt not found)
377
(file QBLS377.txt not found)
378
(file QBLS378.txt not found)
379
(file QBLS379.txt not found)
380
(file QBLS380.txt not found)
381
(file QBLS381.txt not found)
382
(file QBLS382.txt not found)
383
(file QBLS383.txt not found)
384
(file QBLS384.txt not found)
385
(file QBLS385.txt not found)
386
(file QBLS386.txt not found)
387
(file QBLS387.txt not found)
388
(file QBLS388.txt not found)
389
(file QBLS389.txt not found)
390
(file QBLS390.txt not found)
391
(file QBLS391.txt not found)
392
(file QBLS392.txt not found)
393
(file QBLS393.txt not found)
394
(file QBLS394.txt not found)
395
(file QBLS395.txt not found)
396
(file QBLS396.txt not found)
397
(file QBLS397.txt not found)
398
(file QBLS398.txt not found)
399
(file QBLS399.txt not found)
400
(file QBLS400.txt not found)
401
(file QBLS401.txt not found)
402
(file QBLS402.txt not found)
403
(file QBLS403.txt not found)
404
(file QBLS404.txt not found)
405
(file QBLS405.txt not found)
406
(file QBLS406.txt not found)
407
(file QBLS407.txt not found)
408
(file QBLS408.txt not found)
409
(file QBLS409.txt not found)
410
(file QBLS410.txt not found)
411
(file QBLS411.txt not found)
412
(file QBLS412.txt not found)
413
(file QBLS413.txt not found)
414
(file QBLS414.txt not found)
415
(file QBLS415.txt not found)
416
(file QBLS416.txt not found)
417
(file QBLS417.txt not found)
418
(file QBLS418.txt not found)
419
(file QBLS419.txt not found)
420
(file QBLS420.txt not found)
421
(file QBLS421.txt not found)
422
(file QBLS422.txt not found)
423
(file QBLS423.txt not found)
424
(file QBLS424.txt not found)
425
(file QBLS425.txt not found)
426
(file QBLS426.txt not found)
427
(file QBLS427.txt not found)
428
(file QBLS428.txt not found)
429
(file QBLS429.txt not found)
430
(file QBLS430.txt not found)
431
(file QBLS431.txt not found)
432
(file QBLS432.txt not found)
433
(file QBLS433.txt not found)
434
(file QBLS434.txt not found)
435
(file QBLS435.txt not found)
436
(file QBLS436.txt not found)
437
(file QBLS437.txt not found)
438
(file QBLS438.txt not found)
439
(file QBLS439.txt not found)
440
(file QBLS440.txt not found)
441
(file QBLS441.txt not found)
442
(file QBLS442.txt not found)
443
(file QBLS443.txt not found)
444
(file QBLS444.txt not found)
445
(file QBLS445.txt not found)
446
(file QBLS446.txt not found)
447
(file QBLS447.txt not found)
448
(file QBLS448.txt not found)
449
(file QBLS449.txt not found)
450
(file QBLS450.txt not found)
451
(file QBLS451.txt not found)
452
(file QBLS452.txt not found)
453
(file QBLS453.txt not found)
454
(file QBLS454.txt not found)
455
(file QBLS455.txt not found)
456
(file QBLS456.txt not found)
457
(file QBLS457.txt not found)
458
(file QBLS458.txt not found)
459
(file QBLS459.txt not found)
460
(file QBLS460.txt not found)
461
(file QBLS461.txt not found)
462
(file QBLS462.txt not found)
463
(file QBLS463.txt not found)
464
(file QBLS464.txt not found)
465
(file QBLS465.txt not found)
466
(file QBLS466.txt not found)
467
(file QBLS467.txt not found)
468
(file QBLS468.txt not found)
469
(file QBLS469.txt not found)
470
(file QBLS470.txt not found)
471
(file QBLS471.txt not found)
472
(file QBLS472.txt not found)
473
(file QBLS473.txt not found)
474
(file QBLS474.txt not found)
475
(file QBLS475.txt not found)
476
(file QBLS476.txt not found)
477
(file QBLS477.txt not found)
478
(file QBLS478.txt not found)
479
(file QBLS479.txt not found)
480
(file QBLS480.txt not found)
481
(file QBLS481.txt not found)
482
(file QBLS482.txt not found)
483
(file QBLS483.txt not found)
484
(file QBLS484.txt not found)
485
(file QBLS485.txt not found)
486
(file QBLS486.txt not found)
487
(file QBLS487.txt not found)
488
(file QBLS488.txt not found)
489
(file QBLS489.txt not found)
490
(file QBLS490.txt not found)
491
(file QBLS491.txt not found)
492
(file QBLS492.txt not found)
493
(file QBLS493.txt not found)
494
(file QBLS494.txt not found)
495
(file QBLS495.txt not found)
496
(file QBLS496.txt not found)
497
(file QBLS497.txt not found)
498
(file QBLS498.txt not found)
499
(file QBLS499.txt not found)
500
(file QBLS500.txt not found)
501
(file QBLS501.txt not found)
502
(file QBLS502.txt not found)
503
(file QBLS503.txt not found)
504
(file QBLS504.txt not found)
505
(file QBLS505.txt not found)
506
(file QBLS506.txt not found)
507
(file QBLS507.txt not found)
508
(file QBLS508.txt not found)
509
(file QBLS509.txt not found)
510
(file QBLS510.txt not found)
511
(file QBLS511.txt not found)
512
(file QBLS512.txt not found)
513
(file QBLS513.txt not found)
514
(file QBLS514.txt not found)
515
(file QBLS515.txt not found)
516
(file QBLS516.txt not found)
517
(file QBLS517.txt not found)
518
(file QBLS518.txt not found)
519
(file QBLS519.txt not found)
520
(file QBLS520.txt not found)
521
(file QBLS521.txt not found)
522
(file QBLS522.txt not found)
523
(file QBLS523.txt not found)
524
(file QBLS524.txt not found)
525
(file QBLS525.txt not found)
526
(file QBLS526.txt not found)
527
(file QBLS527.txt not found)
528
(file QBLS528.txt not found)
529
(file QBLS529.txt not found)
530
(file QBLS530.txt not found)
531
(file QBLS531.txt not found)
532
(file QBLS532.txt not found)
533
(file QBLS533.txt not found)
534
(file QBLS534.txt not found)
535
(file QBLS535.txt not found)
536
(file QBLS536.txt not found)
537
(file QBLS537.txt not found)
538
(file QBLS538.txt not found)
539
(file QBLS539.txt not found)
540
(file QBLS540.txt not found)
541
(file QBLS541.txt not found)
542
(file QBLS542.txt not found)
543
(file QBLS543.txt not found)
544
(file QBLS544.txt not found)
545
(file QBLS545.txt not found)
546
(file QBLS546.txt not found)
547
(file QBLS547.txt not found)
548
(file QBLS548.txt not found)
549
(file QBLS549.txt not found)
550
(file QBLS550.txt not found)
551
(file QBLS551.txt not found)
552
(file QBLS552.txt not found)
553
(file QBLS553.txt not found)
554
(file QBLS554.txt not found)
555
(file QBLS555.txt not found)
556
(file QBLS556.txt not found)
557
(file QBLS557.txt not found)
558
(file QBLS558.txt not found)
559
(file QBLS559.txt not found)
560
(file QBLS560.txt not found)
561
(file QBLS561.txt not found)
562
(file QBLS562.txt not found)
563
(file QBLS563.txt not found)
564
(file QBLS564.txt not found)
565
(file QBLS565.txt not found)
566
(file QBLS566.txt not found)
567
(file QBLS567.txt not found)
568
(file QBLS568.txt not found)
569
(file QBLS569.txt not found)
570
(file QBLS570.txt not found)
571
(file QBLS571.txt not found)
572
(file QBLS572.txt not found)
573
(file QBLS573.txt not found)

. 
. capture drop st_min

. capture drop st_max

. capture drop bordersegment

. 
. bys pair_id_numeric: egen st_min=min(fipsstate)

. by  pair_id_numeric: egen st_max=max(fipsstate)

. egen bordersegment=group(st_min st_max)

. 
. bys bordersegment pair_id_numeric: gen temp=_n==1

. sort bordersegment pair_id_numeric fipsnumeric time

. outsheet bordersegment pair_id_numeric using bordersegment_cluster.txt if tem
> p==1, nonames replace
(file bordersegment_cluster.txt not found)

. drop temp

. 
. cd "${CodeDirec}"
/Users/mac/JPE-replications/JPE-Mitman-2016256/replication-package/replication-
> package/code/exporters

. 
end of do-file
