
  ___  ____  ____  ____  ____ ®
 /__    /   ____/   /   ____/      StataNow 19.5
___/   /   /___/   /   /___/       MP—Parallel Edition

 Statistics and Data Science       Copyright 1985-2025 StataCorp LLC
                                   StataCorp
                                   4905 Lakeway Drive
                                   College Station, Texas 77845 USA
                                   800-782-8272        https://www.stata.com
                                   979-696-4600        service@stata.com

Stata license: Unlimited-user 2-core network, expiring  8 Jun 2027
Serial number: 501909302568
  Licensed to: wiktorze
               Sciences Po

Notes:
      1. Stata is running in batch mode.
      2. Unicode is supported; see help unicode_advice.
      3. More than 2 billion observations are allowed; see help obs_advice.
      4. Maximum number of variables is set to 5,000 but can be increased;
          see help set_maxvar.

. do exporters/OutputDataSetsUIMacro_JFR.do 

. * ---------------------------------------------------------------------------
. * OutputDataSetsUIMacro_JFR.do  ->  output/factor_inputs/JFR/  (app:data_qual
> ity_claims
. *                                   inline numbers: alpha_f = -0.0486, and th
> e
. *                                   LAUS-on-same-sample 0.0475)
. *
. * Exports the claims
. * "job-finding rate" sample for the factor model. The quasi-differenced log j
> ob-finding
. * rates (qdk1_logf_cl*) are PRE-BUILT in DataControls: the build backs the mo
> nthly
. * job-finding rate out of the BLS administrative claims data (continuing clai
> ms + final
. * payments, via the eq:claims recursion -- cohort backout) and merges it in, 
> exactly
. * as it does for qdk1_logunemp_add. The BLS provided and permits distributing
>  these
. * claims data, so this ships in the kit.
. *
. * The single-county-LMA restriction and pair construction are already baked i
> nto the
. * DataControls job-finding variables, so this is the SAME skeleton as the Ben
> ch
. * exporter: keep county_index==1, drop pairs all-missing in the key vars, exp
> ort QBLS.
. *
. * QBLS column contract (var_ind in Factor_FrontEnd_JFR.m). Only the two REPOR
> TED specs are
. * exported; the three unreported job-finding clamps (f_cl/f_cl2/f_cl_q) were 
> pruned from the
. * build, this exporter, and the front-end (no need to compute numbers the pap
> er doesn't report).
. * Filtering on {unemp, f_cl2_q} drops the same 282 pairs as filtering on the 
> full
. * {unemp, f_cl, f_cl2, f_cl_q, f_cl2_q} set, so the sample (and alpha_f/alpha
> _u) is unchanged.
. *   1 fipsnumeric  2 year  3 quarter  4 diff_logmeanwks (benefit regressor)
. *   5 qdk1_logunemp_rate_laus  (LAUS unemployment LHS -> alpha_u 0.0475, var_
> ind 5)
. *   6 qdk1_logf_cl2_q          (quarterly-compounded cl2 job-finding -> alpha
> _f -0.0486, var_ind 6)
. * The claims sample is ~282 pairs / 9,024 quarterly obs (2005-2012).
. * ---------------------------------------------------------------------------
. 
. do "config.do"

. * ===========================================================================
. * config.do  --  single path configuration for the replication archive.
. *
. * HOW TO RUN: from a Stata session whose working directory is `code/`, first
. *     do "config.do"
. * then run any pipeline script (also from `code/`), e.g. `do build/UIMacro_Bu
> ildData.do`.
. * Each pipeline script re-runs this file itself, so you can also run them dir
> ectly
. * from `code/`. EDIT THE ONE LINE below to this archive's location on your ma
> chine.
. * ===========================================================================
. 
. global root "/Users/mac/JPE-replications/JPE-Mitman-2016256/replication-packa
> ge/replication-package"          //  <-- EDIT: path to this archive

. 
. * --- derived locations (do not edit) ---
. global code          "${root}/code"

. global rawdata       "${root}/data/raw"

. global processed     "${root}/data/processed"

. global output        "${root}/output"

. global tables        "${output}/tables"

. global figures       "${output}/figures"

. global factor_csv    "${output}/factor_results"      // analysis/Matlab resul
> t CSVs (make_tables reads)

. global factor_inputs "${output}/factor_inputs"       // per-pair QBLS handoff
>  (regenerated by exporters)

. global synthetic     "${root}/synthetic-data"

. 
. * --- analysis convenience: cd "${maindirectory}"; use "${CurrentData}" / "${
> DataControls}.dta" ---
. global maindirectory "${processed}/"

. global CurrentData   "UIMacro_RevisionData.dta"

. global DataControls  "UIMacro_DataControls"

. global Wages         "ProcessedWages.dta"

. global outdirectory  "${factor_inputs}/"             // exporters write QBLS 
> here

. global latexdir      "${factor_csv}/"                // analysis/Matlab resul
> t CSVs (make_tables reads)

. 
. * --- vacancy data switch ---------------------------------------------------
. * vacfile/statefile are the two PROVIDED synthetic stand-ins for the propriet
> ary HWOL
. * inputs (synthetic-data/; the confidential HWOL data are NOT in this archive
> ). To reproduce the PUBLISHED (HWOL)
. * vacancy numbers, the Data Editor replaces these two files with the licensed
>  Conference
. * Board HWOL data and re-runs. See code/build/SYNTHETIC_VACANCY_PATH.md.
. global vacfile      "${synthetic}/new_vac_synthetic.dta"

. global statefile    "${synthetic}/StateMonthlyBorderData_synthetic.dta"

. * ImputedDataBorder is a BUILT intermediate, NOT shipped: the replicator gene
> rates it by
. * running the imputation (analysis/Impute_Input.do -> matlab/Run_Impute_Borde
> r.m ->
. * analysis/Impute_to_Stata.do) on ${vacfile}; it lands in data/processed/ (sy
> nthetic by
. * default, the real version if the Data Editor swaps in HWOL).
. global ImputedFile  "${processed}/ImputedDataBorder.dta"

. 
. * --- figure styling: the published figures were drawn under the classic
. * s2color scheme; Stata 18+ defaults to stcolor, which changes gridlines,
. * markers, and legend styling. Pin the scheme so regenerated figures match.
. cap set scheme s2color

. 
. * ensure the built-output folders exist (the archive ships them empty / absen
> t)
. cap mkdir "${processed}"

. cap mkdir "${output}"

. cap mkdir "${tables}"

. cap mkdir "${figures}"

. cap mkdir "${factor_csv}"

. cap mkdir "${factor_inputs}"

. 
. local ssc_packages "reghdfe binscatter regife outreg2 ftools coefplot tuples 
> hdfe mat2txt ivreg2 ranktest"

. if !missing("`ssc_packages'") { 
.         foreach pkg in `ssc_packages' {
  2.                 capture which `pkg' 
  3.                 if _rc == 111 {
  4.                         dis "Installing `pkg'"
  5.                         ssc install `pkg', replace
  6.                         }
  7.                 which `pkg' 
  8.                 }
/Users/mac/Library/Application Support/Stata/ado/plus/r/reghdfe.ado
*! version 6.13.1 10Jan2026
/Users/mac/Library/Application Support/Stata/ado/plus/b/binscatter.ado
*! version 7.02  24nov2013  Michael Stepner, stepner@mit.edu
/Users/mac/Library/Application Support/Stata/ado/plus/r/regife.ado
/Users/mac/Library/Application Support/Stata/ado/plus/o/outreg2.ado
*! outreg2 2.3.2  17aug2014 by roywada@hotmail.com
*! based on outreg 3.0.6/4.0.0 by john_gallup@alum.swarthmore.edu
/Users/mac/Library/Application Support/Stata/ado/plus/f/ftools.ado
*! version 2.50.0 09jan2026
/Users/mac/Library/Application Support/Stata/ado/plus/c/coefplot.ado
*! version 1.8.6  22feb2023  Ben Jann
/Users/mac/Library/Application Support/Stata/ado/plus/t/tuples.ado
*! version 4.3.0  25sep2025
/Users/mac/Library/Application Support/Stata/ado/plus/h/hdfe.ado
*! reghdfe 3.2.9 21feb2016
*! Sergio Correia (sergio.correia@duke.edu)
/Users/mac/Library/Application Support/Stata/ado/plus/m/mat2txt.ado
*! 1.1.2 Ben Jann 24 Nov 2004
*! 1.1.1 M Blasnik 18 Feb 2004
/Users/mac/Library/Application Support/Stata/ado/plus/i/ivreg2.ado
*! ivreg2 4.1.12  14aug2024
*! authors cfb & mes
*! see end of file for version comments
/Users/mac/Library/Application Support/Stata/ado/plus/r/ranktest.ado
*! ranktest 2.0.04  21sept2020
*! authors mes & fw; KP stat based on code by fk
*! see end of file for version comments
. }

. 
end of do-file

. global CodeDirec     = "${code}/exporters/"

. global DataControls "UIMacro_DataControls"

. global CurrentData "UIMacro_RevisionData.dta"

. global maindirectory "${processed}/"

. global outdirectory "${factor_inputs}/"

. cd "${CodeDirec}"
/Users/mac/JPE-replications/JPE-Mitman-2016256/replication-package/replication-
> package/code/exporters

. 
. set more off, perm
(set more preference recorded)

. cap log close

. set logtype text

. 
. cd "$maindirectory"
/Users/mac/JPE-replications/JPE-Mitman-2016256/replication-package/replication-
> package/data/processed

. use ${DataControls}.dta, clear

. sort pair_id_numeric county_index

. keep if county_index==1
(0 observations deleted)

. 
. foreach var of varlist                                                       
>                                                                              
>       ///
>         qdk1_logunemp_rate_laus qdk1_logf_cl2_q         ///
>         diff_logmeanwks { ///
> 
  2.         qui bys pair_id_numeric fipsnumeric: egen nmissing=count(`var')
  3.         by pair_id_numeric: egen nmissing2=min(nmissing)
  4.         qui tab nmissing
  5.         drop if nmissing2==0
  6.         qui drop nmissing nmissing2
  7. 
. }
(0 observations deleted)
(89,000 observations deleted)
(0 observations deleted)

. 
. qui sort pair_id_numeric fipsnumeric year quarter

. qui by pair_id_numeric: gen temp=_n==1

. qui gen temp2=sum(temp)

. tab temp2

      temp2 |      Freq.     Percent        Cum.
------------+-----------------------------------
          1 |        100        0.35        0.35
          2 |        100        0.35        0.71
          3 |        100        0.35        1.06
          4 |        100        0.35        1.42
          5 |        100        0.35        1.77
          6 |        100        0.35        2.13
          7 |        100        0.35        2.48
          8 |        100        0.35        2.84
          9 |        100        0.35        3.19
         10 |        100        0.35        3.55
         11 |        100        0.35        3.90
         12 |        100        0.35        4.26
         13 |        100        0.35        4.61
         14 |        100        0.35        4.96
         15 |        100        0.35        5.32
         16 |        100        0.35        5.67
         17 |        100        0.35        6.03
         18 |        100        0.35        6.38
         19 |        100        0.35        6.74
         20 |        100        0.35        7.09
         21 |        100        0.35        7.45
         22 |        100        0.35        7.80
         23 |        100        0.35        8.16
         24 |        100        0.35        8.51
         25 |        100        0.35        8.87
         26 |        100        0.35        9.22
         27 |        100        0.35        9.57
         28 |        100        0.35        9.93
         29 |        100        0.35       10.28
         30 |        100        0.35       10.64
         31 |        100        0.35       10.99
         32 |        100        0.35       11.35
         33 |        100        0.35       11.70
         34 |        100        0.35       12.06
         35 |        100        0.35       12.41
         36 |        100        0.35       12.77
         37 |        100        0.35       13.12
         38 |        100        0.35       13.48
         39 |        100        0.35       13.83
         40 |        100        0.35       14.18
         41 |        100        0.35       14.54
         42 |        100        0.35       14.89
         43 |        100        0.35       15.25
         44 |        100        0.35       15.60
         45 |        100        0.35       15.96
         46 |        100        0.35       16.31
         47 |        100        0.35       16.67
         48 |        100        0.35       17.02
         49 |        100        0.35       17.38
         50 |        100        0.35       17.73
         51 |        100        0.35       18.09
         52 |        100        0.35       18.44
         53 |        100        0.35       18.79
         54 |        100        0.35       19.15
         55 |        100        0.35       19.50
         56 |        100        0.35       19.86
         57 |        100        0.35       20.21
         58 |        100        0.35       20.57
         59 |        100        0.35       20.92
         60 |        100        0.35       21.28
         61 |        100        0.35       21.63
         62 |        100        0.35       21.99
         63 |        100        0.35       22.34
         64 |        100        0.35       22.70
         65 |        100        0.35       23.05
         66 |        100        0.35       23.40
         67 |        100        0.35       23.76
         68 |        100        0.35       24.11
         69 |        100        0.35       24.47
         70 |        100        0.35       24.82
         71 |        100        0.35       25.18
         72 |        100        0.35       25.53
         73 |        100        0.35       25.89
         74 |        100        0.35       26.24
         75 |        100        0.35       26.60
         76 |        100        0.35       26.95
         77 |        100        0.35       27.30
         78 |        100        0.35       27.66
         79 |        100        0.35       28.01
         80 |        100        0.35       28.37
         81 |        100        0.35       28.72
         82 |        100        0.35       29.08
         83 |        100        0.35       29.43
         84 |        100        0.35       29.79
         85 |        100        0.35       30.14
         86 |        100        0.35       30.50
         87 |        100        0.35       30.85
         88 |        100        0.35       31.21
         89 |        100        0.35       31.56
         90 |        100        0.35       31.91
         91 |        100        0.35       32.27
         92 |        100        0.35       32.62
         93 |        100        0.35       32.98
         94 |        100        0.35       33.33
         95 |        100        0.35       33.69
         96 |        100        0.35       34.04
         97 |        100        0.35       34.40
         98 |        100        0.35       34.75
         99 |        100        0.35       35.11
        100 |        100        0.35       35.46
        101 |        100        0.35       35.82
        102 |        100        0.35       36.17
        103 |        100        0.35       36.52
        104 |        100        0.35       36.88
        105 |        100        0.35       37.23
        106 |        100        0.35       37.59
        107 |        100        0.35       37.94
        108 |        100        0.35       38.30
        109 |        100        0.35       38.65
        110 |        100        0.35       39.01
        111 |        100        0.35       39.36
        112 |        100        0.35       39.72
        113 |        100        0.35       40.07
        114 |        100        0.35       40.43
        115 |        100        0.35       40.78
        116 |        100        0.35       41.13
        117 |        100        0.35       41.49
        118 |        100        0.35       41.84
        119 |        100        0.35       42.20
        120 |        100        0.35       42.55
        121 |        100        0.35       42.91
        122 |        100        0.35       43.26
        123 |        100        0.35       43.62
        124 |        100        0.35       43.97
        125 |        100        0.35       44.33
        126 |        100        0.35       44.68
        127 |        100        0.35       45.04
        128 |        100        0.35       45.39
        129 |        100        0.35       45.74
        130 |        100        0.35       46.10
        131 |        100        0.35       46.45
        132 |        100        0.35       46.81
        133 |        100        0.35       47.16
        134 |        100        0.35       47.52
        135 |        100        0.35       47.87
        136 |        100        0.35       48.23
        137 |        100        0.35       48.58
        138 |        100        0.35       48.94
        139 |        100        0.35       49.29
        140 |        100        0.35       49.65
        141 |        100        0.35       50.00
        142 |        100        0.35       50.35
        143 |        100        0.35       50.71
        144 |        100        0.35       51.06
        145 |        100        0.35       51.42
        146 |        100        0.35       51.77
        147 |        100        0.35       52.13
        148 |        100        0.35       52.48
        149 |        100        0.35       52.84
        150 |        100        0.35       53.19
        151 |        100        0.35       53.55
        152 |        100        0.35       53.90
        153 |        100        0.35       54.26
        154 |        100        0.35       54.61
        155 |        100        0.35       54.96
        156 |        100        0.35       55.32
        157 |        100        0.35       55.67
        158 |        100        0.35       56.03
        159 |        100        0.35       56.38
        160 |        100        0.35       56.74
        161 |        100        0.35       57.09
        162 |        100        0.35       57.45
        163 |        100        0.35       57.80
        164 |        100        0.35       58.16
        165 |        100        0.35       58.51
        166 |        100        0.35       58.87
        167 |        100        0.35       59.22
        168 |        100        0.35       59.57
        169 |        100        0.35       59.93
        170 |        100        0.35       60.28
        171 |        100        0.35       60.64
        172 |        100        0.35       60.99
        173 |        100        0.35       61.35
        174 |        100        0.35       61.70
        175 |        100        0.35       62.06
        176 |        100        0.35       62.41
        177 |        100        0.35       62.77
        178 |        100        0.35       63.12
        179 |        100        0.35       63.48
        180 |        100        0.35       63.83
        181 |        100        0.35       64.18
        182 |        100        0.35       64.54
        183 |        100        0.35       64.89
        184 |        100        0.35       65.25
        185 |        100        0.35       65.60
        186 |        100        0.35       65.96
        187 |        100        0.35       66.31
        188 |        100        0.35       66.67
        189 |        100        0.35       67.02
        190 |        100        0.35       67.38
        191 |        100        0.35       67.73
        192 |        100        0.35       68.09
        193 |        100        0.35       68.44
        194 |        100        0.35       68.79
        195 |        100        0.35       69.15
        196 |        100        0.35       69.50
        197 |        100        0.35       69.86
        198 |        100        0.35       70.21
        199 |        100        0.35       70.57
        200 |        100        0.35       70.92
        201 |        100        0.35       71.28
        202 |        100        0.35       71.63
        203 |        100        0.35       71.99
        204 |        100        0.35       72.34
        205 |        100        0.35       72.70
        206 |        100        0.35       73.05
        207 |        100        0.35       73.40
        208 |        100        0.35       73.76
        209 |        100        0.35       74.11
        210 |        100        0.35       74.47
        211 |        100        0.35       74.82
        212 |        100        0.35       75.18
        213 |        100        0.35       75.53
        214 |        100        0.35       75.89
        215 |        100        0.35       76.24
        216 |        100        0.35       76.60
        217 |        100        0.35       76.95
        218 |        100        0.35       77.30
        219 |        100        0.35       77.66
        220 |        100        0.35       78.01
        221 |        100        0.35       78.37
        222 |        100        0.35       78.72
        223 |        100        0.35       79.08
        224 |        100        0.35       79.43
        225 |        100        0.35       79.79
        226 |        100        0.35       80.14
        227 |        100        0.35       80.50
        228 |        100        0.35       80.85
        229 |        100        0.35       81.21
        230 |        100        0.35       81.56
        231 |        100        0.35       81.91
        232 |        100        0.35       82.27
        233 |        100        0.35       82.62
        234 |        100        0.35       82.98
        235 |        100        0.35       83.33
        236 |        100        0.35       83.69
        237 |        100        0.35       84.04
        238 |        100        0.35       84.40
        239 |        100        0.35       84.75
        240 |        100        0.35       85.11
        241 |        100        0.35       85.46
        242 |        100        0.35       85.82
        243 |        100        0.35       86.17
        244 |        100        0.35       86.52
        245 |        100        0.35       86.88
        246 |        100        0.35       87.23
        247 |        100        0.35       87.59
        248 |        100        0.35       87.94
        249 |        100        0.35       88.30
        250 |        100        0.35       88.65
        251 |        100        0.35       89.01
        252 |        100        0.35       89.36
        253 |        100        0.35       89.72
        254 |        100        0.35       90.07
        255 |        100        0.35       90.43
        256 |        100        0.35       90.78
        257 |        100        0.35       91.13
        258 |        100        0.35       91.49
        259 |        100        0.35       91.84
        260 |        100        0.35       92.20
        261 |        100        0.35       92.55
        262 |        100        0.35       92.91
        263 |        100        0.35       93.26
        264 |        100        0.35       93.62
        265 |        100        0.35       93.97
        266 |        100        0.35       94.33
        267 |        100        0.35       94.68
        268 |        100        0.35       95.04
        269 |        100        0.35       95.39
        270 |        100        0.35       95.74
        271 |        100        0.35       96.10
        272 |        100        0.35       96.45
        273 |        100        0.35       96.81
        274 |        100        0.35       97.16
        275 |        100        0.35       97.52
        276 |        100        0.35       97.87
        277 |        100        0.35       98.23
        278 |        100        0.35       98.58
        279 |        100        0.35       98.94
        280 |        100        0.35       99.29
        281 |        100        0.35       99.65
        282 |        100        0.35      100.00
------------+-----------------------------------
      Total |     28,200      100.00

. qui drop pair_id_numeric

. qui ren temp2 pair_id_numeric

. qui drop temp

. qui sum pair_id_numeric

. local maxid=r(max)

. qui sum time

. local mint=r(min)

. replace time=time-`mint'+1
(28,200 real changes made)

. 
. sort pair_id_numeric quarter_index

. cd "$outdirectory"
/Users/mac/JPE-replications/JPE-Mitman-2016256/replication-package/replication-
> package/output/factor_inputs

. capture mkdir JFR

. cd JFR
/Users/mac/JPE-replications/JPE-Mitman-2016256/replication-package/replication-
> package/output/factor_inputs/JFR

. file open myfile using "N.txt", write replace
(file N.txt not found)

. file write myfile "`maxid'"

. file close myfile

. forvalues i=1/`maxid'{
  2.         disp(`i')
  3.         outsheet fipsnumeric year quarter diff_logmeanwks qdk1_logunemp_ra
> te_laus qdk1_logf_cl2_q ///
>         if pair_id_numeric==`i' using QBLS`i'.txt, replace nonames
  4. }
1
(file QBLS1.txt not found)
2
(file QBLS2.txt not found)
3
(file QBLS3.txt not found)
4
(file QBLS4.txt not found)
5
(file QBLS5.txt not found)
6
(file QBLS6.txt not found)
7
(file QBLS7.txt not found)
8
(file QBLS8.txt not found)
9
(file QBLS9.txt not found)
10
(file QBLS10.txt not found)
11
(file QBLS11.txt not found)
12
(file QBLS12.txt not found)
13
(file QBLS13.txt not found)
14
(file QBLS14.txt not found)
15
(file QBLS15.txt not found)
16
(file QBLS16.txt not found)
17
(file QBLS17.txt not found)
18
(file QBLS18.txt not found)
19
(file QBLS19.txt not found)
20
(file QBLS20.txt not found)
21
(file QBLS21.txt not found)
22
(file QBLS22.txt not found)
23
(file QBLS23.txt not found)
24
(file QBLS24.txt not found)
25
(file QBLS25.txt not found)
26
(file QBLS26.txt not found)
27
(file QBLS27.txt not found)
28
(file QBLS28.txt not found)
29
(file QBLS29.txt not found)
30
(file QBLS30.txt not found)
31
(file QBLS31.txt not found)
32
(file QBLS32.txt not found)
33
(file QBLS33.txt not found)
34
(file QBLS34.txt not found)
35
(file QBLS35.txt not found)
36
(file QBLS36.txt not found)
37
(file QBLS37.txt not found)
38
(file QBLS38.txt not found)
39
(file QBLS39.txt not found)
40
(file QBLS40.txt not found)
41
(file QBLS41.txt not found)
42
(file QBLS42.txt not found)
43
(file QBLS43.txt not found)
44
(file QBLS44.txt not found)
45
(file QBLS45.txt not found)
46
(file QBLS46.txt not found)
47
(file QBLS47.txt not found)
48
(file QBLS48.txt not found)
49
(file QBLS49.txt not found)
50
(file QBLS50.txt not found)
51
(file QBLS51.txt not found)
52
(file QBLS52.txt not found)
53
(file QBLS53.txt not found)
54
(file QBLS54.txt not found)
55
(file QBLS55.txt not found)
56
(file QBLS56.txt not found)
57
(file QBLS57.txt not found)
58
(file QBLS58.txt not found)
59
(file QBLS59.txt not found)
60
(file QBLS60.txt not found)
61
(file QBLS61.txt not found)
62
(file QBLS62.txt not found)
63
(file QBLS63.txt not found)
64
(file QBLS64.txt not found)
65
(file QBLS65.txt not found)
66
(file QBLS66.txt not found)
67
(file QBLS67.txt not found)
68
(file QBLS68.txt not found)
69
(file QBLS69.txt not found)
70
(file QBLS70.txt not found)
71
(file QBLS71.txt not found)
72
(file QBLS72.txt not found)
73
(file QBLS73.txt not found)
74
(file QBLS74.txt not found)
75
(file QBLS75.txt not found)
76
(file QBLS76.txt not found)
77
(file QBLS77.txt not found)
78
(file QBLS78.txt not found)
79
(file QBLS79.txt not found)
80
(file QBLS80.txt not found)
81
(file QBLS81.txt not found)
82
(file QBLS82.txt not found)
83
(file QBLS83.txt not found)
84
(file QBLS84.txt not found)
85
(file QBLS85.txt not found)
86
(file QBLS86.txt not found)
87
(file QBLS87.txt not found)
88
(file QBLS88.txt not found)
89
(file QBLS89.txt not found)
90
(file QBLS90.txt not found)
91
(file QBLS91.txt not found)
92
(file QBLS92.txt not found)
93
(file QBLS93.txt not found)
94
(file QBLS94.txt not found)
95
(file QBLS95.txt not found)
96
(file QBLS96.txt not found)
97
(file QBLS97.txt not found)
98
(file QBLS98.txt not found)
99
(file QBLS99.txt not found)
100
(file QBLS100.txt not found)
101
(file QBLS101.txt not found)
102
(file QBLS102.txt not found)
103
(file QBLS103.txt not found)
104
(file QBLS104.txt not found)
105
(file QBLS105.txt not found)
106
(file QBLS106.txt not found)
107
(file QBLS107.txt not found)
108
(file QBLS108.txt not found)
109
(file QBLS109.txt not found)
110
(file QBLS110.txt not found)
111
(file QBLS111.txt not found)
112
(file QBLS112.txt not found)
113
(file QBLS113.txt not found)
114
(file QBLS114.txt not found)
115
(file QBLS115.txt not found)
116
(file QBLS116.txt not found)
117
(file QBLS117.txt not found)
118
(file QBLS118.txt not found)
119
(file QBLS119.txt not found)
120
(file QBLS120.txt not found)
121
(file QBLS121.txt not found)
122
(file QBLS122.txt not found)
123
(file QBLS123.txt not found)
124
(file QBLS124.txt not found)
125
(file QBLS125.txt not found)
126
(file QBLS126.txt not found)
127
(file QBLS127.txt not found)
128
(file QBLS128.txt not found)
129
(file QBLS129.txt not found)
130
(file QBLS130.txt not found)
131
(file QBLS131.txt not found)
132
(file QBLS132.txt not found)
133
(file QBLS133.txt not found)
134
(file QBLS134.txt not found)
135
(file QBLS135.txt not found)
136
(file QBLS136.txt not found)
137
(file QBLS137.txt not found)
138
(file QBLS138.txt not found)
139
(file QBLS139.txt not found)
140
(file QBLS140.txt not found)
141
(file QBLS141.txt not found)
142
(file QBLS142.txt not found)
143
(file QBLS143.txt not found)
144
(file QBLS144.txt not found)
145
(file QBLS145.txt not found)
146
(file QBLS146.txt not found)
147
(file QBLS147.txt not found)
148
(file QBLS148.txt not found)
149
(file QBLS149.txt not found)
150
(file QBLS150.txt not found)
151
(file QBLS151.txt not found)
152
(file QBLS152.txt not found)
153
(file QBLS153.txt not found)
154
(file QBLS154.txt not found)
155
(file QBLS155.txt not found)
156
(file QBLS156.txt not found)
157
(file QBLS157.txt not found)
158
(file QBLS158.txt not found)
159
(file QBLS159.txt not found)
160
(file QBLS160.txt not found)
161
(file QBLS161.txt not found)
162
(file QBLS162.txt not found)
163
(file QBLS163.txt not found)
164
(file QBLS164.txt not found)
165
(file QBLS165.txt not found)
166
(file QBLS166.txt not found)
167
(file QBLS167.txt not found)
168
(file QBLS168.txt not found)
169
(file QBLS169.txt not found)
170
(file QBLS170.txt not found)
171
(file QBLS171.txt not found)
172
(file QBLS172.txt not found)
173
(file QBLS173.txt not found)
174
(file QBLS174.txt not found)
175
(file QBLS175.txt not found)
176
(file QBLS176.txt not found)
177
(file QBLS177.txt not found)
178
(file QBLS178.txt not found)
179
(file QBLS179.txt not found)
180
(file QBLS180.txt not found)
181
(file QBLS181.txt not found)
182
(file QBLS182.txt not found)
183
(file QBLS183.txt not found)
184
(file QBLS184.txt not found)
185
(file QBLS185.txt not found)
186
(file QBLS186.txt not found)
187
(file QBLS187.txt not found)
188
(file QBLS188.txt not found)
189
(file QBLS189.txt not found)
190
(file QBLS190.txt not found)
191
(file QBLS191.txt not found)
192
(file QBLS192.txt not found)
193
(file QBLS193.txt not found)
194
(file QBLS194.txt not found)
195
(file QBLS195.txt not found)
196
(file QBLS196.txt not found)
197
(file QBLS197.txt not found)
198
(file QBLS198.txt not found)
199
(file QBLS199.txt not found)
200
(file QBLS200.txt not found)
201
(file QBLS201.txt not found)
202
(file QBLS202.txt not found)
203
(file QBLS203.txt not found)
204
(file QBLS204.txt not found)
205
(file QBLS205.txt not found)
206
(file QBLS206.txt not found)
207
(file QBLS207.txt not found)
208
(file QBLS208.txt not found)
209
(file QBLS209.txt not found)
210
(file QBLS210.txt not found)
211
(file QBLS211.txt not found)
212
(file QBLS212.txt not found)
213
(file QBLS213.txt not found)
214
(file QBLS214.txt not found)
215
(file QBLS215.txt not found)
216
(file QBLS216.txt not found)
217
(file QBLS217.txt not found)
218
(file QBLS218.txt not found)
219
(file QBLS219.txt not found)
220
(file QBLS220.txt not found)
221
(file QBLS221.txt not found)
222
(file QBLS222.txt not found)
223
(file QBLS223.txt not found)
224
(file QBLS224.txt not found)
225
(file QBLS225.txt not found)
226
(file QBLS226.txt not found)
227
(file QBLS227.txt not found)
228
(file QBLS228.txt not found)
229
(file QBLS229.txt not found)
230
(file QBLS230.txt not found)
231
(file QBLS231.txt not found)
232
(file QBLS232.txt not found)
233
(file QBLS233.txt not found)
234
(file QBLS234.txt not found)
235
(file QBLS235.txt not found)
236
(file QBLS236.txt not found)
237
(file QBLS237.txt not found)
238
(file QBLS238.txt not found)
239
(file QBLS239.txt not found)
240
(file QBLS240.txt not found)
241
(file QBLS241.txt not found)
242
(file QBLS242.txt not found)
243
(file QBLS243.txt not found)
244
(file QBLS244.txt not found)
245
(file QBLS245.txt not found)
246
(file QBLS246.txt not found)
247
(file QBLS247.txt not found)
248
(file QBLS248.txt not found)
249
(file QBLS249.txt not found)
250
(file QBLS250.txt not found)
251
(file QBLS251.txt not found)
252
(file QBLS252.txt not found)
253
(file QBLS253.txt not found)
254
(file QBLS254.txt not found)
255
(file QBLS255.txt not found)
256
(file QBLS256.txt not found)
257
(file QBLS257.txt not found)
258
(file QBLS258.txt not found)
259
(file QBLS259.txt not found)
260
(file QBLS260.txt not found)
261
(file QBLS261.txt not found)
262
(file QBLS262.txt not found)
263
(file QBLS263.txt not found)
264
(file QBLS264.txt not found)
265
(file QBLS265.txt not found)
266
(file QBLS266.txt not found)
267
(file QBLS267.txt not found)
268
(file QBLS268.txt not found)
269
(file QBLS269.txt not found)
270
(file QBLS270.txt not found)
271
(file QBLS271.txt not found)
272
(file QBLS272.txt not found)
273
(file QBLS273.txt not found)
274
(file QBLS274.txt not found)
275
(file QBLS275.txt not found)
276
(file QBLS276.txt not found)
277
(file QBLS277.txt not found)
278
(file QBLS278.txt not found)
279
(file QBLS279.txt not found)
280
(file QBLS280.txt not found)
281
(file QBLS281.txt not found)
282
(file QBLS282.txt not found)

. 
. capture drop st_min st_max bordersegment

. bys pair_id_numeric: egen st_min=min(fipsstate)

. by  pair_id_numeric: egen st_max=max(fipsstate)

. egen bordersegment=group(st_min st_max)

. 
. bys bordersegment pair_id_numeric: gen temp=_n==1

. sort bordersegment pair_id_numeric fipsnumeric time

. outsheet bordersegment pair_id_numeric using bordersegment_cluster.txt if tem
> p==1, nonames replace
(file bordersegment_cluster.txt not found)

. drop temp

. 
. cd "${CodeDirec}"
/Users/mac/JPE-replications/JPE-Mitman-2016256/replication-package/replication-
> package/code/exporters

. 
end of do-file
