
  ___  ____  ____  ____  ____ ®
 /__    /   ____/   /   ____/      StataNow 19.5
___/   /   /___/   /   /___/       MP—Parallel Edition

 Statistics and Data Science       Copyright 1985-2025 StataCorp LLC
                                   StataCorp
                                   4905 Lakeway Drive
                                   College Station, Texas 77845 USA
                                   800-782-8272        https://www.stata.com
                                   979-696-4600        service@stata.com

Stata license: Unlimited-user 2-core network, expiring  8 Jun 2027
Serial number: 501909302568
  Licensed to: wiktorze
               Sciences Po

Notes:
      1. Stata is running in batch mode.
      2. Unicode is supported; see help unicode_advice.
      3. More than 2 billion observations are allowed; see help obs_advice.
      4. Maximum number of variables is set to 5,000 but can be increased;
          see help set_maxvar.

. do analysis/TableA2.do 

. * ---------------------------------------------------------------------------
. * TableA2.do  ->  paper app_tab:A-1
. * "County Unemployment and Employment as a Function of Pair County and State"
. *
. * The Hall (2013) "alternative endogeneity test" robustness check: regress a
. * county's own variable on the ADJACENT (out-of-state pair) county's variable
. * and the STATE-level variable, in 2007, in logs of the level. A large state
. * coefficient is shown NOT to indicate LAUS imputation, because the same
. * pattern appears in QCEW employment (not subject to imputation).
. *
. * Produces the paper's app_tab:A-1 (the script name says A2; the exhibit labe
> l is A-1).
. *
. * Three regressions:
. *   (rate)  unemp_rate_laus     on other-county rate + state rate   -> the
. *           INLINE Hall numbers in the text (state ~0.951, adjacent ~0.316),
. *           displayed but not tabulated here.
. *   Col 1   logunemp_count_laus on other-county + state (log levels) -> table
> .
. *   Col 2   logqcew_emp         on other-county + state (log levels) -> table
> .
. *
. * NOTE for the data editor: the paper text (§ Alternative Endogeneity Test) s
> ays
. * the employment column uses "QWI employment", but the code regresses QCEW
. * employment (logqcew_emp). Flagged in discoveries_lite.tex.
. *
. * Dependencies: ${CurrentData} (un-differenced, both counties) and
. * StateQuarterlyU.dta (state quarterly unemployment: state_ur_u_pre,
. * state_uc_u_pre), copied into ${rawdata}/ from
. * ${rawdata}/. The original also merged
. * claims_quarterly.dta, but that feeds only the inline continuing-claims
. * numbers (state ~1.121, adjacent ~0.415), whose regression is not in this
. * script, so it is omitted here.
. * ---------------------------------------------------------------------------
. 
. do "config.do"

. * ===========================================================================
. * config.do  --  single path configuration for the replication archive.
. *
. * HOW TO RUN: from a Stata session whose working directory is `code/`, first
. *     do "config.do"
. * then run any pipeline script (also from `code/`), e.g. `do build/UIMacro_Bu
> ildData.do`.
. * Each pipeline script re-runs this file itself, so you can also run them dir
> ectly
. * from `code/`. EDIT THE ONE LINE below to this archive's location on your ma
> chine.
. * ===========================================================================
. 
. global root "/Users/mac/JPE-replications/JPE-Mitman-2016256/replication-packa
> ge/replication-package"          //  <-- EDIT: path to this archive

. 
. * --- derived locations (do not edit) ---
. global code          "${root}/code"

. global rawdata       "${root}/data/raw"

. global processed     "${root}/data/processed"

. global output        "${root}/output"

. global tables        "${output}/tables"

. global figures       "${output}/figures"

. global factor_csv    "${output}/factor_results"      // analysis/Matlab resul
> t CSVs (make_tables reads)

. global factor_inputs "${output}/factor_inputs"       // per-pair QBLS handoff
>  (regenerated by exporters)

. global synthetic     "${root}/synthetic-data"

. 
. * --- analysis convenience: cd "${maindirectory}"; use "${CurrentData}" / "${
> DataControls}.dta" ---
. global maindirectory "${processed}/"

. global CurrentData   "UIMacro_RevisionData.dta"

. global DataControls  "UIMacro_DataControls"

. global Wages         "ProcessedWages.dta"

. global outdirectory  "${factor_inputs}/"             // exporters write QBLS 
> here

. global latexdir      "${factor_csv}/"                // analysis/Matlab resul
> t CSVs (make_tables reads)

. 
. * --- vacancy data switch ---------------------------------------------------
. * vacfile/statefile are the two PROVIDED synthetic stand-ins for the propriet
> ary HWOL
. * inputs (synthetic-data/; the confidential HWOL data are NOT in this archive
> ). To reproduce the PUBLISHED (HWOL)
. * vacancy numbers, the Data Editor replaces these two files with the licensed
>  Conference
. * Board HWOL data and re-runs. See code/build/SYNTHETIC_VACANCY_PATH.md.
. global vacfile      "${synthetic}/new_vac_synthetic.dta"

. global statefile    "${synthetic}/StateMonthlyBorderData_synthetic.dta"

. * ImputedDataBorder is a BUILT intermediate, NOT shipped: the replicator gene
> rates it by
. * running the imputation (analysis/Impute_Input.do -> matlab/Run_Impute_Borde
> r.m ->
. * analysis/Impute_to_Stata.do) on ${vacfile}; it lands in data/processed/ (sy
> nthetic by
. * default, the real version if the Data Editor swaps in HWOL).
. global ImputedFile  "${processed}/ImputedDataBorder.dta"

. 
. * --- figure styling: the published figures were drawn under the classic
. * s2color scheme; Stata 18+ defaults to stcolor, which changes gridlines,
. * markers, and legend styling. Pin the scheme so regenerated figures match.
. cap set scheme s2color

. 
. * ensure the built-output folders exist (the archive ships them empty / absen
> t)
. cap mkdir "${processed}"

. cap mkdir "${output}"

. cap mkdir "${tables}"

. cap mkdir "${figures}"

. cap mkdir "${factor_csv}"

. cap mkdir "${factor_inputs}"

. 
. local ssc_packages "reghdfe binscatter regife outreg2 ftools coefplot tuples 
> hdfe mat2txt ivreg2 ranktest"

. if !missing("`ssc_packages'") { 
.         foreach pkg in `ssc_packages' {
  2.                 capture which `pkg' 
  3.                 if _rc == 111 {
  4.                         dis "Installing `pkg'"
  5.                         ssc install `pkg', replace
  6.                         }
  7.                 which `pkg' 
  8.                 }
/Users/mac/Library/Application Support/Stata/ado/plus/r/reghdfe.ado
*! version 6.13.1 10Jan2026
/Users/mac/Library/Application Support/Stata/ado/plus/b/binscatter.ado
*! version 7.02  24nov2013  Michael Stepner, stepner@mit.edu
/Users/mac/Library/Application Support/Stata/ado/plus/r/regife.ado
/Users/mac/Library/Application Support/Stata/ado/plus/o/outreg2.ado
*! outreg2 2.3.2  17aug2014 by roywada@hotmail.com
*! based on outreg 3.0.6/4.0.0 by john_gallup@alum.swarthmore.edu
/Users/mac/Library/Application Support/Stata/ado/plus/f/ftools.ado
*! version 2.50.0 09jan2026
/Users/mac/Library/Application Support/Stata/ado/plus/c/coefplot.ado
*! version 1.8.6  22feb2023  Ben Jann
/Users/mac/Library/Application Support/Stata/ado/plus/t/tuples.ado
*! version 4.3.0  25sep2025
/Users/mac/Library/Application Support/Stata/ado/plus/h/hdfe.ado
*! reghdfe 3.2.9 21feb2016
*! Sergio Correia (sergio.correia@duke.edu)
/Users/mac/Library/Application Support/Stata/ado/plus/m/mat2txt.ado
*! 1.1.2 Ben Jann 24 Nov 2004
*! 1.1.1 M Blasnik 18 Feb 2004
/Users/mac/Library/Application Support/Stata/ado/plus/i/ivreg2.ado
*! ivreg2 4.1.12  14aug2024
*! authors cfb & mes
*! see end of file for version comments
/Users/mac/Library/Application Support/Stata/ado/plus/r/ranktest.ado
*! ranktest 2.0.04  21sept2020
*! authors mes & fw; KP stat based on code by fk
*! see end of file for version comments
. }

. 
end of do-file

. global CodeDirec ="${code}/analysis/"

. global CurrentData "UIMacro_RevisionData.dta"

. global maindirectory "${processed}/"

. global latexdir "${factor_csv}/"

. 
. set more off, perm
(set more preference recorded)

. cap log close

. 
. cd "${maindirectory}"
/Users/mac/JPE-replications/JPE-Mitman-2016256/replication-package/replication-
> package/data/processed

. use ${CurrentData}, clear

. 
. * State quarterly unemployment (state_ur_u_pre = rate, state_uc_u_pre = count
> ).
. merge m:1 fipsstate year quarter using "${rawdata}/StateQuarterlyU"

    Result                      Number of obs
    -----------------------------------------
    Not matched                         3,212
        from master                         0  (_merge==1)
        from using                      3,212  (_merge==2)

    Matched                           234,400  (_merge==3)
    -----------------------------------------

. drop if _merge==2
(3,212 observations deleted)

. drop _merge

. 
. * Log levels (create if the build did not already carry them).
. capture gen logunemp_count_laus = log(unemp_count_laus)

. capture gen logqcew_emp        = log(qcew_emp)

. gen logstate_uc                = log(state_uc_u_pre)

. capture gen logstate_qcew_emp  = log(state_qcew_emp)

. 
. * --- "Other county" = adjacent out-of-state pair county. Within each
. *     pair-quarter the two rows are county_index 1 and 2; assign each county
. *     the OTHER one's value. ---
. sort pair_id_numeric quarter_index county_index

. 
. by pair_id_numeric quarter_index: gen cur1 = unemp_rate_laus[1]
(12 missing values generated)

. by pair_id_numeric quarter_index: gen cur2 = unemp_rate_laus[2]

. gen othercur = cur1 if county_index==2
(117,206 missing values generated)

. replace othercur = cur2 if county_index==1
(117,200 real changes made)

. 
. by pair_id_numeric quarter_index: gen cuc1 = logunemp_count_laus[1]
(12 missing values generated)

. by pair_id_numeric quarter_index: gen cuc2 = logunemp_count_laus[2]
(20 missing values generated)

. gen othercuc = cuc1 if county_index==2
(117,206 missing values generated)

. replace othercuc = cuc2 if county_index==1
(117,190 real changes made)

. 
. by pair_id_numeric quarter_index: gen cec1 = logqcew_emp[1]
(3,584 missing values generated)

. by pair_id_numeric quarter_index: gen cec2 = logqcew_emp[2]
(3,668 missing values generated)

. gen othercec = cec1 if county_index==2
(118,992 missing values generated)

. replace othercec = cec2 if county_index==1
(115,366 real changes made)

. 
. * ===== Regressions (2007 cross-section) =====
. matrix A2 = J(2,6,.)

. 
. * Inline Hall numbers (rate spec, app:Hall_endogeneity ~L2162): state ~0.951,
>  adjacent ~0.316.
. reg unemp_rate_laus othercur state_ur_u_pre if year==2007

      Source |       SS           df       MS      Number of obs   =     9,376
-------------+----------------------------------   F(2, 9373)      =   4301.32
       Model |  14006.4023         2  7003.20114   Prob > F        =    0.0000
    Residual |  15260.6601     9,373  1.62815108   R-squared       =    0.4786
-------------+----------------------------------   Adj R-squared   =    0.4785
       Total |  29267.0624     9,375  3.12181999   Root MSE        =     1.276

------------------------------------------------------------------------------
unemp_rate~s | Coefficient  Std. err.      t    P>|t|     [95% conf. interval]
-------------+----------------------------------------------------------------
    othercur |   .3160964   .0079159    39.93   0.000     .3005796    .3316133
state_ur_u~e |   .9506557   .0145132    65.50   0.000     .9222067    .9791047
       _cons |  -.8676865   .0631422   -13.74   0.000    -.9914589   -.7439141
------------------------------------------------------------------------------

. scalar b_oth_laus = _b[othercur]

. scalar se_oth_laus = _se[othercur]

. scalar b_st_laus = _b[state_ur_u_pre]

. scalar se_st_laus = _se[state_ur_u_pre]

. 
. * Col 1: county log unemployment count.
. reg logunemp_count_laus othercuc logstate_uc if year==2007

      Source |       SS           df       MS      Number of obs   =     9,376
-------------+----------------------------------   F(2, 9373)      =   2768.72
       Model |  7897.18111         2  3948.59056   Prob > F        =    0.0000
    Residual |  13367.2361     9,373  1.42614277   R-squared       =    0.3714
-------------+----------------------------------   Adj R-squared   =    0.3712
       Total |  21264.4173     9,375  2.26820451   Root MSE        =    1.1942

------------------------------------------------------------------------------
logunemp_c~s | Coefficient  Std. err.      t    P>|t|     [95% conf. interval]
-------------+----------------------------------------------------------------
    othercuc |    .539545   .0086356    62.48   0.000     .5226174    .5564726
 logstate_uc |   .2401476   .0129742    18.51   0.000     .2147154    .2655798
       _cons |   .2183065   .1419568     1.54   0.124    -.0599597    .4965728
------------------------------------------------------------------------------

. matrix A2[1,1]=_b[othercuc]

. matrix A2[1,2]=_se[othercuc]

. matrix A2[1,3]=_b[logstate_uc]

. matrix A2[1,4]=_se[logstate_uc]

. matrix A2[1,5]=e(N)

. matrix A2[1,6]=e(r2)

. 
. * Col 2: county log QCEW employment.
. reg logqcew_emp othercec logstate_qcew_emp if year==2007

      Source |       SS           df       MS      Number of obs   =     9,272
-------------+----------------------------------   F(2, 9269)      =   1312.79
       Model |  5766.90657         2  2883.45328   Prob > F        =    0.0000
    Residual |  20358.6654     9,269  2.19642522   R-squared       =    0.2207
-------------+----------------------------------   Adj R-squared   =    0.2206
       Total |   26125.572     9,271  2.81798856   Root MSE        =     1.482

------------------------------------------------------------------------------
 logqcew_emp | Coefficient  Std. err.      t    P>|t|     [95% conf. interval]
-------------+----------------------------------------------------------------
    othercec |   .4449814   .0094418    47.13   0.000     .4264733    .4634894
logstate_q~p |   .1487229   .0179519     8.28   0.000     .1135332    .1839126
       _cons |   2.819789   .2514721    11.21   0.000     2.326849     3.31273
------------------------------------------------------------------------------

. matrix A2[2,1]=_b[othercec]

. matrix A2[2,2]=_se[othercec]

. matrix A2[2,3]=_b[logstate_qcew_emp]

. matrix A2[2,4]=_se[logstate_qcew_emp]

. matrix A2[2,5]=e(N)

. matrix A2[2,6]=e(r2)

. 
. * Write CSV: row 1 = unemployment column, row 2 = employment column;
. * cols = [b_other, se_other, b_state, se_state, N, R2].
. preserve

. clear

. quietly set obs 2

. svmat A2
number of observations will be reset to 2
Press any key to continue, or Break to abort
Number of observations (_N) was 0, now 2.

. outsheet using "${latexdir}LAUS_Imputation.csv", comma nonames replace
(file
    /Users/mac/JPE-replications/JPE-Mitman-2016256/replication-package/replic
    > ation-package/output/factor_results/LAUS_Imputation.csv not found)

. restore

. 
. * ===== Inline Hall test on continuing claims / population (app:Hall_endogene
> ity ~L2164) =====
. * "the same regression with continuing claims divided by population". Publish
> ed state
. * coefficient 1.121 / adjacent 0.415. The producing script was lost; this rec
> onstruction
. * uses the ALL-COUNTY state aggregate (chosen construction) and yields state 
> ~0.89 /
. * adjacent ~0.31 -- close to the LAUS values above and reproducing the paper'
> s conclusion
. * (claims, which are not imputed, show the same large-state pattern). The exa
> ct published
. * magnitudes depend on the unrecovered original state-claims/pop construction
>  -- see
. * discoveries_lite.tex. cont_claims from claims_quarterly.dta (county, all U.
> S.
. * counties), popestimate from population_age.dta (annual county population).
. tempfile lausdata

. save `lausdata'
file /var/folders/yv/gy9l8r0n7q96t36797h3fbd00000gn/T//St79880.000002 saved
    as .dta format

. 
. use "${rawdata}/claims_quarterly.dta", clear

. merge m:1 fipsnumeric year using "${rawdata}/population_age.dta", keep(match)
>  keepusing(popestimate) nogen
(variable fipsnumeric was long, now double to accommodate using data's
       values)

    Result                      Number of obs
    -----------------------------------------
    Not matched                             0
    Matched                            87,828  
    -----------------------------------------

. gen fipsstate = floor(fipsnumeric/1000)

. gen claimspop = cont_claims/popestimate

. * all-county state aggregate: sum continuing claims (quarterly) / sum populat
> ion (annual)
. preserve

.         bysort fipsnumeric year: keep if _n==1
(65,871 observations deleted)

.         collapse (sum) state_pop=popestimate, by(fipsstate year)

.         tempfile sp

.         save `sp'
file /var/folders/yv/gy9l8r0n7q96t36797h3fbd00000gn/T//St79880.000004 saved
    as .dta format

. restore

. preserve

.         collapse (sum) state_cc=cont_claims, by(fipsstate year quarter)

.         merge m:1 fipsstate year using `sp', keep(match) nogen

    Result                      Number of obs
    -----------------------------------------
    Not matched                             0
    Matched                             1,400  
    -----------------------------------------

.         gen state_claimspop = state_cc/state_pop

.         keep fipsstate year quarter state_claimspop

.         tempfile st

.         save `st'
file /var/folders/yv/gy9l8r0n7q96t36797h3fbd00000gn/T//St79880.000006 saved
    as .dta format

. restore

. keep fipsnumeric year quarter claimspop

. tempfile cp

. save `cp'
file /var/folders/yv/gy9l8r0n7q96t36797h3fbd00000gn/T//St79880.000007 saved
    as .dta format

. 
. use `lausdata', clear

. merge m:1 fipsnumeric year quarter using `cp', keep(master match) nogen

    Result                      Number of obs
    -----------------------------------------
    Not matched                       168,880
        from master                   168,880  
        from using                          0  

    Matched                            65,520  
    -----------------------------------------

. merge m:1 fipsstate year quarter using `st', keep(master match) nogen

    Result                      Number of obs
    -----------------------------------------
    Not matched                       168,880
        from master                   168,880  
        from using                          0  

    Matched                            65,520  
    -----------------------------------------

. sort pair_id_numeric year quarter county_index

. by pair_id_numeric year quarter: gen cp1 = claimspop[1]
(168,992 missing values generated)

. by pair_id_numeric year quarter: gen cp2 = claimspop[2]
(168,768 missing values generated)

. gen othercp = cp1 if county_index==2
(201,696 missing values generated)

. replace othercp = cp2 if county_index==1
(32,816 real changes made)

. 
. reg claimspop othercp state_claimspop if year==2007

      Source |       SS           df       MS      Number of obs   =     9,344
-------------+----------------------------------   F(2, 9341)      =   5576.09
       Model |  .091940834         2  .045970417   Prob > F        =    0.0000
    Residual |  .077009144     9,341  8.2442e-06   R-squared       =    0.5442
-------------+----------------------------------   Adj R-squared   =    0.5441
       Total |  .168949978     9,343  .000018083   Root MSE        =    .00287

------------------------------------------------------------------------------
   claimspop | Coefficient  Std. err.      t    P>|t|     [95% conf. interval]
-------------+----------------------------------------------------------------
     othercp |   .3116272   .0080618    38.65   0.000     .2958243    .3274302
state_clai~p |   .8911967   .0135322    65.86   0.000     .8646706    .9177228
       _cons |  -.0009585   .0000812   -11.81   0.000    -.0011176   -.0007994
------------------------------------------------------------------------------

. scalar b_oth_cl = _b[othercp]

. scalar se_oth_cl = _se[othercp]

. scalar b_st_cl = _b[state_claimspop]

. scalar se_st_cl = _se[state_claimspop]

. 
. di as txt "==== Hall inline numbers ===="
==== Hall inline numbers ====

. di as txt "  LAUS  (rate):  state=" as res %5.3f b_st_laus as txt " (se " as 
> res %5.3f se_st_laus as txt "), adjacent=" as res %5.3f b_oth_laus as txt " (
> se " as res %5.3f se_oth_laus as txt ")  [paper 0.951/0.316]"
  LAUS  (rate):  state=0.951 (se 0.015), adjacent=0.316 (se 0.008)  [paper 0.95
> 1/0.316]

. di as txt "  Claims/pop:    state=" as res %5.3f b_st_cl   as txt " (se " as 
> res %5.3f se_st_cl   as txt "), adjacent=" as res %5.3f b_oth_cl   as txt " (
> se " as res %5.3f se_oth_cl   as txt ")  [paper 1.121/0.415; all-county aggre
> gate]"
  Claims/pop:    state=0.891 (se 0.014), adjacent=0.312 (se 0.008)  [paper 1.12
> 1/0.415; all-county aggregate]

. 
. * CSV: row 1 = LAUS rate spec, row 2 = claims/pop spec; cols = [b_other, se_o
> ther, b_state, se_state].
. file open f using "${latexdir}Hall_Inline.csv", write replace
(file
    /Users/mac/JPE-replications/JPE-Mitman-2016256/replication-package/replic
    > ation-package/output/factor_results/Hall_Inline.csv not found)

. file write f "spec,b_adjacent,se_adjacent,b_state,se_state,published_state,pu
> blished_adjacent" _n

. file write f "laus_rate,"  (b_oth_laus) "," (se_oth_laus) "," (b_st_laus) ","
>  (se_st_laus) ",0.951,0.316" _n

. file write f "claims_pop," (b_oth_cl)   "," (se_oth_cl)   "," (b_st_cl)   ","
>  (se_st_cl)   ",1.121,0.415" _n

. file close f

. 
. cd "${CodeDirec}"
/Users/mac/JPE-replications/JPE-Mitman-2016256/replication-package/replication-
> package/code/analysis

. 
end of do-file
