
  ___  ____  ____  ____  ____ ®
 /__    /   ____/   /   ____/      StataNow 19.5
___/   /   /___/   /   /___/       MP—Parallel Edition

 Statistics and Data Science       Copyright 1985-2025 StataCorp LLC
                                   StataCorp
                                   4905 Lakeway Drive
                                   College Station, Texas 77845 USA
                                   800-782-8272        https://www.stata.com
                                   979-696-4600        service@stata.com

Stata license: Unlimited-user 2-core network, expiring  8 Jun 2027
Serial number: 501909302568
  Licensed to: wiktorze
               Sciences Po

Notes:
      1. Stata is running in batch mode.
      2. Unicode is supported; see help unicode_advice.
      3. More than 2 billion observations are allowed; see help obs_advice.
      4. Maximum number of variables is set to 5,000 but can be increased;
          see help set_maxvar.

. do analysis/Table1_OLS_Controls.do 

. do "config.do"

. * ===========================================================================
. * config.do  --  single path configuration for the replication archive.
. *
. * HOW TO RUN: from a Stata session whose working directory is `code/`, first
. *     do "config.do"
. * then run any pipeline script (also from `code/`), e.g. `do build/UIMacro_Bu
> ildData.do`.
. * Each pipeline script re-runs this file itself, so you can also run them dir
> ectly
. * from `code/`. EDIT THE ONE LINE below to this archive's location on your ma
> chine.
. * ===========================================================================
. 
. global root "/Users/mac/JPE-replications/JPE-Mitman-2016256/replication-packa
> ge/replication-package"          //  <-- EDIT: path to this archive

. 
. * --- derived locations (do not edit) ---
. global code          "${root}/code"

. global rawdata       "${root}/data/raw"

. global processed     "${root}/data/processed"

. global output        "${root}/output"

. global tables        "${output}/tables"

. global figures       "${output}/figures"

. global factor_csv    "${output}/factor_results"      // analysis/Matlab resul
> t CSVs (make_tables reads)

. global factor_inputs "${output}/factor_inputs"       // per-pair QBLS handoff
>  (regenerated by exporters)

. global synthetic     "${root}/synthetic-data"

. 
. * --- analysis convenience: cd "${maindirectory}"; use "${CurrentData}" / "${
> DataControls}.dta" ---
. global maindirectory "${processed}/"

. global CurrentData   "UIMacro_RevisionData.dta"

. global DataControls  "UIMacro_DataControls"

. global Wages         "ProcessedWages.dta"

. global outdirectory  "${factor_inputs}/"             // exporters write QBLS 
> here

. global latexdir      "${factor_csv}/"                // analysis/Matlab resul
> t CSVs (make_tables reads)

. 
. * --- vacancy data switch ---------------------------------------------------
. * vacfile/statefile are the two PROVIDED synthetic stand-ins for the propriet
> ary HWOL
. * inputs (synthetic-data/; the confidential HWOL data are NOT in this archive
> ). To reproduce the PUBLISHED (HWOL)
. * vacancy numbers, the Data Editor replaces these two files with the licensed
>  Conference
. * Board HWOL data and re-runs. See code/build/SYNTHETIC_VACANCY_PATH.md.
. global vacfile      "${synthetic}/new_vac_synthetic.dta"

. global statefile    "${synthetic}/StateMonthlyBorderData_synthetic.dta"

. * ImputedDataBorder is a BUILT intermediate, NOT shipped: the replicator gene
> rates it by
. * running the imputation (analysis/Impute_Input.do -> matlab/Run_Impute_Borde
> r.m ->
. * analysis/Impute_to_Stata.do) on ${vacfile}; it lands in data/processed/ (sy
> nthetic by
. * default, the real version if the Data Editor swaps in HWOL).
. global ImputedFile  "${processed}/ImputedDataBorder.dta"

. 
. * --- figure styling: the published figures were drawn under the classic
. * s2color scheme; Stata 18+ defaults to stcolor, which changes gridlines,
. * markers, and legend styling. Pin the scheme so regenerated figures match.
. cap set scheme s2color

. 
. * ensure the built-output folders exist (the archive ships them empty / absen
> t)
. cap mkdir "${processed}"

. cap mkdir "${output}"

. cap mkdir "${tables}"

. cap mkdir "${figures}"

. cap mkdir "${factor_csv}"

. cap mkdir "${factor_inputs}"

. 
. local ssc_packages "reghdfe binscatter regife outreg2 ftools coefplot tuples 
> hdfe mat2txt ivreg2 ranktest"

. if !missing("`ssc_packages'") { 
.         foreach pkg in `ssc_packages' {
  2.                 capture which `pkg' 
  3.                 if _rc == 111 {
  4.                         dis "Installing `pkg'"
  5.                         ssc install `pkg', replace
  6.                         }
  7.                 which `pkg' 
  8.                 }
/Users/mac/Library/Application Support/Stata/ado/plus/r/reghdfe.ado
*! version 6.13.1 10Jan2026
/Users/mac/Library/Application Support/Stata/ado/plus/b/binscatter.ado
*! version 7.02  24nov2013  Michael Stepner, stepner@mit.edu
/Users/mac/Library/Application Support/Stata/ado/plus/r/regife.ado
/Users/mac/Library/Application Support/Stata/ado/plus/o/outreg2.ado
*! outreg2 2.3.2  17aug2014 by roywada@hotmail.com
*! based on outreg 3.0.6/4.0.0 by john_gallup@alum.swarthmore.edu
/Users/mac/Library/Application Support/Stata/ado/plus/f/ftools.ado
*! version 2.50.0 09jan2026
/Users/mac/Library/Application Support/Stata/ado/plus/c/coefplot.ado
*! version 1.8.6  22feb2023  Ben Jann
/Users/mac/Library/Application Support/Stata/ado/plus/t/tuples.ado
*! version 4.3.0  25sep2025
/Users/mac/Library/Application Support/Stata/ado/plus/h/hdfe.ado
*! reghdfe 3.2.9 21feb2016
*! Sergio Correia (sergio.correia@duke.edu)
/Users/mac/Library/Application Support/Stata/ado/plus/m/mat2txt.ado
*! 1.1.2 Ben Jann 24 Nov 2004
*! 1.1.1 M Blasnik 18 Feb 2004
/Users/mac/Library/Application Support/Stata/ado/plus/i/ivreg2.ado
*! ivreg2 4.1.12  14aug2024
*! authors cfb & mes
*! see end of file for version comments
/Users/mac/Library/Application Support/Stata/ado/plus/r/ranktest.ado
*! ranktest 2.0.04  21sept2020
*! authors mes & fw; KP stat based on code by fk
*! see end of file for version comments
. }

. 
end of do-file

. global CodeDirec ="${code}/analysis/"

. global DataControls "UIMacro_DataControls"

. global maindirectory "${processed}/"

. global latexdir "${factor_csv}/"

. 
. cd ${maindirectory}
/Users/mac/JPE-replications/JPE-Mitman-2016256/replication-package/replication-
> package/data/processed

. use ${DataControls}, clear

. 
. 
. // Lead of diff_logsnap was used in the original Controls bundle; not used
. // here for the OLS Col 10 (we follow the BBCEA variant: 9 controls,
. // no Fsnap, no diff_bbce2018). Generate just in case any of the controls
. // require it; safe no-op if unused.
. 
. la var diff_logmeanwks "Benefits"

. la var diff_logawardamount_gdp "Stimulus (GDP)"

. la var diff_logtotal_gdp "Total Tax (GDP)"

. la var diff_logincome_gdp "Income Tax (GDP)"

. la var diff_loggeneral_sales_gdp "Sales Tax (GDP)"

. la var diff_sbsi "SBSI"

. la var diff_sbtc "SBTC"

. la var diff_bhi "BHI"

. la var diff_judicial "Foreclosure (judicial dummy)"

. la var diff_bbce_asset2018 "SNAP Broad Eligibility"

. 
. // OLS regression matching the IFE Controls Col 10 spec, using the
. // same 9 GDP-normalized state policy controls.
. reghdfe qdk1_logunemp_rate_laus diff_logmeanwks ///
>         diff_logawardamount_gdp diff_sbsi diff_sbtc diff_bhi ///
>         diff_logtotal_gdp diff_logincome_gdp diff_loggeneral_sales_gdp ///
>         diff_judicial diff_bbce_asset2018 ///
>         if inrange(year,2005,2012), absorb(id) cluster(bordersegment)
(MWFE estimator converged in 1 iterations)
note: diff_judicial is probably collinear with the fixed effects (all partialle
> d-out values are close to zero; tol = 1.0e-09)

HDFE Linear regression                            Number of obs   =     35,032
Absorbing 1 HDFE group                            F(   9,    104) =       2.03
Statistics robust to heteroskedasticity           Prob > F        =     0.0430
                                                  R-squared       =     0.0553
                                                  Adj R-squared   =     0.0225
                                                  Within R-sq.    =     0.0022
Number of clusters (bordersegment) =        105   Root MSE        =     0.1307

                        (Std. err. adjusted for 105 clusters in bordersegment)
------------------------------------------------------------------------------
             |               Robust
qdk1_~e_laus | Coefficient  std. err.      t    P>|t|     [95% conf. interval]
-------------+----------------------------------------------------------------
diff_logme~s |     .04612   .0129759     3.55   0.001     .0203883    .0718517
diff_logaw~p |   .0000251   .0001421     0.18   0.860    -.0002566    .0003069
   diff_sbsi |  -.0000302   .0001903    -0.16   0.874    -.0004076    .0003472
   diff_sbtc |  -.0001516   .0045443    -0.03   0.973    -.0091632      .00886
    diff_bhi |   .0020415   .0030765     0.66   0.508    -.0040593    .0081422
diff_logto~p |    .001845   .0213495     0.09   0.931    -.0404918    .0441818
diff_login~p |   .0051832   .0070271     0.74   0.462    -.0087518    .0191183
diff_logge~p |  -.0137149   .0165976    -0.83   0.411    -.0466287    .0191988
diff_judic~l |          0  (omitted)
diff_bbce_~8 |   .0002837   .0032618     0.09   0.931    -.0061846    .0067521
       _cons |   -.013094   .0088398    -1.48   0.142    -.0306236    .0044357
------------------------------------------------------------------------------

Absorbed degrees of freedom:
-----------------------------------------------------+
 Absorbed FE | Categories  - Redundant  = Num. Coefs |
-------------+---------------------------------------|
          id |      1168        1168           0    *|
-----------------------------------------------------+
* = FE nested within cluster; treated as redundant for DoF computation

. 
. // Save a single-row 1x4 CSV: [coef, se, N, R^2] for the benefits coefficient
> .
. // The 9 control coefficients are not used in paper Col 10 (only the
. // benefits headline is shown in tab:Benefits_on_unemp_OLS).
. matrix table1_ols_col10 = (_b[diff_logmeanwks], _se[diff_logmeanwks], e(N), e
> (r2))

. 
. preserve

. clear

. svmat table1_ols_col10
number of observations will be reset to 1
Press any key to continue, or Break to abort
Number of observations (_N) was 0, now 1.

. qui outsheet using "${latexdir}Table1_OLS_Controls.csv", comma nonames replac
> e

. restore

. 
end of do-file
