
  ___  ____  ____  ____  ____ ®
 /__    /   ____/   /   ____/      StataNow 19.5
___/   /   /___/   /   /___/       MP—Parallel Edition

 Statistics and Data Science       Copyright 1985-2025 StataCorp LLC
                                   StataCorp
                                   4905 Lakeway Drive
                                   College Station, Texas 77845 USA
                                   800-782-8272        https://www.stata.com
                                   979-696-4600        service@stata.com

Stata license: Unlimited-user 2-core network, expiring  8 Jun 2027
Serial number: 501909302568
  Licensed to: wiktorze
               Sciences Po

Notes:
      1. Stata is running in batch mode.
      2. Unicode is supported; see help unicode_advice.
      3. More than 2 billion observations are allowed; see help obs_advice.
      4. Maximum number of variables is set to 5,000 but can be increased;
          see help set_maxvar.

. do analysis/Table1_OLS.do 

. do "config.do"

. * ===========================================================================
. * config.do  --  single path configuration for the replication archive.
. *
. * HOW TO RUN: from a Stata session whose working directory is `code/`, first
. *     do "config.do"
. * then run any pipeline script (also from `code/`), e.g. `do build/UIMacro_Bu
> ildData.do`.
. * Each pipeline script re-runs this file itself, so you can also run them dir
> ectly
. * from `code/`. EDIT THE ONE LINE below to this archive's location on your ma
> chine.
. * ===========================================================================
. 
. global root "/Users/mac/JPE-replications/JPE-Mitman-2016256/replication-packa
> ge/replication-package"          //  <-- EDIT: path to this archive

. 
. * --- derived locations (do not edit) ---
. global code          "${root}/code"

. global rawdata       "${root}/data/raw"

. global processed     "${root}/data/processed"

. global output        "${root}/output"

. global tables        "${output}/tables"

. global figures       "${output}/figures"

. global factor_csv    "${output}/factor_results"      // analysis/Matlab resul
> t CSVs (make_tables reads)

. global factor_inputs "${output}/factor_inputs"       // per-pair QBLS handoff
>  (regenerated by exporters)

. global synthetic     "${root}/synthetic-data"

. 
. * --- analysis convenience: cd "${maindirectory}"; use "${CurrentData}" / "${
> DataControls}.dta" ---
. global maindirectory "${processed}/"

. global CurrentData   "UIMacro_RevisionData.dta"

. global DataControls  "UIMacro_DataControls"

. global Wages         "ProcessedWages.dta"

. global outdirectory  "${factor_inputs}/"             // exporters write QBLS 
> here

. global latexdir      "${factor_csv}/"                // analysis/Matlab resul
> t CSVs (make_tables reads)

. 
. * --- vacancy data switch ---------------------------------------------------
. * vacfile/statefile are the two PROVIDED synthetic stand-ins for the propriet
> ary HWOL
. * inputs (synthetic-data/; the confidential HWOL data are NOT in this archive
> ). To reproduce the PUBLISHED (HWOL)
. * vacancy numbers, the Data Editor replaces these two files with the licensed
>  Conference
. * Board HWOL data and re-runs. See code/build/SYNTHETIC_VACANCY_PATH.md.
. global vacfile      "${synthetic}/new_vac_synthetic.dta"

. global statefile    "${synthetic}/StateMonthlyBorderData_synthetic.dta"

. * ImputedDataBorder is a BUILT intermediate, NOT shipped: the replicator gene
> rates it by
. * running the imputation (analysis/Impute_Input.do -> matlab/Run_Impute_Borde
> r.m ->
. * analysis/Impute_to_Stata.do) on ${vacfile}; it lands in data/processed/ (sy
> nthetic by
. * default, the real version if the Data Editor swaps in HWOL).
. global ImputedFile  "${processed}/ImputedDataBorder.dta"

. 
. * --- figure styling: the published figures were drawn under the classic
. * s2color scheme; Stata 18+ defaults to stcolor, which changes gridlines,
. * markers, and legend styling. Pin the scheme so regenerated figures match.
. cap set scheme s2color

. 
. * ensure the built-output folders exist (the archive ships them empty / absen
> t)
. cap mkdir "${processed}"

. cap mkdir "${output}"

. cap mkdir "${tables}"

. cap mkdir "${figures}"

. cap mkdir "${factor_csv}"

. cap mkdir "${factor_inputs}"

. 
. local ssc_packages "reghdfe binscatter regife outreg2 ftools coefplot tuples 
> hdfe mat2txt ivreg2 ranktest"

. if !missing("`ssc_packages'") { 
.         foreach pkg in `ssc_packages' {
  2.                 capture which `pkg' 
  3.                 if _rc == 111 {
  4.                         dis "Installing `pkg'"
  5.                         ssc install `pkg', replace
  6.                         }
  7.                 which `pkg' 
  8.                 }
/Users/mac/Library/Application Support/Stata/ado/plus/r/reghdfe.ado
*! version 6.13.1 10Jan2026
/Users/mac/Library/Application Support/Stata/ado/plus/b/binscatter.ado
*! version 7.02  24nov2013  Michael Stepner, stepner@mit.edu
/Users/mac/Library/Application Support/Stata/ado/plus/r/regife.ado
/Users/mac/Library/Application Support/Stata/ado/plus/o/outreg2.ado
*! outreg2 2.3.2  17aug2014 by roywada@hotmail.com
*! based on outreg 3.0.6/4.0.0 by john_gallup@alum.swarthmore.edu
/Users/mac/Library/Application Support/Stata/ado/plus/f/ftools.ado
*! version 2.50.0 09jan2026
/Users/mac/Library/Application Support/Stata/ado/plus/c/coefplot.ado
*! version 1.8.6  22feb2023  Ben Jann
/Users/mac/Library/Application Support/Stata/ado/plus/t/tuples.ado
*! version 4.3.0  25sep2025
/Users/mac/Library/Application Support/Stata/ado/plus/h/hdfe.ado
*! reghdfe 3.2.9 21feb2016
*! Sergio Correia (sergio.correia@duke.edu)
/Users/mac/Library/Application Support/Stata/ado/plus/m/mat2txt.ado
*! 1.1.2 Ben Jann 24 Nov 2004
*! 1.1.1 M Blasnik 18 Feb 2004
/Users/mac/Library/Application Support/Stata/ado/plus/i/ivreg2.ado
*! ivreg2 4.1.12  14aug2024
*! authors cfb & mes
*! see end of file for version comments
/Users/mac/Library/Application Support/Stata/ado/plus/r/ranktest.ado
*! ranktest 2.0.04  21sept2020
*! authors mes & fw; KP stat based on code by fk
*! see end of file for version comments
. }

. 
end of do-file

. global CodeDirec ="${code}/analysis/"

. global DataControls "UIMacro_DataControls"

. global WageData = "${Wages}"

. global CurrentData "UIMacro_RevisionData.dta"

. global maindirectory "${processed}/"

. global outdirectory "${tables}/"   // outreg2 cross-check tex/txt

. 
. cd ${maindirectory}
/Users/mac/JPE-replications/JPE-Mitman-2016256/replication-package/replication-
> package/data/processed

. use ${DataControls}, clear

. 
. la var diff_logmeanwks "Benefits"

. la var diff_logmeanwks_pf "Perfect Foresight Benefits"

. la var qdk1_logunemp_rate_laus "Unemp"

. la var qdk1_logunemp_add "Unemp - No Add"

. la var diff_logprod_all "State GDP per Worker"

. cd ${outdirectory}
/Users/mac/JPE-replications/JPE-Mitman-2016256/replication-package/replication-
> package/output/tables

. 
. global TableName = "Table1OLS.tex"

. 
. // In addition to the existing outreg2 Table1OLS.tex output (kept as a
. // cross-check artifact), collect each regression's result as a row of
. // table1_ols and write a clean CSV at the end. Layout per row:
. //   [b_coef, b_se, control_coef, control_se, N, R^2]
. // Row mapping to paper tab:Benefits_on_unemp_OLS columns:
. //   row 1 -> Col 1 (baseline)
. //   row 2 -> Col 2 (+ State GDP per Worker, diff_logprod_all_old)
. //   row 3 -> Col 5 (emp_share<0.15)
. //   row 4 -> Col 6 (industry_low: l2 industry-distance <= median)
. //   row 5 -> Col 7 (dist<30)
. //   row 6 -> Col 8 (samecbsa==1)
. //   row 7 -> Col 9 (perfect-foresight benefits, RHS = diff_logmeanwks_pf)
. matrix table1_ols = J(8, 6, .)

. 
. reghdfe qdk1_logunemp_rate_laus diff_logmeanwks  if inrange(year,2005,2012) ,
>  abs(id  ) cluster(bordersegment)
(MWFE estimator converged in 1 iterations)

HDFE Linear regression                            Number of obs   =     37,496
Absorbing 1 HDFE group                            F(   1,    106) =      10.91
Statistics robust to heteroskedasticity           Prob > F        =     0.0013
                                                  R-squared       =     0.0558
                                                  Adj R-squared   =     0.0253
                                                  Within R-sq.    =     0.0012
Number of clusters (bordersegment) =        107   Root MSE        =     0.1309

                        (Std. err. adjusted for 107 clusters in bordersegment)
------------------------------------------------------------------------------
             |               Robust
qdk1_~e_laus | Coefficient  std. err.      t    P>|t|     [95% conf. interval]
-------------+----------------------------------------------------------------
diff_logme~s |   .0400311    .012121     3.30   0.001         .016    .0640623
       _cons |  -.0036772   .0002687   -13.69   0.000    -.0042099   -.0031445
------------------------------------------------------------------------------

Absorbed degrees of freedom:
-----------------------------------------------------+
 Absorbed FE | Categories  - Redundant  = Num. Coefs |
-------------+---------------------------------------|
          id |      1172        1172           0    *|
-----------------------------------------------------+
* = FE nested within cluster; treated as redundant for DoF computation

. outreg2 using $TableName, label replace keep(diff_logmeanwks )
Table1OLS.tex
dir : seeout

. matrix table1_ols[1,1] = _b[diff_logmeanwks]

. matrix table1_ols[1,2] = _se[diff_logmeanwks]

. matrix table1_ols[1,5] = e(N)

. matrix table1_ols[1,6] = e(r2)

. 
. reghdfe qdk1_logunemp_rate_laus diff_logmeanwks diff_logprod_all if inrange(y
> ear,2005,2012) , abs(id  ) cluster(bordersegment)
(MWFE estimator converged in 1 iterations)

HDFE Linear regression                            Number of obs   =     37,496
Absorbing 1 HDFE group                            F(   2,    106) =      10.35
Statistics robust to heteroskedasticity           Prob > F        =     0.0001
                                                  R-squared       =     0.0563
                                                  Adj R-squared   =     0.0258
                                                  Within R-sq.    =     0.0018
Number of clusters (bordersegment) =        107   Root MSE        =     0.1309

                        (Std. err. adjusted for 107 clusters in bordersegment)
------------------------------------------------------------------------------
             |               Robust
qdk1_~e_laus | Coefficient  std. err.      t    P>|t|     [95% conf. interval]
-------------+----------------------------------------------------------------
diff_logme~s |   .0368111   .0130189     2.83   0.006     .0109998    .0626224
diff_logpr~l |  -.0804738   .0383578    -2.10   0.038    -.1565219   -.0044257
       _cons |  -.0018033    .001012    -1.78   0.078    -.0038096     .000203
------------------------------------------------------------------------------

Absorbed degrees of freedom:
-----------------------------------------------------+
 Absorbed FE | Categories  - Redundant  = Num. Coefs |
-------------+---------------------------------------|
          id |      1172        1172           0    *|
-----------------------------------------------------+
* = FE nested within cluster; treated as redundant for DoF computation

. outreg2 using $TableName, label append keep(diff_logmeanwks diff_logprod_all 
> )
Table1OLS.tex
dir : seeout

. matrix table1_ols[2,1] = _b[diff_logmeanwks]

. matrix table1_ols[2,2] = _se[diff_logmeanwks]

. matrix table1_ols[2,3] = _b[diff_logprod_all]

. matrix table1_ols[2,4] = _se[diff_logprod_all]

. matrix table1_ols[2,5] = e(N)

. matrix table1_ols[2,6] = e(r2)

. 
. reghdfe qdk1_logunemp_rate_laus diff_logmeanwks  if inrange(year,2005,2012) &
>  emp_share<0.15 , abs(id  ) cluster(bordersegment)
(MWFE estimator converged in 1 iterations)

HDFE Linear regression                            Number of obs   =     35,448
Absorbing 1 HDFE group                            F(   1,    101) =      10.75
Statistics robust to heteroskedasticity           Prob > F        =     0.0014
                                                  R-squared       =     0.0535
                                                  Adj R-squared   =     0.0229
                                                  Within R-sq.    =     0.0012
Number of clusters (bordersegment) =        102   Root MSE        =     0.1325

                        (Std. err. adjusted for 102 clusters in bordersegment)
------------------------------------------------------------------------------
             |               Robust
qdk1_~e_laus | Coefficient  std. err.      t    P>|t|     [95% conf. interval]
-------------+----------------------------------------------------------------
diff_logme~s |   .0416493   .0127058     3.28   0.001     .0164444    .0668542
       _cons |  -.0042174   .0002705   -15.59   0.000     -.004754   -.0036808
------------------------------------------------------------------------------

Absorbed degrees of freedom:
-----------------------------------------------------+
 Absorbed FE | Categories  - Redundant  = Num. Coefs |
-------------+---------------------------------------|
          id |      1108        1108           0    *|
-----------------------------------------------------+
* = FE nested within cluster; treated as redundant for DoF computation

. outreg2 using $TableName, label append keep(diff_logmeanwks  )
Table1OLS.tex
dir : seeout

. matrix table1_ols[3,1] = _b[diff_logmeanwks]

. matrix table1_ols[3,2] = _se[diff_logmeanwks]

. matrix table1_ols[3,5] = e(N)

. matrix table1_ols[3,6] = e(r2)

. 
. reghdfe qdk1_logunemp_rate_laus diff_logmeanwks  if inrange(year,2005,2012) &
>  industry_low==1 , abs(id  ) cluster(bordersegment)
(MWFE estimator converged in 1 iterations)

HDFE Linear regression                            Number of obs   =     18,328
Absorbing 1 HDFE group                            F(   1,     98) =      12.34
Statistics robust to heteroskedasticity           Prob > F        =     0.0007
                                                  R-squared       =     0.0592
                                                  Adj R-squared   =     0.0288
                                                  Within R-sq.    =     0.0017
Number of clusters (bordersegment) =         99   Root MSE        =     0.1200

                         (Std. err. adjusted for 99 clusters in bordersegment)
------------------------------------------------------------------------------
             |               Robust
qdk1_~e_laus | Coefficient  std. err.      t    P>|t|     [95% conf. interval]
-------------+----------------------------------------------------------------
diff_logme~s |   .0437951   .0124651     3.51   0.001     .0190585    .0685317
       _cons |  -.0020666   .0003264    -6.33   0.000    -.0027143   -.0014189
------------------------------------------------------------------------------

Absorbed degrees of freedom:
-----------------------------------------------------+
 Absorbed FE | Categories  - Redundant  = Num. Coefs |
-------------+---------------------------------------|
          id |       573         573           0    *|
-----------------------------------------------------+
* = FE nested within cluster; treated as redundant for DoF computation

. outreg2 using $TableName, label append keep(diff_logmeanwks  )
Table1OLS.tex
dir : seeout

. matrix table1_ols[4,1] = _b[diff_logmeanwks]

. matrix table1_ols[4,2] = _se[diff_logmeanwks]

. matrix table1_ols[4,5] = e(N)

. matrix table1_ols[4,6] = e(r2)

. 
. reghdfe qdk1_logunemp_rate_laus diff_logmeanwks  if inrange(year,2005,2012) &
>  dist<30 , abs(id  ) cluster(bordersegment)
(MWFE estimator converged in 1 iterations)

HDFE Linear regression                            Number of obs   =     19,292
Absorbing 1 HDFE group                            F(   1,     86) =       9.72
Statistics robust to heteroskedasticity           Prob > F        =     0.0025
                                                  R-squared       =     0.0578
                                                  Adj R-squared   =     0.0274
                                                  Within R-sq.    =     0.0013
Number of clusters (bordersegment) =         87   Root MSE        =     0.1162

                         (Std. err. adjusted for 87 clusters in bordersegment)
------------------------------------------------------------------------------
             |               Robust
qdk1_~e_laus | Coefficient  std. err.      t    P>|t|     [95% conf. interval]
-------------+----------------------------------------------------------------
diff_logme~s |   .0388055   .0124495     3.12   0.002     .0140567    .0635544
       _cons |  -.0027437   .0001983   -13.84   0.000    -.0031378   -.0023495
------------------------------------------------------------------------------

Absorbed degrees of freedom:
-----------------------------------------------------+
 Absorbed FE | Categories  - Redundant  = Num. Coefs |
-------------+---------------------------------------|
          id |       603         603           0    *|
-----------------------------------------------------+
* = FE nested within cluster; treated as redundant for DoF computation

. outreg2 using $TableName, label append keep(diff_logmeanwks  )
Table1OLS.tex
dir : seeout

. matrix table1_ols[5,1] = _b[diff_logmeanwks]

. matrix table1_ols[5,2] = _se[diff_logmeanwks]

. matrix table1_ols[5,5] = e(N)

. matrix table1_ols[5,6] = e(r2)

. 
. reghdfe qdk1_logunemp_rate_laus diff_logmeanwks  if inrange(year,2005,2012) &
>  samecbsa==1 , abs(id  ) cluster(bordersegment)
(MWFE estimator converged in 1 iterations)

HDFE Linear regression                            Number of obs   =     24,320
Absorbing 1 HDFE group                            F(   1,     99) =       7.84
Statistics robust to heteroskedasticity           Prob > F        =     0.0061
                                                  R-squared       =     0.0467
                                                  Adj R-squared   =     0.0159
                                                  Within R-sq.    =     0.0009
Number of clusters (bordersegment) =        100   Root MSE        =     0.1389

                        (Std. err. adjusted for 100 clusters in bordersegment)
------------------------------------------------------------------------------
             |               Robust
qdk1_~e_laus | Coefficient  std. err.      t    P>|t|     [95% conf. interval]
-------------+----------------------------------------------------------------
diff_logme~s |   .0365272   .0130467     2.80   0.006     .0106396    .0624147
       _cons |  -.0029196   .0003233    -9.03   0.000    -.0035611   -.0022781
------------------------------------------------------------------------------

Absorbed degrees of freedom:
-----------------------------------------------------+
 Absorbed FE | Categories  - Redundant  = Num. Coefs |
-------------+---------------------------------------|
          id |       760         760           0    *|
-----------------------------------------------------+
* = FE nested within cluster; treated as redundant for DoF computation

. outreg2 using $TableName, label append keep(diff_logmeanwks  )
Table1OLS.tex
dir : seeout

. matrix table1_ols[6,1] = _b[diff_logmeanwks]

. matrix table1_ols[6,2] = _se[diff_logmeanwks]

. matrix table1_ols[6,5] = e(N)

. matrix table1_ols[6,6] = e(r2)

. 
. reghdfe qdk1_logunemp_rate_laus diff_logmeanwks_pf  if inrange(year,2005,2012
> ) , abs(id  ) cluster(bordersegment)
(MWFE estimator converged in 1 iterations)

HDFE Linear regression                            Number of obs   =     37,496
Absorbing 1 HDFE group                            F(   1,    106) =       7.80
Statistics robust to heteroskedasticity           Prob > F        =     0.0062
                                                  R-squared       =     0.0558
                                                  Adj R-squared   =     0.0254
                                                  Within R-sq.    =     0.0012
Number of clusters (bordersegment) =        107   Root MSE        =     0.1309

                        (Std. err. adjusted for 107 clusters in bordersegment)
------------------------------------------------------------------------------
             |               Robust
qdk1_~e_laus | Coefficient  std. err.      t    P>|t|     [95% conf. interval]
-------------+----------------------------------------------------------------
diff_logme~f |   .0387581   .0138754     2.79   0.006     .0112487    .0662674
       _cons |  -.0037958   .0003601   -10.54   0.000    -.0045097   -.0030818
------------------------------------------------------------------------------

Absorbed degrees of freedom:
-----------------------------------------------------+
 Absorbed FE | Categories  - Redundant  = Num. Coefs |
-------------+---------------------------------------|
          id |      1172        1172           0    *|
-----------------------------------------------------+
* = FE nested within cluster; treated as redundant for DoF computation

. outreg2 using $TableName, label append keep(diff_logmeanwks_pf  )
Table1OLS.tex
dir : seeout

. matrix table1_ols[7,1] = _b[diff_logmeanwks_pf]

. matrix table1_ols[7,2] = _se[diff_logmeanwks_pf]

. matrix table1_ols[7,5] = e(N)

. matrix table1_ols[7,6] = e(r2)

. 
. 
. // Save the matrix as a CSV that make_tables.py can read.
. preserve

. clear

. svmat table1_ols
number of observations will be reset to 8
Press any key to continue, or Break to abort
Number of observations (_N) was 0, now 8.

. qui outsheet using "${latexdir}Table1_OLS_reghdfe.csv", comma nonames replace

. restore

. 
. 
end of do-file
