This is pdfTeX, Version 3.141592653-2.6-1.40.27 (TeX Live 2025/Homebrew) (preloaded format=pdflatex 2025.3.15)  20 AUG 2026 17:12
entering extended mode
 restricted \write18 enabled.
 file:line:error style messages enabled.
 %&-line parsing enabled.
**/Users/mac/JPE-replications/JPE-Mitman-2016256/replication-package/replication-package/code/tex/MacroElasticity_JPE_Rev3_1_I.tex
(/Users/mac/JPE-replications/JPE-Mitman-2016256/replication-package/replication-package/code/tex/MacroElasticity_JPE_Rev3_1_I.tex
LaTeX2e <2024-11-01> patch level 2
L3 programming layer <2025-01-18>
(/opt/homebrew/Cellar/texlive/20250308_1/share/texmf-dist/tex/latex/base/article.cls
Document Class: article 2024/06/29 v1.4n Standard LaTeX document class
(/opt/homebrew/Cellar/texlive/20250308_1/share/texmf-dist/tex/latex/base/size12.clo
File: size12.clo 2024/06/29 v1.4n Standard LaTeX file (size option)
)
\c@part=\count196
\c@section=\count197
\c@subsection=\count198
\c@subsubsection=\count199
\c@paragraph=\count266
\c@subparagraph=\count267
\c@figure=\count268
\c@table=\count269
\abovecaptionskip=\skip49
\belowcaptionskip=\skip50
\bibindent=\dimen141
) (/opt/homebrew/Cellar/texlive/20250308_1/share/texmf-dist/tex/latex/comment/comment.sty
\CommentStream=\write3
 Excluding comment 'comment') (/opt/homebrew/Cellar/texlive/20250308_1/share/texmf-dist/tex/latex/placeins/placeins.sty
Package: placeins 2005/04/18  v 2.2
) (/opt/homebrew/Cellar/texlive/20250308_1/share/texmf-dist/tex/latex/natbib/natbib.sty
Package: natbib 2010/09/13 8.31b (PWD, AO)
\bibhang=\skip51
\bibsep=\skip52
LaTeX Info: Redefining \cite on input line 694.
\c@NAT@ctr=\count270
) (./natbibspacing.sty
\bibspacing=\dimen142
) (/opt/homebrew/Cellar/texlive/20250308_1/share/texmf-dist/tex/latex/amsmath/amsmath.sty
Package: amsmath 2024/11/05 v2.17t AMS math features
\@mathmargin=\skip53

For additional information on amsmath, use the `?' option.
(/opt/homebrew/Cellar/texlive/20250308_1/share/texmf-dist/tex/latex/amsmath/amstext.sty
Package: amstext 2021/08/26 v2.01 AMS text
 (/opt/homebrew/Cellar/texlive/20250308_1/share/texmf-dist/tex/latex/amsmath/amsgen.sty
File: amsgen.sty 1999/11/30 v2.0 generic functions
\@emptytoks=\toks17
\ex@=\dimen143
)) (/opt/homebrew/Cellar/texlive/20250308_1/share/texmf-dist/tex/latex/amsmath/amsbsy.sty
Package: amsbsy 1999/11/29 v1.2d Bold Symbols
\pmbraise@=\dimen144
) (/opt/homebrew/Cellar/texlive/20250308_1/share/texmf-dist/tex/latex/amsmath/amsopn.sty
Package: amsopn 2022/04/08 v2.04 operator names
)
\inf@bad=\count271
LaTeX Info: Redefining \frac on input line 233.
\uproot@=\count272
\leftroot@=\count273
LaTeX Info: Redefining \overline on input line 398.
LaTeX Info: Redefining \colon on input line 409.
\classnum@=\count274
\DOTSCASE@=\count275
LaTeX Info: Redefining \ldots on input line 495.
LaTeX Info: Redefining \dots on input line 498.
LaTeX Info: Redefining \cdots on input line 619.
\Mathstrutbox@=\box52
\strutbox@=\box53
LaTeX Info: Redefining \big on input line 721.
LaTeX Info: Redefining \Big on input line 722.
LaTeX Info: Redefining \bigg on input line 723.
LaTeX Info: Redefining \Bigg on input line 724.
\big@size=\dimen145
LaTeX Font Info:    Redeclaring font encoding OML on input line 742.
LaTeX Font Info:    Redeclaring font encoding OMS on input line 743.
\macc@depth=\count276
LaTeX Info: Redefining \bmod on input line 904.
LaTeX Info: Redefining \pmod on input line 909.
LaTeX Info: Redefining \smash on input line 939.
LaTeX Info: Redefining \relbar on input line 969.
LaTeX Info: Redefining \Relbar on input line 970.
\c@MaxMatrixCols=\count277
\dotsspace@=\muskip17
\c@parentequation=\count278
\dspbrk@lvl=\count279
\tag@help=\toks18
\row@=\count280
\column@=\count281
\maxfields@=\count282
\andhelp@=\toks19
\eqnshift@=\dimen146
\alignsep@=\dimen147
\tagshift@=\dimen148
\tagwidth@=\dimen149
\totwidth@=\dimen150
\lineht@=\dimen151
\@envbody=\toks20
\multlinegap=\skip54
\multlinetaggap=\skip55
\mathdisplay@stack=\toks21
LaTeX Info: Redefining \[ on input line 2953.
LaTeX Info: Redefining \] on input line 2954.
) (/opt/homebrew/Cellar/texlive/20250308_1/share/texmf-dist/tex/latex/amsfonts/amssymb.sty
Package: amssymb 2013/01/14 v3.01 AMS font symbols
 (/opt/homebrew/Cellar/texlive/20250308_1/share/texmf-dist/tex/latex/amsfonts/amsfonts.sty
Package: amsfonts 2013/01/14 v3.01 Basic AMSFonts support
\symAMSa=\mathgroup4
\symAMSb=\mathgroup5
LaTeX Font Info:    Redeclaring math symbol \hbar on input line 98.
LaTeX Font Info:    Overwriting math alphabet `\mathfrak' in version `bold'
(Font)                  U/euf/m/n --> U/euf/b/n on input line 106.
)) (/opt/homebrew/Cellar/texlive/20250308_1/share/texmf-dist/tex/latex/tools/longtable.sty
Package: longtable 2024-10-27 v4.22 Multi-page Table package (DPC)
\LTleft=\skip56
\LTright=\skip57
\LTpre=\skip58
\LTpost=\skip59
\LTchunksize=\count283
\LTcapwidth=\dimen152
\LT@head=\box54
\LT@firsthead=\box55
\LT@foot=\box56
\LT@lastfoot=\box57
\LT@gbox=\box58
\LT@cols=\count284
\LT@rows=\count285
\c@LT@tables=\count286
\c@LT@chunks=\count287
\LT@p@ftn=\toks22
) (/opt/homebrew/Cellar/texlive/20250308_1/share/texmf-dist/tex/latex/appendix/appendix.sty
Package: appendix 2020/02/08 v1.2c extra appendix facilities
\c@@pps=\count288
\c@@ppsavesec=\count289
\c@@ppsaveapp=\count290
) (/opt/homebrew/Cellar/texlive/20250308_1/share/texmf-dist/tex/latex/graphics/graphicx.sty
Package: graphicx 2021/09/16 v1.2d Enhanced LaTeX Graphics (DPC,SPQR)
 (/opt/homebrew/Cellar/texlive/20250308_1/share/texmf-dist/tex/latex/graphics/keyval.sty
Package: keyval 2022/05/29 v1.15 key=value parser (DPC)
\KV@toks@=\toks23
) (/opt/homebrew/Cellar/texlive/20250308_1/share/texmf-dist/tex/latex/graphics/graphics.sty
Package: graphics 2024/08/06 v1.4g Standard LaTeX Graphics (DPC,SPQR)
 (/opt/homebrew/Cellar/texlive/20250308_1/share/texmf-dist/tex/latex/graphics/trig.sty
Package: trig 2023/12/02 v1.11 sin cos tan (DPC)
) (/opt/homebrew/Cellar/texlive/20250308_1/share/texmf-dist/tex/latex/graphics-cfg/graphics.cfg
File: graphics.cfg 2016/06/04 v1.11 sample graphics configuration
)
Package graphics Info: Driver file: pdftex.def on input line 106.
 (/opt/homebrew/Cellar/texlive/20250308_1/share/texmf-dist/tex/latex/graphics-def/pdftex.def
File: pdftex.def 2024/04/13 v1.2c Graphics/color driver for pdftex
))
\Gin@req@height=\dimen153
\Gin@req@width=\dimen154
) (/opt/homebrew/Cellar/texlive/20250308_1/share/texmf-dist/tex/latex/subfigure/subfigure.sty
Package: subfigure 2002/03/15 v2.1.5 subfigure package
\subfigtopskip=\skip60
\subfigcapskip=\skip61
\subfigcaptopadj=\dimen155
\subfigbottomskip=\skip62
\subfigcapmargin=\dimen156
\subfiglabelskip=\skip63
\c@subfigure=\count291
\c@lofdepth=\count292
\c@subtable=\count293
\c@lotdepth=\count294

****************************************
* Local config file subfigure.cfg used *
****************************************
(/opt/homebrew/Cellar/texlive/20250308_1/share/texmf-dist/tex/latex/subfigure/subfigure.cfg)
\subfig@top=\skip64
\subfig@bottom=\skip65
) (/opt/homebrew/Cellar/texlive/20250308_1/share/texmf-dist/tex/latex/multirow/multirow.sty
Package: multirow 2024/11/12 v2.9 Span multiple rows of a table
\multirow@colwidth=\skip66
\multirow@cntb=\count295
\multirow@dima=\skip67
\bigstrutjot=\dimen157
) (/opt/homebrew/Cellar/texlive/20250308_1/share/texmf-dist/tex/latex/url/url.sty
\Urlmuskip=\muskip18
Package: url 2013/09/16  ver 3.4  Verb mode for urls, etc.
) (/opt/homebrew/Cellar/texlive/20250308_1/share/texmf-dist/tex/latex/caption/caption.sty
Package: caption 2023/08/05 v3.6o Customizing captions (AR)
 (/opt/homebrew/Cellar/texlive/20250308_1/share/texmf-dist/tex/latex/caption/caption3.sty
Package: caption3 2023/07/31 v2.4d caption3 kernel (AR)
\caption@tempdima=\dimen158
\captionmargin=\dimen159
\caption@leftmargin=\dimen160
\caption@rightmargin=\dimen161
\caption@width=\dimen162
\caption@indent=\dimen163
\caption@parindent=\dimen164
\caption@hangindent=\dimen165
Package caption Info: Standard document class detected.
)
\c@caption@flags=\count296
\c@continuedfloat=\count297
Package caption Info: longtable package is loaded.
 (/opt/homebrew/Cellar/texlive/20250308_1/share/texmf-dist/tex/latex/caption/ltcaption.sty
Package: ltcaption 2021/01/08 v1.4c longtable captions (AR)
)
Package caption Info: subfigure package is loaded.
) (/opt/homebrew/Cellar/texlive/20250308_1/share/texmf-dist/tex/latex/graphics/rotating.sty
Package: rotating 2016/08/11 v2.16d rotated objects in LaTeX
 (/opt/homebrew/Cellar/texlive/20250308_1/share/texmf-dist/tex/latex/base/ifthen.sty
Package: ifthen 2024/03/16 v1.1e Standard LaTeX ifthen package (DPC)
)
\c@r@tfl@t=\count298
\rotFPtop=\skip68
\rotFPbot=\skip69
\rot@float@box=\box59
\rot@mess@toks=\toks24
) (/opt/homebrew/Cellar/texlive/20250308_1/share/texmf-dist/tex/latex/units/nicefrac.sty
Package: nicefrac 1998/08/04 v0.9b Nice fractions
\L@UnitsRaiseDisplaystyle=\skip70
\L@UnitsRaiseTextstyle=\skip71
\L@UnitsRaiseScriptstyle=\skip72
) (/opt/homebrew/Cellar/texlive/20250308_1/share/texmf-dist/tex/latex/ctable/ctable.sty
Package: ctable 2015/10/17 v1.31 ctable package for flexible typesetting of table and figure floats using key/value directives
 (/opt/homebrew/Cellar/texlive/20250308_1/share/texmf-dist/tex/generic/iftex/ifpdf.sty
Package: ifpdf 2019/10/25 v3.4 ifpdf legacy package. Use iftex instead.
 (/opt/homebrew/Cellar/texlive/20250308_1/share/texmf-dist/tex/generic/iftex/iftex.sty
Package: iftex 2024/12/12 v1.0g TeX engine tests
)) (/opt/homebrew/Cellar/texlive/20250308_1/share/texmf-dist/tex/latex/etoolbox/etoolbox.sty
Package: etoolbox 2025/02/11 v2.5l e-TeX tools for LaTeX (JAW)
\etb@tempcnta=\count299
) (/opt/homebrew/Cellar/texlive/20250308_1/share/texmf-dist/tex/latex/xcolor/xcolor.sty
Package: xcolor 2024/09/29 v3.02 LaTeX color extensions (UK)
 (/opt/homebrew/Cellar/texlive/20250308_1/share/texmf-dist/tex/latex/graphics-cfg/color.cfg
File: color.cfg 2016/01/02 v1.6 sample color configuration
)
Package xcolor Info: Driver file: pdftex.def on input line 274.
 (/opt/homebrew/Cellar/texlive/20250308_1/share/texmf-dist/tex/latex/graphics/mathcolor.ltx)
Package xcolor Info: Model `cmy' substituted by `cmy0' on input line 1349.
Package xcolor Info: Model `hsb' substituted by `rgb' on input line 1353.
Package xcolor Info: Model `RGB' extended on input line 1365.
Package xcolor Info: Model `HTML' substituted by `rgb' on input line 1367.
Package xcolor Info: Model `Hsb' substituted by `hsb' on input line 1368.
Package xcolor Info: Model `tHsb' substituted by `hsb' on input line 1369.
Package xcolor Info: Model `HSB' substituted by `hsb' on input line 1370.
Package xcolor Info: Model `Gray' substituted by `gray' on input line 1371.
Package xcolor Info: Model `wave' substituted by `hsb' on input line 1372.
) (/opt/homebrew/Cellar/texlive/20250308_1/share/texmf-dist/tex/latex/xkeyval/xkeyval.sty
Package: xkeyval 2022/06/16 v2.9 package option processing (HA)
 (/opt/homebrew/Cellar/texlive/20250308_1/share/texmf-dist/tex/generic/xkeyval/xkeyval.tex (/opt/homebrew/Cellar/texlive/20250308_1/share/texmf-dist/tex/generic/xkeyval/xkvutils.tex
\XKV@toks=\toks25
\XKV@tempa@toks=\toks26
)
\XKV@depth=\count300
File: xkeyval.tex 2014/12/03 v2.7a key=value parser (HA)
)) (/opt/homebrew/Cellar/texlive/20250308_1/share/texmf-dist/tex/latex/tools/array.sty
Package: array 2024/10/17 v2.6g Tabular extension package (FMi)
\col@sep=\dimen166
\ar@mcellbox=\box60
\extrarowheight=\dimen167
\NC@list=\toks27
\extratabsurround=\skip73
\backup@length=\skip74
\ar@cellbox=\box61
) (/opt/homebrew/Cellar/texlive/20250308_1/share/texmf-dist/tex/latex/tools/tabularx.sty
Package: tabularx 2023/12/11 v2.12a `tabularx' package (DPC)
\TX@col@width=\dimen168
\TX@old@table=\dimen169
\TX@old@col=\dimen170
\TX@target=\dimen171
\TX@delta=\dimen172
\TX@cols=\count301
\TX@ftn=\toks28
) (/opt/homebrew/Cellar/texlive/20250308_1/share/texmf-dist/tex/latex/booktabs/booktabs.sty
Package: booktabs 2020/01/12 v1.61803398 Publication quality tables
\heavyrulewidth=\dimen173
\lightrulewidth=\dimen174
\cmidrulewidth=\dimen175
\belowrulesep=\dimen176
\belowbottomsep=\dimen177
\aboverulesep=\dimen178
\abovetopsep=\dimen179
\cmidrulesep=\dimen180
\cmidrulekern=\dimen181
\defaultaddspace=\dimen182
\@cmidla=\count302
\@cmidlb=\count303
\@aboverulesep=\dimen183
\@belowrulesep=\dimen184
\@thisruleclass=\count304
\@lastruleclass=\count305
\@thisrulewidth=\dimen185
) (/opt/homebrew/Cellar/texlive/20250308_1/share/texmf-dist/tex/latex/transparent/transparent.sty
Package: transparent 2022-10-27 v1.5 Transparency with color stacks
 (/opt/homebrew/Cellar/texlive/20250308_1/share/texmf-dist/tex/latex/transparent/transparent-nometadata.sty
Package: transparent-nometadata 2022-10-27 v1.5 Transparency via pdfTeX's color stack (HO)
 (/opt/homebrew/Cellar/texlive/20250308_1/share/texmf-dist/tex/latex/auxhook/auxhook.sty
Package: auxhook 2019-12-17 v1.6 Hooks for auxiliary files (HO)
)))
\@CTframesep=\dimen186
\@dfltCTframesep=\dimen187
\@CTframerule=\dimen188
\@dfltCTframerule=\dimen189
\@CTwidth=\dimen190
\@dfltCTwidth=\dimen191
\@CTcaptionskip=\dimen192
\@dfltCTcaptionskip=\dimen193
\@CTmaxwidth=\dimen194
\@dfltCTmaxwidth=\dimen195
\@CTmincapwidth=\dimen196
\@dfltCTmincapwidth=\dimen197
\@CTfooterwidth=\dimen198
\@dfltCTfooterwidth=\dimen199
\@CTw=\dimen256
\@CTfloatwidth=\dimen257
\@CToldsep=\dimen258
\@CToldrule=\dimen259
\CT@t=\box62
\@CTcurftwidth=\dimen260
) (/opt/homebrew/Cellar/texlive/20250308_1/share/texmf-dist/tex/latex/float/float.sty
Package: float 2001/11/08 v1.3d Float enhancements (AL)
\c@float@type=\count306
\float@exts=\toks29
\float@box=\box63
\@float@everytoks=\toks30
\@floatcapt=\box64
) (/opt/homebrew/Cellar/texlive/20250308_1/share/texmf-dist/tex/latex/setspace/setspace.sty
Package: setspace 2022/12/04 v6.7b set line spacing
)
\c@theorem=\count307
\c@conjecture=\count308
\c@lemma=\count309
\c@proposition=\count310
\c@assumption=\count311
\c@aprime=\count312
 (/opt/homebrew/Cellar/texlive/20250308_1/share/texmf-dist/tex/latex/titlesec/titlesec.sty
Package: titlesec 2025/01/04 v2.17 Sectioning titles
\ttl@box=\box65
\beforetitleunit=\skip75
\aftertitleunit=\skip76
\ttl@plus=\dimen261
\ttl@minus=\dimen262
\ttl@toksa=\toks31
\titlewidth=\dimen263
\titlewidthlast=\dimen264
\titlewidthfirst=\dimen265
) (/opt/homebrew/Cellar/texlive/20250308_1/share/texmf-dist/tex/latex/l3backend/l3backend-pdftex.def
File: l3backend-pdftex.def 2024-05-08 L3 backend support: PDF output (pdfTeX)
\l__color_backend_stack_int=\count313
\l__pdf_internal_box=\box66
) (./MacroElasticity_JPE_Rev3_1_I.aux)
\openout1 = `MacroElasticity_JPE_Rev3_1_I.aux'.

LaTeX Font Info:    Checking defaults for OML/cmm/m/it on input line 169.
LaTeX Font Info:    ... okay on input line 169.
LaTeX Font Info:    Checking defaults for OMS/cmsy/m/n on input line 169.
LaTeX Font Info:    ... okay on input line 169.
LaTeX Font Info:    Checking defaults for OT1/cmr/m/n on input line 169.
LaTeX Font Info:    ... okay on input line 169.
LaTeX Font Info:    Checking defaults for T1/cmr/m/n on input line 169.
LaTeX Font Info:    ... okay on input line 169.
LaTeX Font Info:    Checking defaults for TS1/cmr/m/n on input line 169.
LaTeX Font Info:    ... okay on input line 169.
LaTeX Font Info:    Checking defaults for OMX/cmex/m/n on input line 169.
LaTeX Font Info:    ... okay on input line 169.
LaTeX Font Info:    Checking defaults for U/cmr/m/n on input line 169.
LaTeX Font Info:    ... okay on input line 169.
 (/opt/homebrew/Cellar/texlive/20250308_1/share/texmf-dist/tex/context/base/mkii/supp-pdf.mkii
[Loading MPS to PDF converter (version 2006.09.02).]
\scratchcounter=\count314
\scratchdimen=\dimen266
\scratchbox=\box67
\nofMPsegments=\count315
\nofMParguments=\count316
\everyMPshowfont=\toks32
\MPscratchCnt=\count317
\MPscratchDim=\dimen267
\MPnumerator=\count318
\makeMPintoPDFobject=\count319
\everyMPtoPDFconversion=\toks33
) (/opt/homebrew/Cellar/texlive/20250308_1/share/texmf-dist/tex/latex/epstopdf-pkg/epstopdf-base.sty
Package: epstopdf-base 2020-01-24 v2.11 Base part for package epstopdf
Package epstopdf-base Info: Redefining graphics rule for `.eps' on input line 485.
 (/opt/homebrew/Cellar/texlive/20250308_1/share/texmf-dist/tex/latex/latexconfig/epstopdf-sys.cfg
File: epstopdf-sys.cfg 2010/07/13 v1.3 Configuration of (r)epstopdf for TeX Live
))
Package caption Info: Begin \AtBeginDocument code.
Package caption Info: float package is loaded.
Package caption Info: rotating package is loaded.
Package caption Info: End \AtBeginDocument code.
LaTeX Font Info:    Trying to load font information for U+msa on input line 182.
 (/opt/homebrew/Cellar/texlive/20250308_1/share/texmf-dist/tex/latex/amsfonts/umsa.fd
File: umsa.fd 2013/01/14 v3.01 AMS symbols A
)
LaTeX Font Info:    Trying to load font information for U+msb on input line 182.
 (/opt/homebrew/Cellar/texlive/20250308_1/share/texmf-dist/tex/latex/amsfonts/umsb.fd
File: umsb.fd 2013/01/14 v3.01 AMS symbols B
)
Underfull \hbox (badness 10000) in paragraph at lines 189--190

 []



[1

{/opt/homebrew/Cellar/texlive/20250308_1/share/texmf-dist/fonts/map/pdftex/updmap/pdftex.map}{/opt/homebrew/Cellar/texlive/20250308_1/share/texmf-dist/fonts/enc/dvips/cm-super/cm-super-ts1.enc}]

[1]

[2]

[3]

[4]

[5]

[6]

[7]

[8]

[9]

[10]

[11]

[12]

[13]

[14]

[15]

[16]

[17] (../../output/tables/Benefits_on_unemp.tex)
Overfull \hbox (45.15363pt too wide) in paragraph at lines 1--623
 [][] 
 []



[18]

[19]
<../../output/figures/DiffWks.pdf, id=86, 397.485pt x 289.08pt>
File: ../../output/figures/DiffWks.pdf Graphic file (type pdf)
<use ../../output/figures/DiffWks.pdf>
Package pdftex.def Info: ../../output/figures/DiffWks.pdf  used on input line 651.
(pdftex.def)             Requested size: 232.41814pt x 166.6411pt.
<../../output/figures/QDWks.pdf, id=88, 397.485pt x 289.08pt>
File: ../../output/figures/QDWks.pdf Graphic file (type pdf)
<use ../../output/figures/QDWks.pdf>
Package pdftex.def Info: ../../output/figures/QDWks.pdf  used on input line 653.
(pdftex.def)             Requested size: 232.41814pt x 166.6411pt.


[20 <../../output/figures/DiffWks.pdf> <../../output/figures/QDWks.pdf>]

[21] (../../output/tables/Forward_Spec.tex)

[22]

[23]

[24]

[25]

[26]

[27]

[28]

[29] (../../output/tables/Benefits_on_JobCreation.tex)

[30]

[31]

[32]

[33]

[34] (../../output/tables/Benefits_on_Wages.tex)

[35]

[36] (./MacroElasticity_JPE_Rev3_1_I.bbl

[37]
Underfull \hbox (badness 1231) in paragraph at lines 75--79
[]\OT1/cmr/m/n/12 Federal Hous-ing Fi-nance Agency. 2018.  ``House Price In-dex: An-nual County De-vel-
 []



[38]

[39]

[40]

[41]
Underfull \hbox (badness 1635) in paragraph at lines 451--455
\OT1/cmr/m/n/12 URL $\OT1/cmtt/m/n/12 https : / / www . ers . usda . gov / data-[]products / snap-[]policy-[]data-[]sets$\OT1/cmr/m/n/12 .  Dataset.
 []



[42])

[43]

[1]

[2]
<../../output/figures/motight_pooled.pdf, id=180, 397.485pt x 289.08pt>
File: ../../output/figures/motight_pooled.pdf Graphic file (type pdf)
<use ../../output/figures/motight_pooled.pdf>
Package pdftex.def Info: ../../output/figures/motight_pooled.pdf  used on input line 1094.
(pdftex.def)             Requested size: 251.79062pt x 184.00208pt.
<../../output/figures/motight_all.pdf, id=182, 397.485pt x 289.08pt>
File: ../../output/figures/motight_all.pdf Graphic file (type pdf)
<use ../../output/figures/motight_all.pdf>
Package pdftex.def Info: ../../output/figures/motight_all.pdf  used on input line 1101.
(pdftex.def)             Requested size: 397.48402pt x 289.07928pt.


[3]

[4 <../../output/figures/motight_all.pdf> <../../output/figures/motight_pooled.pdf>]
<../../output/figures/motight_border11.pdf, id=196, 397.485pt x 289.08pt>
File: ../../output/figures/motight_border11.pdf Graphic file (type pdf)
<use ../../output/figures/motight_border11.pdf>
Package pdftex.def Info: ../../output/figures/motight_border11.pdf  used on input line 1182.
(pdftex.def)             Requested size: 397.48402pt x 289.07928pt.
<../../output/figures/motight_border46.pdf, id=197, 397.485pt x 289.08pt>
File: ../../output/figures/motight_border46.pdf Graphic file (type pdf)
<use ../../output/figures/motight_border46.pdf>
Package pdftex.def Info: ../../output/figures/motight_border46.pdf  used on input line 1182.
(pdftex.def)             Requested size: 397.48402pt x 289.07928pt.
<../../output/figures/motight_border52.pdf, id=198, 397.485pt x 289.08pt>
File: ../../output/figures/motight_border52.pdf Graphic file (type pdf)
<use ../../output/figures/motight_border52.pdf>
Package pdftex.def Info: ../../output/figures/motight_border52.pdf  used on input line 1182.
(pdftex.def)             Requested size: 397.48402pt x 289.07928pt.
<../../output/figures/motight_border56.pdf, id=199, 397.485pt x 289.08pt>
File: ../../output/figures/motight_border56.pdf Graphic file (type pdf)
<use ../../output/figures/motight_border56.pdf>
Package pdftex.def Info: ../../output/figures/motight_border56.pdf  used on input line 1182.
(pdftex.def)             Requested size: 397.48402pt x 289.07928pt.
<../../output/figures/motight_border59.pdf, id=200, 397.485pt x 289.08pt>
File: ../../output/figures/motight_border59.pdf Graphic file (type pdf)
<use ../../output/figures/motight_border59.pdf>
Package pdftex.def Info: ../../output/figures/motight_border59.pdf  used on input line 1182.
(pdftex.def)             Requested size: 397.48402pt x 289.07928pt.
<../../output/figures/motight_border81.pdf, id=201, 397.485pt x 289.08pt>
File: ../../output/figures/motight_border81.pdf Graphic file (type pdf)
<use ../../output/figures/motight_border81.pdf>
Package pdftex.def Info: ../../output/figures/motight_border81.pdf  used on input line 1182.
(pdftex.def)             Requested size: 397.48402pt x 289.07928pt.
<../../output/figures/motight_border82.pdf, id=202, 397.485pt x 289.08pt>
File: ../../output/figures/motight_border82.pdf Graphic file (type pdf)
<use ../../output/figures/motight_border82.pdf>
Package pdftex.def Info: ../../output/figures/motight_border82.pdf  used on input line 1182.
(pdftex.def)             Requested size: 397.48402pt x 289.07928pt.
<../../output/figures/motight_border83.pdf, id=203, 397.485pt x 289.08pt>
File: ../../output/figures/motight_border83.pdf Graphic file (type pdf)
<use ../../output/figures/motight_border83.pdf>
Package pdftex.def Info: ../../output/figures/motight_border83.pdf  used on input line 1182.
(pdftex.def)             Requested size: 397.48402pt x 289.07928pt.
 (../../output/tables/MO_V_U.tex)

[5 <../../output/figures/motight_border11.pdf> <../../output/figures/motight_border46.pdf> <../../output/figures/motight_border52.pdf> <../../output/figures/motight_border56.pdf> <../../output/figures/motight_border59.pdf> <../../output/figures/motight_border81.pdf> <../../output/figures/motight_border82.pdf> <../../output/figures/motight_border83.pdf>]

[6


]

[7]

[8

]

[9]
<../../output/figures/initial_guess.pdf, id=238, 597.23125pt x 845.1575pt>
File: ../../output/figures/initial_guess.pdf Graphic file (type pdf)
<use ../../output/figures/initial_guess.pdf>
Package pdftex.def Info: ../../output/figures/initial_guess.pdf  used on input line 1326.
(pdftex.def)             Requested size: 418.05902pt x 591.60622pt.
 (../../output/tables/Monte_Carlo_Results.tex)

[10]

[11]

[12 <../../output/figures/initial_guess.pdf>]

[13

] (../../output/tables/Benefits_on_unemp_OLS.tex)
Overfull \hbox (36.30408pt too wide) in paragraph at lines 1--1436
 [][] 
 []



[14]

[15]

[16]

[17]

[18]

[19] (../../output/tables/Model_Calibration.tex)

[20] (../../output/tables/Model_Validation.tex)

[21]

[22] (../../output/tables/Mobility_LODES.tex)

[23]

[24]

[25]

[26]

[27]

[28]

[29]

[30

]

[31]
<../../output/figures/StateUCrop.pdf, id=333, 539.01375pt x 330.23375pt>
File: ../../output/figures/StateUCrop.pdf Graphic file (type pdf)
<use ../../output/figures/StateUCrop.pdf>
Package pdftex.def Info: ../../output/figures/StateUCrop.pdf  used on input line 1846.
(pdftex.def)             Requested size: 387.36848pt x 237.32971pt.


[32 <../../output/figures/StateUCrop.pdf>]

[33] (../../output/tables/LAUS_Imputation.tex)

[34] (../../output/tables/Effect_of_Distance.tex)
Overfull \hbox (11.98648pt too wide) in paragraph at lines 1--1898
 [][] 
 []



[35

] (../../output/tables/Benefits_on_unemp_beg.tex)
Overfull \hbox (36.30408pt too wide) in paragraph at lines 1--1930
 [][] 
 []

(../../output/tables/macroeffects_beg.tex)

[36] (../../output/tables/Benefits_on_unemp_SNAP_Mortgage.tex)

[37] (../../output/tables/Benefits_on_unemp_stimulus_taxes.tex)

[38]

[39] (../../output/tables/Benefits_on_unemp_other_policies.tex)

[40]

[41] (../../output/tables/app_Benefits_on_Wages.tex)

[42]

[43]

[44]

[45]

[46]

[47]

[48]

[49]
Underfull \hbox (badness 10000) in paragraph at lines 2281--2282

 []



[50]

[51]

[52]

[53]

[54]

[55]

[56]
<../../output/figures/countymap2.png, id=427, 725.328pt x 456.615pt>
File: ../../output/figures/countymap2.png Graphic file (type png)
<use ../../output/figures/countymap2.png>
Package pdftex.def Info: ../../output/figures/countymap2.png  used on input line 2409.
(pdftex.def)             Requested size: 725.32623pt x 456.61389pt.


[57

 <../../output/figures/countymap2.png>]
<../../output/figures/AllMaps42.jpg, id=433, 499.02435pt x 314.3745pt>
File: ../../output/figures/AllMaps42.jpg Graphic file (type jpg)
<use ../../output/figures/AllMaps42.jpg>
Package pdftex.def Info: ../../output/figures/AllMaps42.jpg  used on input line 2499.
(pdftex.def)             Requested size: 499.02313pt x 314.37372pt.
<../../output/figures/AllMaps48.jpg, id=434, 499.02435pt x 314.3745pt>
File: ../../output/figures/AllMaps48.jpg Graphic file (type jpg)
<use ../../output/figures/AllMaps48.jpg>
Package pdftex.def Info: ../../output/figures/AllMaps48.jpg  used on input line 2499.
(pdftex.def)             Requested size: 499.02313pt x 314.37372pt.
<../../output/figures/AllMaps54.jpg, id=435, 499.02435pt x 314.3745pt>
File: ../../output/figures/AllMaps54.jpg Graphic file (type jpg)
<use ../../output/figures/AllMaps54.jpg>
Package pdftex.def Info: ../../output/figures/AllMaps54.jpg  used on input line 2499.
(pdftex.def)             Requested size: 499.02313pt x 314.37372pt.
<../../output/figures/AllMaps60.jpg, id=436, 499.02435pt x 314.3745pt>
File: ../../output/figures/AllMaps60.jpg Graphic file (type jpg)
<use ../../output/figures/AllMaps60.jpg>
Package pdftex.def Info: ../../output/figures/AllMaps60.jpg  used on input line 2499.
(pdftex.def)             Requested size: 499.02313pt x 314.37372pt.
<../../output/figures/AllMaps66.jpg, id=437, 499.02435pt x 314.3745pt>
File: ../../output/figures/AllMaps66.jpg Graphic file (type jpg)
<use ../../output/figures/AllMaps66.jpg>
Package pdftex.def Info: ../../output/figures/AllMaps66.jpg  used on input line 2499.
(pdftex.def)             Requested size: 499.02313pt x 314.37372pt.
<../../output/figures/AllMaps72.jpg, id=438, 499.02435pt x 314.3745pt>
File: ../../output/figures/AllMaps72.jpg Graphic file (type jpg)
<use ../../output/figures/AllMaps72.jpg>
Package pdftex.def Info: ../../output/figures/AllMaps72.jpg  used on input line 2499.
(pdftex.def)             Requested size: 499.02313pt x 314.37372pt.
<../../output/figures/AllMaps78.jpg, id=439, 499.02435pt x 314.3745pt>
File: ../../output/figures/AllMaps78.jpg Graphic file (type jpg)
<use ../../output/figures/AllMaps78.jpg>
Package pdftex.def Info: ../../output/figures/AllMaps78.jpg  used on input line 2499.
(pdftex.def)             Requested size: 499.02313pt x 314.37372pt.
<../../output/figures/AllMaps84.jpg, id=440, 499.02435pt x 314.3745pt>
File: ../../output/figures/AllMaps84.jpg Graphic file (type jpg)
<use ../../output/figures/AllMaps84.jpg>
Package pdftex.def Info: ../../output/figures/AllMaps84.jpg  used on input line 2499.
(pdftex.def)             Requested size: 499.02313pt x 314.37372pt.
<../../output/figures/AllMaps90.jpg, id=441, 499.02435pt x 314.3745pt>
File: ../../output/figures/AllMaps90.jpg Graphic file (type jpg)
<use ../../output/figures/AllMaps90.jpg>
Package pdftex.def Info: ../../output/figures/AllMaps90.jpg  used on input line 2499.
(pdftex.def)             Requested size: 499.02313pt x 314.37372pt.
<../../output/figures/AllMaps96.jpg, id=442, 499.02435pt x 314.3745pt>
File: ../../output/figures/AllMaps96.jpg Graphic file (type jpg)
<use ../../output/figures/AllMaps96.jpg>
Package pdftex.def Info: ../../output/figures/AllMaps96.jpg  used on input line 2499.
(pdftex.def)             Requested size: 499.02313pt x 314.37372pt.


LaTeX Warning: Float too large for page by 13.5747pt on input line 2500.



[58 <../../output/figures/AllMaps42.jpg> <../../output/figures/AllMaps48.jpg> <../../output/figures/AllMaps54.jpg> <../../output/figures/AllMaps60.jpg> <../../output/figures/AllMaps66.jpg> <../../output/figures/AllMaps72.jpg> <../../output/figures/AllMaps78.jpg> <../../output/figures/AllMaps84.jpg> <../../output/figures/AllMaps90.jpg> <../../output/figures/AllMaps96.jpg>] (./MacroElasticity_JPE_Rev3_1_I.aux)
 ***********
LaTeX2e <2024-11-01> patch level 2
L3 programming layer <2025-01-18>
 ***********
 ) 
Here is how much of TeX's memory you used:
 8105 strings out of 473190
 141916 string characters out of 5704335
 542814 words of memory out of 5000000
 31168 multiletter control sequences out of 15000+600000
 575123 words of font info for 97 fonts, out of 8000000 for 9000
 1141 hyphenation exceptions out of 8191
 74i,15n,81p,2245b,713s stack positions out of 10000i,1000n,20000p,200000b,200000s
</opt/homebrew/Cellar/texlive/20250308_1/share/texmf-dist/fonts/type1/public/amsfonts/cm/cmbx10.pfb></opt/homebrew/Cellar/texlive/20250308_1/share/texmf-dist/fonts/type1/public/amsfonts/cm/cmbx12.pfb></opt/homebrew/Cellar/texlive/20250308_1/share/texmf-dist/fonts/type1/public/amsfonts/cm/cmbxti10.pfb></opt/homebrew/Cellar/texlive/20250308_1/share/texmf-dist/fonts/type1/public/amsfonts/cm/cmex10.pfb></opt/homebrew/Cellar/texlive/20250308_1/share/texmf-dist/fonts/type1/public/amsfonts/cmextra/cmex8.pfb></opt/homebrew/Cellar/texlive/20250308_1/share/texmf-dist/fonts/type1/public/amsfonts/cm/cmmi10.pfb></opt/homebrew/Cellar/texlive/20250308_1/share/texmf-dist/fonts/type1/public/amsfonts/cm/cmmi12.pfb></opt/homebrew/Cellar/texlive/20250308_1/share/texmf-dist/fonts/type1/public/amsfonts/cm/cmmi5.pfb></opt/homebrew/Cellar/texlive/20250308_1/share/texmf-dist/fonts/type1/public/amsfonts/cm/cmmi6.pfb></opt/homebrew/Cellar/texlive/20250308_1/share/texmf-dist/fonts/type1/public/amsfonts/cm/cmmi7.pfb></opt/homebrew/Cellar/texlive/20250308_1/share/texmf-dist/fonts/type1/public/amsfonts/cm/cmmi8.pfb></opt/homebrew/Cellar/texlive/20250308_1/share/texmf-dist/fonts/type1/public/amsfonts/cm/cmr10.pfb></opt/homebrew/Cellar/texlive/20250308_1/share/texmf-dist/fonts/type1/public/amsfonts/cm/cmr12.pfb></opt/homebrew/Cellar/texlive/20250308_1/share/texmf-dist/fonts/type1/public/amsfonts/cm/cmr17.pfb></opt/homebrew/Cellar/texlive/20250308_1/share/texmf-dist/fonts/type1/public/amsfonts/cm/cmr5.pfb></opt/homebrew/Cellar/texlive/20250308_1/share/texmf-dist/fonts/type1/public/amsfonts/cm/cmr6.pfb></opt/homebrew/Cellar/texlive/20250308_1/share/texmf-dist/fonts/type1/public/amsfonts/cm/cmr7.pfb></opt/homebrew/Cellar/texlive/20250308_1/share/texmf-dist/fonts/type1/public/amsfonts/cm/cmr8.pfb></opt/homebrew/Cellar/texlive/20250308_1/share/texmf-dist/fonts/type1/public/amsfonts/cm/cmsy10.pfb></opt/homebrew/Cellar/texlive/20250308_1/share/texmf-dist/fonts/type1/public/amsfonts/cm/cmsy6.pfb></opt/homebrew/Cellar/texlive/20250308_1/share/texmf-dist/fonts/type1/public/amsfonts/cm/cmsy7.pfb></opt/homebrew/Cellar/texlive/20250308_1/share/texmf-dist/fonts/type1/public/amsfonts/cm/cmsy8.pfb></opt/homebrew/Cellar/texlive/20250308_1/share/texmf-dist/fonts/type1/public/amsfonts/cm/cmti12.pfb></opt/homebrew/Cellar/texlive/20250308_1/share/texmf-dist/fonts/type1/public/amsfonts/cm/cmtt12.pfb></opt/homebrew/Cellar/texlive/20250308_1/share/texmf-dist/fonts/type1/public/amsfonts/symbols/msbm10.pfb></opt/homebrew/Cellar/texlive/20250308_1/share/texmf-dist/fonts/type1/public/cm-super/sfrm0700.pfb></opt/homebrew/Cellar/texlive/20250308_1/share/texmf-dist/fonts/type1/public/cm-super/sfrm1000.pfb></opt/homebrew/Cellar/texlive/20250308_1/share/texmf-dist/fonts/type1/public/cm-super/sfrm1200.pfb></opt/homebrew/Cellar/texlive/20250308_1/share/texmf-dist/fonts/type1/public/cm-super/sfrm1440.pfb>
Output written on MacroElasticity_JPE_Rev3_1_I.pdf (102 pages, 2815043 bytes).
PDF statistics:
 570 PDF objects out of 1000 (max. 8388607)
 366 compressed objects within 4 object streams
 0 named destinations out of 1000 (max. 500000)
 144 words of extra memory for PDF output out of 10000 (max. 10000000)

